<html>
<body>
<pre>
<h1>礦ision Build Log</h1>
<h2>Tool Versions:</h2>
IDE-Version: μVision V5.15
Copyright (C) 2015 ARM Ltd and ARM Germany GmbH. All rights reserved.
License Information: key key, key, LIC=UJWDY-IWJ0P-ZW22V-PZWJI-Z3PTT-EMM3X
 
Tool Versions:
Toolchain:       MDK-ARM Standard  Version: 5.15.0
Toolchain Path:  F:\electricity\MCU\STM32\mdk515\ARM\ARMCC\Bin
C Compiler:      Armcc.exe V5.05 update 2 (build 169)
Assembler:       Armasm.exe V5.05 update 2 (build 169)
Linker/Locator:  ArmLink.exe V5.05 update 2 (build 169)
Library Manager: ArmAr.exe V5.05 update 2 (build 169)
Hex Converter:   FromElf.exe V5.05 update 2 (build 169)
CPU DLL:         SARMCM3.DLL V5.15.0
Dialog DLL:      DCM.DLL V1.13.2.0
Target DLL:      Segger\JL2CM3.dll V2.99.15.0
Dialog DLL:      TCM.DLL V1.14.5.0
 
<h2>Project:</h2>
F:\electricity\光电设计大赛\camera\Project\camera_ov7670.uvprojx
Project File Date:  07/17/2016

<h2>Output:</h2>
*** Using Compiler 'V5.05 update 2 (build 169)', folder: 'F:\electricity\MCU\STM32\mdk515\ARM\ARMCC\Bin'
Build target 'SY-STM32F407 V2.0'
compiling dgp.c...
..\User\dgp.c(116): warning:  #1035-D: single-precision operand implicitly converted to double-precision
                                h_tmp=(float)((G-B)/(R-G))*
I_3_40;
..\User\dgp.c(119): warning:  #1035-D: single-precision operand implicitly converted to double-precision
                                h_tmp=(float)((G-B)/(R-B))*
I_3_40;
..\User\dgp.c(122): warning:  #1035-D: single-precision operand implicitly converted to double-precision
                                h_tmp=(float)((B-R)/(G-B)+2)*
I_3_40;
..\User\dgp.c(125): warning:  #1035-D: single-precision operand implicitly converted to double-precision
                                h_tmp=(float)((B-R)/(G-R)+2)*
I_3_40;
..\User\dgp.c(128): warning:  #1035-D: single-precision operand implicitly converted to double-precision
                                h_tmp=(float)((R-G)/(B-G)+4)*
I_3_40;
..\User\dgp.c(131): warning:  #1035-D: single-precision operand implicitly converted to double-precision
                                h_tmp=(float)((R-G)/(B-R)+4)*
I_3_40;
..\User\dgp.c(158): warning:  #1035-D: single-precision operand implicitly converted to double-precision
                                h_tmp=(float)((G-B)/(R-G))*
I_3_40;
..\User\dgp.c(161): warning:  #1035-D: single-precision operand implicitly converted to double-precision
                                h_tmp=(float)((G-B)/(R-B))*
I_3_40;
..\User\dgp.c(164): warning:  #1035-D: single-precision operand implicitly converted to double-precision
                                h_tmp=(float)((B-R)/(G-B)+2)*
I_3_40;
..\User\dgp.c(167): warning:  #1035-D: single-precision operand implicitly converted to double-precision
                                h_tmp=(float)((B-R)/(G-R)+2)*
I_3_40;
..\User\dgp.c(170): warning:  #1035-D: single-precision operand implicitly converted to double-precision
                                h_tmp=(float)((R-G)/(B-G)+4)*
I_3_40;
..\User\dgp.c(173): warning:  #1035-D: single-precision operand implicitly converted to double-precision
                                h_tmp=(float)((R-G)/(B-R)+4)*
I_3_40;
..\User\dgp.c(147): warning:  #177-D: variable "count_y" was declared but never referenced
        u16 i,j,count_x=0,count_y=0;
..\User\dgp.c(255): warning:  #1035-D: single-precision operand implicitly converted to double-precision
                                h_tmp=(float)((G-B)/(R-G))*
I_3_40;
..\User\dgp.c(258): warning:  #1035-D: single-precision operand implicitly converted to double-precision
                                h_tmp=(float)((G-B)/(R-B))*
I_3_40;
..\User\dgp.c(261): warning:  #1035-D: single-precision operand implicitly converted to double-precision
                                h_tmp=(float)((B-R)/(G-R)+2)*
I_3_40;
..\User\dgp.c(264): warning:  #1035-D: single-precision operand implicitly converted to double-precision
                                h_tmp=(float)((B-R)/(G-B)+2)*
I_3_40;
..\User\dgp.c: 17 warnings, 0 errors
linking...
Program Size: Code=21336 RO-data=1160 RW-data=448 ZI-data=59336  
FromELF: creating hex file...
"..\Output\camera_ov7670.axf" - 0 Error(s), 17 Warning(s).

<h2>Software Packages used:</h2>

Package Vendor: ARM
                http://www.keil.com/pack/ARM.CMSIS.4.3.0.pack
                ARM::CMSIS:CORE:4.1.0
                CMSIS (Cortex Microcontroller Software Interface Standard)
   * Component: CORE Version: 4.1.0

<h2>Collection of Component include folders:</h2>
  F:\electricity\光电设计大赛\camera\Project\RTE
  F:\electricity\MCU\STM32\mdk515\ARM\PACK\ARM\CMSIS\4.3.0\CMSIS\Include
  F:\electricity\MCU\STM32\mdk515\ARM\PACK\Keil\STM32F4xx_DFP\2.5.0\Drivers\CMSIS\Device\ST\STM32F4xx\Include

<h2>Collection of Component Files used:</h2>

   * Component: ARM::CMSIS:CORE:4.1.0
</pre>
</body>
</html>
