<html>
<body>
<pre>
<h1>礦ision Build Log</h1>
<h2>Tool Versions:</h2>
IDE-Version: μVision V5.15
Copyright (C) 2015 ARM Ltd and ARM Germany GmbH. All rights reserved.
License Information: key key, key, LIC=UJWDY-IWJ0P-ZW22V-PZWJI-Z3PTT-EMM3X
 
Tool Versions:
Toolchain:       MDK-ARM Standard  Version: 5.15.0
Toolchain Path:  F:\electricity\MCU\STM32\mdk515\ARM\ARMCC\Bin
C Compiler:      Armcc.exe V5.05 update 2 (build 169)
Assembler:       Armasm.exe V5.05 update 2 (build 169)
Linker/Locator:  ArmLink.exe V5.05 update 2 (build 169)
Library Manager: ArmAr.exe V5.05 update 2 (build 169)
Hex Converter:   FromElf.exe V5.05 update 2 (build 169)
CPU DLL:         SARMCM3.DLL V5.15.0
Dialog DLL:      DCM.DLL V1.13.2.0
Target DLL:      Segger\JL2CM3.dll V2.99.15.0
Dialog DLL:      TCM.DLL V1.14.5.0
 
<h2>Project:</h2>
F:\electricity\光电设计大赛\camera\Project\camera_ov7670.uvprojx
Project File Date:  07/12/2016

<h2>Output:</h2>
*** Using Compiler 'V5.05 update 2 (build 169)', folder: 'F:\electricity\MCU\STM32\mdk515\ARM\ARMCC\Bin'
Build target 'SY-STM32F407 V2.0'
compiling main.c...
..\Hardware\ov7670\ov7670.h(21): warning:  #1295-D: Deprecated declaration Cam_Init - give arg types
  void Cam_Init();
..\User\main.c: 1 warning, 0 errors
compiling stm32f4xx_it.c...
compiling ctrl.c...
compiling data_transfer.c...
..\User\data_transfer.h(5): warning:  #1-D: last line of file ends without a newline
  #endif
..\User\data_transfer.c: 1 warning, 0 errors
compiling init.c...
..\User\init.c(13): warning:  #223-D: function "SysTick_Init" declared implicitly
    SysTick_Init();
..\User\init.c(21): warning:  #223-D: function "TIM3_Int_Init" declared implicitly
        TIM3_Int_Init(10000-1,8400-1);//10Khz????,1?????卸?一??
..\User\init.c(25): warning:  #223-D: function "OV7670_Init" declared implicitly
        if(OV7670_Init())
..\User\init.c(30): warning:  #223-D: function "delay_ms" declared implicitly
                        delay_ms(300);
..\User\init.c(37): warning:  #223-D: function "delay_ms" declared implicitly
        delay_ms(1000);
..\User\init.c(39): warning:  #223-D: function "DCMI_Start" declared implicitly
        DCMI_Start();
..\User\init.c: 6 warnings, 0 errors
compiling dgp.c...
..\Hardware\ov7670\ov7670.h(21): warning:  #1295-D: Deprecated declaration Cam_Init - give arg types
  void Cam_Init();
..\User\dgp.c: 1 warning, 0 errors
compiling mymath.c...
compiling delay.c...
compiling led.c...
compiling usart.c...
..\Hardware\usart\usart.c(189): warning:  #550-D: variable "com_data" was set but never used
        u8 com_data;
..\Hardware\usart\usart.c: 1 warning, 0 errors
compiling ov7670.c...
..\Hardware\ov7670\ov7670.h(21): warning:  #1295-D: Deprecated declaration Cam_Init - give arg types
  void Cam_Init();
..\Hardware\ov7670\ov7670.c(142): warning:  #550-D: variable "id" was set but never used
        u8 i,id;
..\Hardware\ov7670\ov7670.c(191): warning:  #550-D: variable "state" was set but never used
        u8 state,temp;
..\Hardware\ov7670\ov7670.c: 3 warnings, 0 errors
compiling pwm_out.c...
compiling timer.c...
compiling misc.c...
compiling stm32f4xx_exti.c...
compiling stm32f4xx_fsmc.c...
compiling stm32f4xx_gpio.c...
compiling stm32f4xx_usart.c...
compiling stm32f4xx_rcc.c...
compiling stm32f4xx_spi.c...
compiling stm32f4xx_tim.c...
compiling stm32f4xx_dma.c...
compiling stm32f4xx_dcmi.c...
compiling stm32f4xx_syscfg.c...
compiling system_stm32f4xx.c...
compiling sys.c...
compiling usmart.c...
compiling usmart_config.c...
..\Hardware\ov7670\ov7670.h(21): warning:  #1295-D: Deprecated declaration Cam_Init - give arg types
  void Cam_Init();
..\usmart\usmart_config.c(47): warning:  #1-D: last line of file ends without a newline
  };   
..\usmart\usmart_config.c: 2 warnings, 0 errors
compiling usmart_str.c...
linking...
Program Size: Code=13592 RO-data=1356 RW-data=408 ZI-data=40136  
FromELF: creating hex file...
"..\Output\camera_ov7670.axf" - 0 Error(s), 15 Warning(s).

<h2>Software Packages used:</h2>

Package Vendor: ARM
                http://www.keil.com/pack/ARM.CMSIS.4.3.0.pack
                ARM::CMSIS:CORE:4.1.0
                CMSIS (Cortex Microcontroller Software Interface Standard)
   * Component: CORE Version: 4.1.0

<h2>Collection of Component include folders:</h2>
  F:\electricity\光电设计大赛\camera\Project\RTE
  F:\electricity\MCU\STM32\mdk515\ARM\PACK\ARM\CMSIS\4.3.0\CMSIS\Include
  F:\electricity\MCU\STM32\mdk515\ARM\PACK\Keil\STM32F4xx_DFP\2.5.0\Drivers\CMSIS\Device\ST\STM32F4xx\Include

<h2>Collection of Component Files used:</h2>

   * Component: ARM::CMSIS:CORE:4.1.0
</pre>
</body>
</html>
