<html>
<body>
<pre>
<h1>礦ision Build Log</h1>
<h2>Tool Versions:</h2>
IDE-Version: μVision V5.15
Copyright (C) 2015 ARM Ltd and ARM Germany GmbH. All rights reserved.
License Information: key key, key, LIC=UJWDY-IWJ0P-ZW22V-PZWJI-Z3PTT-EMM3X
 
Tool Versions:
Toolchain:       MDK-ARM Standard  Version: 5.15.0
Toolchain Path:  F:\electricity\MCU\STM32\mdk515\ARM\ARMCC\Bin
C Compiler:      Armcc.exe V5.05 update 2 (build 169)
Assembler:       Armasm.exe V5.05 update 2 (build 169)
Linker/Locator:  ArmLink.exe V5.05 update 2 (build 169)
Library Manager: ArmAr.exe V5.05 update 2 (build 169)
Hex Converter:   FromElf.exe V5.05 update 2 (build 169)
CPU DLL:         SARMCM3.DLL V5.15.0
Dialog DLL:      DCM.DLL V1.13.2.0
Target DLL:      Segger\JL2CM3.dll V2.99.15.0
Dialog DLL:      TCM.DLL V1.14.5.0
 
<h2>Project:</h2>
F:\electricity\光电设计大赛\camera\Project\Project.uvprojx
Project File Date:  07/07/2016

<h2>Output:</h2>
*** Using Compiler 'V5.05 update 2 (build 169)', folder: 'F:\electricity\MCU\STM32\mdk515\ARM\ARMCC\Bin'
Build target 'SY-STM32F407 V2.0'
compiling main.c...
..\User\init.h(8): warning:  #1-D: last line of file ends without a newline
  #endif
..\User\include.h(31): warning:  #1-D: last line of file ends without a newline
  #endif
..\Hardware\ov7670\ov7670.h(21): warning:  #1295-D: Deprecated declaration Cam_Init - give arg types
  void Cam_Init();
..\User\ctrl.h(16): warning:  #1-D: last line of file ends without a newline
  #endif 
..\User\main.c(23): warning:  #177-D: variable "i" was declared but never referenced
        int i;
..\User\main.c(24): warning:  #177-D: variable "CH" was declared but never referenced
        int16_t CH[CH_NUM]={0};
..\User\main.c: 6 warnings, 0 errors
compiling ov7670.c...
..\User\include.h(31): warning:  #1-D: last line of file ends without a newline
  #endif
..\Hardware\ov7670\ov7670.h(21): warning:  #1295-D: Deprecated declaration Cam_Init - give arg types
  void Cam_Init();
..\Hardware\ov7670\ov7670.c(112): warning:  #550-D: variable "id" was set but never used
        u8 i,id;
..\Hardware\ov7670\ov7670.c: 3 warnings, 0 errors
linking...
Program Size: Code=6120 RO-data=1424 RW-data=48 ZI-data=77824  
FromELF: creating hex file...
"..\Output\Project.axf" - 0 Error(s), 9 Warning(s).

<h2>Software Packages used:</h2>

Package Vendor: ARM
                http://www.keil.com/pack/ARM.CMSIS.4.3.0.pack
                ARM::CMSIS:CORE:4.1.0
                CMSIS (Cortex Microcontroller Software Interface Standard)
   * Component: CORE Version: 4.1.0

<h2>Collection of Component include folders:</h2>
  F:\electricity\光电设计大赛\camera\Project\RTE
  F:\electricity\MCU\STM32\mdk515\ARM\PACK\ARM\CMSIS\4.3.0\CMSIS\Include
  F:\electricity\MCU\STM32\mdk515\ARM\PACK\Keil\STM32F4xx_DFP\2.5.0\Drivers\CMSIS\Device\ST\STM32F4xx\Include

<h2>Collection of Component Files used:</h2>

   * Component: ARM::CMSIS:CORE:4.1.0
</pre>
</body>
</html>
