Component: ARM Compiler 5.05 update 2 (build 169) Tool: armlink [4d0f33]

==============================================================================

Section Cross References

    main.o(i.main) refers to init.o(i.All_Init) for All_Init
    main.o(i.main) refers to delay.o(i.delay_ms) for delay_ms
    main.o(i.main) refers to ctrl.o(i.ctrl_pwm) for ctrl_pwm
    main.o(i.main) refers to test.o(i.matlab_test) for matlab_test
    main.o(i.main) refers to test.o(i.R_test) for R_test
    main.o(i.main) refers to test.o(i.G_test) for G_test
    main.o(i.main) refers to test.o(i.B_test) for B_test
    main.o(i.main) refers to test.o(i.H_test) for H_test
    main.o(i.main) refers to test.o(i.Y_test) for Y_test
    main.o(i.main) refers to stm32f4xx_gpio.o(i.GPIO_SetBits) for GPIO_SetBits
    main.o(i.main) refers to main.o(.data) for Init_Finish
    main.o(i.main) refers to ctrl.o(.data) for CH
    main.o(i.main) refers to dgp.o(.data) for jpeg_data_ok
    main.o(i.main) refers to test.o(.data) for mode
    main.o(i.main) refers to ov7670.o(.bss) for im
    stm32f4xx_it.o(i.SysTick_Handler) refers to delay.o(i.TimeTick_Decrement) for TimeTick_Decrement
    ctrl.o(i.ctrl_pwm) refers to pwm_out.o(i.SetPwm_1) for SetPwm_1
    ctrl.o(i.ctrl_pwm) refers to ctrl.o(.data) for pwm
    ctrl.o(i.pid_set) refers to ctrl.o(.bss) for pid_camera
    init.o(i.All_Init) refers to misc.o(i.NVIC_PriorityGroupConfig) for NVIC_PriorityGroupConfig
    init.o(i.All_Init) refers to system_stm32f4xx.o(i.SystemInit) for SystemInit
    init.o(i.All_Init) refers to led.o(i.LED_GPIO_Conf) for LED_GPIO_Conf
    init.o(i.All_Init) refers to delay.o(i.SysTick_Init) for SysTick_Init
    init.o(i.All_Init) refers to usart.o(i.Usart2_Init) for Usart2_Init
    init.o(i.All_Init) refers to pwm_out.o(i.PWM_Out_Init) for PWM_Out_Init
    init.o(i.All_Init) refers to usart.o(i.uart_init) for uart_init
    init.o(i.All_Init) refers to timer.o(i.TIM3_Int_Init) for TIM3_Int_Init
    init.o(i.All_Init) refers to ov7670.o(i.OV7670_Init) for OV7670_Init
    init.o(i.All_Init) refers to led.o(i.ov7670_error) for ov7670_error
    init.o(i.All_Init) refers to delay.o(i.delay_ms) for delay_ms
    init.o(i.All_Init) refers to ov7670.o(i.DCMI_Start) for DCMI_Start
    init.o(i.All_Init) refers to usmart_config.o(.data) for usmart_dev
    dgp.o(i.DCMI_IRQHandler) refers to stm32f4xx_dcmi.o(i.DCMI_GetITStatus) for DCMI_GetITStatus
    dgp.o(i.DCMI_IRQHandler) refers to dgp.o(i.jpeg_data_process) for jpeg_data_process
    dgp.o(i.DCMI_IRQHandler) refers to stm32f4xx_dcmi.o(i.DCMI_ClearITPendingBit) for DCMI_ClearITPendingBit
    dgp.o(i.DCMI_IRQHandler) refers to dgp.o(.data) for ov_frame
    dgp.o(i.getH) refers to dflti.o(.text) for __aeabi_i2d
    dgp.o(i.getH) refers to dmul.o(.text) for __aeabi_dmul
    dgp.o(i.getH) refers to d2f.o(.text) for __aeabi_d2f
    dgp.o(i.getH) refers to f2d.o(.text) for __aeabi_f2d
    dgp.o(i.getH) refers to dadd.o(.text) for __aeabi_dadd
    dgp.o(i.getH) refers to dfixui.o(.text) for __aeabi_d2uiz
    dgp.o(i.getH_op1) refers to dflti.o(.text) for __aeabi_i2d
    dgp.o(i.getH_op1) refers to dmul.o(.text) for __aeabi_dmul
    dgp.o(i.getH_op1) refers to d2f.o(.text) for __aeabi_d2f
    dgp.o(i.getY) refers to dfltui.o(.text) for __aeabi_ui2d
    dgp.o(i.getY) refers to dmul.o(.text) for __aeabi_dmul
    dgp.o(i.getY) refers to dadd.o(.text) for __aeabi_dadd
    dgp.o(i.getY) refers to d2f.o(.text) for __aeabi_d2f
    dgp.o(i.jpeg_data_process) refers to stm32f4xx_dma.o(i.DMA_Cmd) for DMA_Cmd
    dgp.o(i.jpeg_data_process) refers to stm32f4xx_dma.o(i.DMA_GetCmdStatus) for DMA_GetCmdStatus
    dgp.o(i.jpeg_data_process) refers to stm32f4xx_dma.o(i.DMA_GetCurrDataCounter) for DMA_GetCurrDataCounter
    dgp.o(i.jpeg_data_process) refers to stm32f4xx_dma.o(i.DMA_SetCurrDataCounter) for DMA_SetCurrDataCounter
    dgp.o(i.jpeg_data_process) refers to dgp.o(.data) for jpeg_data_ok
    mymath.o(i.fast_atan2) refers to mymath.o(i.my_abs) for my_abs
    mymath.o(i.fast_atan2) refers to mymath.o(.data) for fast_atan_table
    mymath.o(i.mx_sin) refers to cdcmple.o(.text) for __aeabi_cdcmple
    mymath.o(i.mx_sin) refers to dmul.o(.text) for __aeabi_dmul
    mymath.o(i.mx_sin) refers to dadd.o(.text) for __aeabi_dadd
    mymath.o(i.my_atan) refers to mymath.o(i.fast_atan2) for fast_atan2
    mymath.o(i.my_cos) refers to dadd.o(.text) for __aeabi_dadd
    mymath.o(i.my_cos) refers to cdrcmple.o(.text) for __aeabi_cdrcmple
    mymath.o(i.my_cos) refers to dflti.o(.text) for __aeabi_i2d
    mymath.o(i.my_cos) refers to mymath.o(i.my_sin) for my_sin
    mymath.o(i.my_cos) refers to dmul.o(.text) for __aeabi_dmul
    mymath.o(i.my_cos) refers to d2f.o(.text) for __aeabi_d2f
    mymath.o(i.my_sin) refers to cdrcmple.o(.text) for __aeabi_cdrcmple
    mymath.o(i.my_sin) refers to dadd.o(.text) for __aeabi_dsub
    mymath.o(i.my_sin) refers to dflti.o(.text) for __aeabi_i2d
    mymath.o(i.my_sin) refers to mymath.o(i.mx_sin) for mx_sin
[...]
    Removing stm32f4xx_tim.o(i.TIM_OC1NPolarityConfig), (18 bytes).
    Removing stm32f4xx_tim.o(i.TIM_OC1PolarityConfig), (18 bytes).
    Removing stm32f4xx_tim.o(i.TIM_OC1PreloadConfig), (18 bytes).
    Removing stm32f4xx_tim.o(i.TIM_OC2FastConfig), (26 bytes).
    Removing stm32f4xx_tim.o(i.TIM_OC2NPolarityConfig), (26 bytes).
    Removing stm32f4xx_tim.o(i.TIM_OC2PolarityConfig), (26 bytes).
    Removing stm32f4xx_tim.o(i.TIM_OC2PreloadConfig), (26 bytes).
    Removing stm32f4xx_tim.o(i.TIM_OC3FastConfig), (18 bytes).
    Removing stm32f4xx_tim.o(i.TIM_OC3NPolarityConfig), (26 bytes).
    Removing stm32f4xx_tim.o(i.TIM_OC3PolarityConfig), (26 bytes).
    Removing stm32f4xx_tim.o(i.TIM_OC4FastConfig), (26 bytes).
    Removing stm32f4xx_tim.o(i.TIM_OC4PolarityConfig), (26 bytes).
    Removing stm32f4xx_tim.o(i.TIM_PWMIConfig), (124 bytes).
    Removing stm32f4xx_tim.o(i.TIM_PrescalerConfig), (6 bytes).
    Removing stm32f4xx_tim.o(i.TIM_RemapConfig), (6 bytes).
    Removing stm32f4xx_tim.o(i.TIM_SelectCCDMA), (24 bytes).
    Removing stm32f4xx_tim.o(i.TIM_SelectCOM), (24 bytes).
    Removing stm32f4xx_tim.o(i.TIM_SelectHallSensor), (24 bytes).
    Removing stm32f4xx_tim.o(i.TIM_SelectInputTrigger), (18 bytes).
    Removing stm32f4xx_tim.o(i.TIM_SelectMasterSlaveMode), (18 bytes).
    Removing stm32f4xx_tim.o(i.TIM_SelectOCxM), (86 bytes).
    Removing stm32f4xx_tim.o(i.TIM_SelectOnePulseMode), (18 bytes).
    Removing stm32f4xx_tim.o(i.TIM_SelectOutputTrigger), (18 bytes).
    Removing stm32f4xx_tim.o(i.TIM_SelectSlaveMode), (18 bytes).
    Removing stm32f4xx_tim.o(i.TIM_SetClockDivision), (18 bytes).
    Removing stm32f4xx_tim.o(i.TIM_SetCompare1), (4 bytes).
    Removing stm32f4xx_tim.o(i.TIM_SetCompare2), (4 bytes).
    Removing stm32f4xx_tim.o(i.TIM_SetCompare3), (4 bytes).
    Removing stm32f4xx_tim.o(i.TIM_SetCompare4), (4 bytes).
    Removing stm32f4xx_tim.o(i.TIM_SetIC1Prescaler), (18 bytes).
    Removing stm32f4xx_tim.o(i.TIM_SetIC2Prescaler), (26 bytes).
    Removing stm32f4xx_tim.o(i.TIM_SetIC3Prescaler), (18 bytes).
    Removing stm32f4xx_tim.o(i.TIM_SetIC4Prescaler), (26 bytes).
    Removing stm32f4xx_tim.o(i.TIM_TIxExternalClockConfig), (62 bytes).
    Removing stm32f4xx_tim.o(i.TIM_UpdateDisableConfig), (24 bytes).
    Removing stm32f4xx_tim.o(i.TIM_UpdateRequestConfig), (24 bytes).
    Removing stm32f4xx_dma.o(.emb_text), (8 bytes).
    Removing stm32f4xx_dma.o(i.DMA_ClearFlag), (52 bytes).
    Removing stm32f4xx_dma.o(i.DMA_ClearITPendingBit), (52 bytes).
    Removing stm32f4xx_dma.o(i.DMA_DoubleBufferModeCmd), (22 bytes).
    Removing stm32f4xx_dma.o(i.DMA_DoubleBufferModeConfig), (24 bytes).
    Removing stm32f4xx_dma.o(i.DMA_FlowControllerConfig), (22 bytes).
    Removing stm32f4xx_dma.o(i.DMA_GetCurrentMemoryTarget), (20 bytes).
    Removing stm32f4xx_dma.o(i.DMA_GetFIFOStatus), (12 bytes).
    Removing stm32f4xx_dma.o(i.DMA_GetFlagStatus), (68 bytes).
    Removing stm32f4xx_dma.o(i.DMA_GetITStatus), (100 bytes).
    Removing stm32f4xx_dma.o(i.DMA_ITConfig), (58 bytes).
    Removing stm32f4xx_dma.o(i.DMA_MemoryTargetConfig), (10 bytes).
    Removing stm32f4xx_dma.o(i.DMA_PeriphIncOffsetSizeConfig), (22 bytes).
    Removing stm32f4xx_dma.o(i.DMA_StructInit), (34 bytes).
    Removing stm32f4xx_dcmi.o(.emb_text), (8 bytes).
    Removing stm32f4xx_dcmi.o(i.DCMI_ClearFlag), (12 bytes).
    Removing stm32f4xx_dcmi.o(i.DCMI_DeInit), (28 bytes).
    Removing stm32f4xx_dcmi.o(i.DCMI_GetFlagStatus), (52 bytes).
    Removing stm32f4xx_dcmi.o(i.DCMI_JPEGCmd), (36 bytes).
    Removing stm32f4xx_dcmi.o(i.DCMI_ReadData), (12 bytes).
    Removing stm32f4xx_dcmi.o(i.DCMI_SetEmbeddedSynchroCodes), (32 bytes).
    Removing stm32f4xx_dcmi.o(i.DCMI_StructInit), (18 bytes).
    Removing stm32f4xx_syscfg.o(.emb_text), (8 bytes).
    Removing stm32f4xx_syscfg.o(i.SYSCFG_CompensationCellCmd), (12 bytes).
    Removing stm32f4xx_syscfg.o(i.SYSCFG_DeInit), (22 bytes).
    Removing stm32f4xx_syscfg.o(i.SYSCFG_ETH_MediaInterfaceConfig), (12 bytes).
    Removing stm32f4xx_syscfg.o(i.SYSCFG_EXTILineConfig), (64 bytes).
    Removing stm32f4xx_syscfg.o(i.SYSCFG_GetCompensationCellStatus), (24 bytes).
    Removing stm32f4xx_syscfg.o(i.SYSCFG_MemoryRemapConfig), (12 bytes).
    Removing system_stm32f4xx.o(.emb_text), (8 bytes).
    Removing system_stm32f4xx.o(i.SystemCoreClockUpdate), (192 bytes).
    Removing startup_stm32f4xx.o(HEAP), (512 bytes).
    Removing sys.o(.emb_text), (24 bytes).
    Removing usmart.o(.emb_text), (8 bytes).
    Removing usmart_config.o(.emb_text), (8 bytes).
    Removing usmart_str.o(.emb_text), (8 bytes).
    Removing cdcmple.o(.text), (48 bytes).
    Removing cdrcmple.o(.text), (48 bytes).
    Removing ddiv.o(.text), (222 bytes).
    Removing dfixul.o(.text), (48 bytes).

282 unused section(s) (total 12836 bytes) removed from the image.

==============================================================================

Image Symbol Table

    Local Symbols

    Symbol Name                              Value     Ov Type        Size  Object(Section)

    ../clib/../cmprslib/zerorunl2.c          0x00000000   Number         0  __dczerorl2.o ABSOLUTE
    ../clib/microlib/division.c              0x00000000   Number         0  uldiv.o ABSOLUTE
    ../clib/microlib/division.c              0x00000000   Number         0  uidiv.o ABSOLUTE
    ../clib/microlib/init/entry.s            0x00000000   Number         0  entry8b.o ABSOLUTE
    ../clib/microlib/init/entry.s            0x00000000   Number         0  entry.o ABSOLUTE
    ../clib/microlib/init/entry.s            0x00000000   Number         0  entry11b.o ABSOLUTE
    ../clib/microlib/init/entry.s            0x00000000   Number         0  entry2.o ABSOLUTE
    ../clib/microlib/init/entry.s            0x00000000   Number         0  entry5.o ABSOLUTE
    ../clib/microlib/init/entry.s            0x00000000   Number         0  entry7b.o ABSOLUTE
    ../clib/microlib/init/entry.s            0x00000000   Number         0  entry11a.o ABSOLUTE
    ../clib/microlib/init/entry.s            0x00000000   Number         0  entry10b.o ABSOLUTE
    ../clib/microlib/init/entry.s            0x00000000   Number         0  entry7a.o ABSOLUTE
    ../clib/microlib/init/entry.s            0x00000000   Number         0  entry10a.o ABSOLUTE
    ../clib/microlib/init/entry.s            0x00000000   Number         0  entry9b.o ABSOLUTE
    ../clib/microlib/init/entry.s            0x00000000   Number         0  entry8a.o ABSOLUTE
    ../clib/microlib/init/entry.s            0x00000000   Number         0  entry9a.o ABSOLUTE
    ../clib/microlib/longlong.c              0x00000000   Number         0  llshl.o ABSOLUTE
    ../clib/microlib/longlong.c              0x00000000   Number         0  llushr.o ABSOLUTE
    ../clib/microlib/longlong.c              0x00000000   Number         0  llsshr.o ABSOLUTE
    ../clib/microlib/printf/printf.c         0x00000000   Number         0  printfa.o ABSOLUTE
    ../clib/microlib/printf/printf.c         0x00000000   Number         0  printf2.o ABSOLUTE
    ../clib/microlib/printf/printf.c         0x00000000   Number         0  printf4.o ABSOLUTE
    ../clib/microlib/printf/printf.c         0x00000000   Number         0  printfb.o ABSOLUTE
    ../clib/microlib/printf/printf.c         0x00000000   Number         0  printf0.o ABSOLUTE
    ../clib/microlib/printf/printf.c         0x00000000   Number         0  printf1.o ABSOLUTE
    ../clib/microlib/printf/printf.c         0x00000000   Number         0  printf3.o ABSOLUTE
    ../clib/microlib/printf/printf.c         0x00000000   Number         0  printf5.o ABSOLUTE
    ../clib/microlib/printf/printf.c         0x00000000   Number         0  printf6.o ABSOLUTE
    ../clib/microlib/printf/printf.c         0x00000000   Number         0  printf7.o ABSOLUTE
    ../clib/microlib/printf/printf.c         0x00000000   Number         0  printf8.o ABSOLUTE
    ../clib/microlib/printf/stubs.s          0x00000000   Number         0  stubs.o ABSOLUTE
    ../clib/microlib/stubs.s                 0x00000000   Number         0  useno.o ABSOLUTE
    ../clib/microlib/stubs.s                 0x00000000   Number         0  iusefp.o ABSOLUTE
    ../fplib/microlib/d2f.c                  0x00000000   Number         0  d2f.o ABSOLUTE
    ../fplib/microlib/f2d.c                  0x00000000   Number         0  f2d.o ABSOLUTE
    ../fplib/microlib/fpadd.c                0x00000000   Number         0  dadd.o ABSOLUTE
    ../fplib/microlib/fpdiv.c                0x00000000   Number         0  ddiv.o ABSOLUTE
    ../fplib/microlib/fpepilogue.c           0x00000000   Number         0  depilogue.o ABSOLUTE
    ../fplib/microlib/fpepilogue.c           0x00000000   Number         0  fepilogue.o ABSOLUTE
    ../fplib/microlib/fpfix.c                0x00000000   Number         0  dfixul.o ABSOLUTE
    ../fplib/microlib/fpfix.c                0x00000000   Number         0  dfixui.o ABSOLUTE
    ../fplib/microlib/fpflt.c                0x00000000   Number         0  dflti.o ABSOLUTE
    ../fplib/microlib/fpflt.c                0x00000000   Number         0  dfltui.o ABSOLUTE
    ../fplib/microlib/fpmul.c                0x00000000   Number         0  dmul.o ABSOLUTE
    ..\Hardware\delay\delay.c                0x00000000   Number         0  delay.o ABSOLUTE
    ..\Hardware\led\led.c                    0x00000000   Number         0  led.o ABSOLUTE
    ..\Hardware\ov7670\ov7670.c              0x00000000   Number         0  ov7670.o ABSOLUTE
    ..\Hardware\pwm_out.c                    0x00000000   Number         0  pwm_out.o ABSOLUTE
    ..\Hardware\timer.c                      0x00000000   Number         0  timer.o ABSOLUTE
    ..\Hardware\usart\usart.c                0x00000000   Number         0  usart.o ABSOLUTE
    ..\Libraries\CMSIS\src\system_stm32f4xx.c 0x00000000   Number         0  system_stm32f4xx.o ABSOLUTE
    ..\Libraries\FWlib\src\misc.c            0x00000000   Number         0  misc.o ABSOLUTE
    ..\Libraries\FWlib\src\stm32f4xx_dcmi.c  0x00000000   Number         0  stm32f4xx_dcmi.o ABSOLUTE
    ..\Libraries\FWlib\src\stm32f4xx_dma.c   0x00000000   Number         0  stm32f4xx_dma.o ABSOLUTE
    ..\Libraries\FWlib\src\stm32f4xx_exti.c  0x00000000   Number         0  stm32f4xx_exti.o ABSOLUTE
    ..\Libraries\FWlib\src\stm32f4xx_fsmc.c  0x00000000   Number         0  stm32f4xx_fsmc.o ABSOLUTE
    ..\Libraries\FWlib\src\stm32f4xx_gpio.c  0x00000000   Number         0  stm32f4xx_gpio.o ABSOLUTE
    ..\Libraries\FWlib\src\stm32f4xx_rcc.c   0x00000000   Number         0  stm32f4xx_rcc.o ABSOLUTE
    ..\Libraries\FWlib\src\stm32f4xx_spi.c   0x00000000   Number         0  stm32f4xx_spi.o ABSOLUTE
    ..\Libraries\FWlib\src\stm32f4xx_syscfg.c 0x00000000   Number         0  stm32f4xx_syscfg.o ABSOLUTE
    ..\Libraries\FWlib\src\stm32f4xx_tim.c   0x00000000   Number         0  stm32f4xx_tim.o ABSOLUTE
    ..\Libraries\FWlib\src\stm32f4xx_usart.c 0x00000000   Number         0  stm32f4xx_usart.o ABSOLUTE
    ..\Startup\startup_stm32f4xx.s           0x00000000   Number         0  startup_stm32f4xx.o ABSOLUTE
    ..\Startup\sys.c                         0x00000000   Number         0  sys.o ABSOLUTE
    ..\User\ctrl.c                           0x00000000   Number         0  ctrl.o ABSOLUTE
    ..\User\data_transfer.c                  0x00000000   Number         0  data_transfer.o ABSOLUTE
    ..\User\dgp.c                            0x00000000   Number         0  dgp.o ABSOLUTE
    ..\User\init.c                           0x00000000   Number         0  init.o ABSOLUTE
    ..\User\main.c                           0x00000000   Number         0  main.o ABSOLUTE
    ..\User\mymath.c                         0x00000000   Number         0  mymath.o ABSOLUTE
    ..\User\stm32f4xx_it.c                   0x00000000   Number         0  stm32f4xx_it.o ABSOLUTE
    ..\User\test.c                           0x00000000   Number         0  test.o ABSOLUTE
    ..\\Hardware\\delay\\delay.c             0x00000000   Number         0  delay.o ABSOLUTE
    ..\\Hardware\\led\\led.c                 0x00000000   Number         0  led.o ABSOLUTE
    ..\\Hardware\\ov7670\\ov7670.c           0x00000000   Number         0  ov7670.o ABSOLUTE
    ..\\Hardware\\pwm_out.c                  0x00000000   Number         0  pwm_out.o ABSOLUTE
    ..\\Hardware\\timer.c                    0x00000000   Number         0  timer.o ABSOLUTE
    ..\\Hardware\\usart\\usart.c             0x00000000   Number         0  usart.o ABSOLUTE
    ..\\Libraries\\CMSIS\\src\\system_stm32f4xx.c 0x00000000   Number         0  system_stm32f4xx.o ABSOLUTE
    ..\\Libraries\\FWlib\\src\\misc.c        0x00000000   Number         0  misc.o ABSOLUTE
    ..\\Libraries\\FWlib\\src\\stm32f4xx_dcmi.c 0x00000000   Number         0  stm32f4xx_dcmi.o ABSOLUTE
    ..\\Libraries\\FWlib\\src\\stm32f4xx_dma.c 0x00000000   Number         0  stm32f4xx_dma.o ABSOLUTE
    ..\\Libraries\\FWlib\\src\\stm32f4xx_exti.c 0x00000000   Number         0  stm32f4xx_exti.o ABSOLUTE
    ..\\Libraries\\FWlib\\src\\stm32f4xx_fsmc.c 0x00000000   Number         0  stm32f4xx_fsmc.o ABSOLUTE
    ..\\Libraries\\FWlib\\src\\stm32f4xx_gpio.c 0x00000000   Number         0  stm32f4xx_gpio.o ABSOLUTE
    ..\\Libraries\\FWlib\\src\\stm32f4xx_rcc.c 0x00000000   Number         0  stm32f4xx_rcc.o ABSOLUTE
    ..\\Libraries\\FWlib\\src\\stm32f4xx_spi.c 0x00000000   Number         0  stm32f4xx_spi.o ABSOLUTE
    ..\\Libraries\\FWlib\\src\\stm32f4xx_syscfg.c 0x00000000   Number         0  stm32f4xx_syscfg.o ABSOLUTE
    ..\\Libraries\\FWlib\\src\\stm32f4xx_tim.c 0x00000000   Number         0  stm32f4xx_tim.o ABSOLUTE
    ..\\Libraries\\FWlib\\src\\stm32f4xx_usart.c 0x00000000   Number         0  stm32f4xx_usart.o ABSOLUTE
    ..\\Startup\\sys.c                       0x00000000   Number         0  sys.o ABSOLUTE
    ..\\User\\ctrl.c                         0x00000000   Number         0  ctrl.o ABSOLUTE
    ..\\User\\data_transfer.c                0x00000000   Number         0  data_transfer.o ABSOLUTE
    ..\\User\\dgp.c                          0x00000000   Number         0  dgp.o ABSOLUTE
    ..\\User\\init.c                         0x00000000   Number         0  init.o ABSOLUTE
    ..\\User\\main.c                         0x00000000   Number         0  main.o ABSOLUTE
    ..\\User\\mymath.c                       0x00000000   Number         0  mymath.o ABSOLUTE
    ..\\User\\stm32f4xx_it.c                 0x00000000   Number         0  stm32f4xx_it.o ABSOLUTE
    ..\\User\\test.c                         0x00000000   Number         0  test.o ABSOLUTE
    ..\\usmart\\usmart.c                     0x00000000   Number         0  usmart.o ABSOLUTE
    ..\\usmart\\usmart_config.c              0x00000000   Number         0  usmart_config.o ABSOLUTE
    ..\\usmart\\usmart_str.c                 0x00000000   Number         0  usmart_str.o ABSOLUTE
    ..\usmart\usmart.c                       0x00000000   Number         0  usmart.o ABSOLUTE
    ..\usmart\usmart_config.c                0x00000000   Number         0  usmart_config.o ABSOLUTE
    ..\usmart\usmart_str.c                   0x00000000   Number         0  usmart_str.o ABSOLUTE
    cdcmple.s                                0x00000000   Number         0  cdcmple.o ABSOLUTE
    cdrcmple.s                               0x00000000   Number         0  cdrcmple.o ABSOLUTE
    dc.s                                     0x00000000   Number         0  dc.o ABSOLUTE
    handlers.s                               0x00000000   Number         0  handlers.o ABSOLUTE
    init.s                                   0x00000000   Number         0  init.o ABSOLUTE
    RESET                                    0x08000000   Section      392  startup_stm32f4xx.o(RESET)
    .ARM.Collect$$$$00000000                 0x08000188   Section        0  entry.o(.ARM.Collect$$$$00000000)
    .ARM.Collect$$$$00000001                 0x08000188   Section        4  entry2.o(.ARM.Collect$$$$00000001)
    .ARM.Collect$$$$00000004                 0x0800018c   Section        4  entry5.o(.ARM.Collect$$$$00000004)
    .ARM.Collect$$$$00000008                 0x08000190   Section        0  entry7b.o(.ARM.Collect$$$$00000008)
    .ARM.Collect$$$$0000000A                 0x08000190   Section        0  entry8b.o(.ARM.Collect$$$$0000000A)
    .ARM.Collect$$$$0000000B                 0x08000190   Section        8  entry9a.o(.ARM.Collect$$$$0000000B)
    .ARM.Collect$$$$0000000D                 0x08000198   Section        0  entry10a.o(.ARM.Collect$$$$0000000D)
    .ARM.Collect$$$$0000000F                 0x08000198   Section        0  entry11a.o(.ARM.Collect$$$$0000000F)
    .ARM.Collect$$$$00002712                 0x08000198   Section        4  entry2.o(.ARM.Collect$$$$00002712)
    __lit__00000000                          0x08000198   Data           4  entry2.o(.ARM.Collect$$$$00002712)
    .text                                    0x0800019c   Section       36  startup_stm32f4xx.o(.text)
    $v0                                      0x0800019c   Number         0  startup_stm32f4xx.o(.text)
    .text                                    0x080001c0   Section        0  dadd.o(.text)
    .text                                    0x0800030e   Section        0  dmul.o(.text)
    .text                                    0x080003f2   Section        0  dflti.o(.text)
    .text                                    0x08000414   Section        0  dfltui.o(.text)
    .text                                    0x0800042e   Section        0  dfixui.o(.text)
    .text                                    0x08000460   Section        0  f2d.o(.text)
    .text                                    0x08000486   Section        0  d2f.o(.text)
    .text                                    0x080004be   Section        0  uldiv.o(.text)
    .text                                    0x08000520   Section        0  llshl.o(.text)
    .text                                    0x0800053e   Section        0  llushr.o(.text)
    .text                                    0x0800055e   Section        0  llsshr.o(.text)
    .text                                    0x08000582   Section        0  iusefp.o(.text)
    .text                                    0x08000582   Section        0  fepilogue.o(.text)
    .text                                    0x080005f0   Section        0  depilogue.o(.text)
    .text                                    0x080006ac   Section       36  init.o(.text)
    .text                                    0x080006d0   Section        0  __dczerorl2.o(.text)
    i.All_Init                               0x08000728   Section        0  init.o(i.All_Init)
    i.B_test                                 0x08000788   Section        0  test.o(i.B_test)
    i.BusFault_Handler                       0x080007d0   Section        0  stm32f4xx_it.o(i.BusFault_Handler)
    i.Cam_Init                               0x080007d4   Section        0  ov7670.o(i.Cam_Init)
    i.DCMI_CROPCmd                           0x08000a08   Section        0  stm32f4xx_dcmi.o(i.DCMI_CROPCmd)
    i.DCMI_CROPConfig                        0x08000a2c   Section        0  stm32f4xx_dcmi.o(i.DCMI_CROPConfig)
    i.DCMI_CaptureCmd                        0x08000a4c   Section        0  stm32f4xx_dcmi.o(i.DCMI_CaptureCmd)
    i.DCMI_ClearITPendingBit                 0x08000a70   Section        0  stm32f4xx_dcmi.o(i.DCMI_ClearITPendingBit)
    i.DCMI_Cmd                               0x08000a7c   Section        0  stm32f4xx_dcmi.o(i.DCMI_Cmd)
    i.DCMI_DMA_Init                          0x08000aa0   Section        0  ov7670.o(i.DCMI_DMA_Init)
    i.DCMI_GetITStatus                       0x08000b10   Section        0  stm32f4xx_dcmi.o(i.DCMI_GetITStatus)
    i.DCMI_IRQHandler                        0x08000b2c   Section        0  dgp.o(i.DCMI_IRQHandler)
    i.DCMI_ITConfig                          0x08000b54   Section        0  stm32f4xx_dcmi.o(i.DCMI_ITConfig)
    i.DCMI_Init                              0x08000b78   Section        0  stm32f4xx_dcmi.o(i.DCMI_Init)
    i.DCMI_Start                             0x08000bb8   Section        0  ov7670.o(i.DCMI_Start)
    i.DMA_Cmd                                0x08000bd4   Section        0  stm32f4xx_dma.o(i.DMA_Cmd)
    i.DMA_DeInit                             0x08000bec   Section        0  stm32f4xx_dma.o(i.DMA_DeInit)
    i.DMA_GetCmdStatus                       0x08000d44   Section        0  stm32f4xx_dma.o(i.DMA_GetCmdStatus)
    i.DMA_GetCurrDataCounter                 0x08000d58   Section        0  stm32f4xx_dma.o(i.DMA_GetCurrDataCounter)
    i.DMA_Init                               0x08000d60   Section        0  stm32f4xx_dma.o(i.DMA_Init)
    i.DMA_SetCurrDataCounter                 0x08000db8   Section        0  stm32f4xx_dma.o(i.DMA_SetCurrDataCounter)
    i.DebugMon_Handler                       0x08000dbc   Section        0  stm32f4xx_it.o(i.DebugMon_Handler)
    i.GPIO_Init                              0x08000dbe   Section        0  stm32f4xx_gpio.o(i.GPIO_Init)
    i.GPIO_PinAFConfig                       0x08000e4e   Section        0  stm32f4xx_gpio.o(i.GPIO_PinAFConfig)
    i.GPIO_ResetBits                         0x08000e94   Section        0  stm32f4xx_gpio.o(i.GPIO_ResetBits)
    i.GPIO_SetBits                           0x08000e98   Section        0  stm32f4xx_gpio.o(i.GPIO_SetBits)
    i.G_test                                 0x08000e9c   Section        0  test.o(i.G_test)
    i.H_test                                 0x08000ee4   Section        0  test.o(i.H_test)
    i.HardFault_Handler                      0x08000f2c   Section        0  stm32f4xx_it.o(i.HardFault_Handler)
    i.LED_GPIO_Conf                          0x08000f30   Section        0  led.o(i.LED_GPIO_Conf)
    i.LED_SET                                0x08000f70   Section        0  led.o(i.LED_SET)
    i.MemManage_Handler                      0x08000f94   Section        0  stm32f4xx_it.o(i.MemManage_Handler)
    i.NMI_Handler                            0x08000f98   Section        0  stm32f4xx_it.o(i.NMI_Handler)
    i.NVIC_Init                              0x08000f9c   Section        0  misc.o(i.NVIC_Init)
    i.NVIC_PriorityGroupConfig               0x08001014   Section        0  misc.o(i.NVIC_PriorityGroupConfig)
    i.OV7670_Init                            0x08001028   Section        0  ov7670.o(i.OV7670_Init)
    i.OV7670_config_window                   0x08001078   Section        0  ov7670.o(i.OV7670_config_window)
    i.OV_ReadID                              0x08001130   Section        0  ov7670.o(i.OV_ReadID)
    i.OV_ReadReg                             0x08001140   Section        0  ov7670.o(i.OV_ReadReg)
    i.OV_Reset                               0x080011a6   Section        0  ov7670.o(i.OV_Reset)
    i.OV_WriteReg                            0x080011b2   Section        0  ov7670.o(i.OV_WriteReg)
    i.PWM_Out_Init                           0x08001200   Section        0  pwm_out.o(i.PWM_Out_Init)
    i.PendSV_Handler                         0x08001418   Section        0  stm32f4xx_it.o(i.PendSV_Handler)
    i.RCC_AHB1PeriphClockCmd                 0x0800141c   Section        0  stm32f4xx_rcc.o(i.RCC_AHB1PeriphClockCmd)
    i.RCC_AHB2PeriphClockCmd                 0x0800143c   Section        0  stm32f4xx_rcc.o(i.RCC_AHB2PeriphClockCmd)
    i.RCC_APB1PeriphClockCmd                 0x0800145c   Section        0  stm32f4xx_rcc.o(i.RCC_APB1PeriphClockCmd)
    i.RCC_APB2PeriphClockCmd                 0x0800147c   Section        0  stm32f4xx_rcc.o(i.RCC_APB2PeriphClockCmd)
    i.RCC_GetClocksFreq                      0x0800149c   Section        0  stm32f4xx_rcc.o(i.RCC_GetClocksFreq)
    i.RCC_MCO1Config                         0x08001584   Section        0  stm32f4xx_rcc.o(i.RCC_MCO1Config)
    i.R_test                                 0x080015a0   Section        0  test.o(i.R_test)
    i.SCCB_Init                              0x080015e8   Section        0  ov7670.o(i.SCCB_Init)
    i.SCCB_Read                              0x08001620   Section        0  ov7670.o(i.SCCB_Read)
    i.SCCB_SID_IN                            0x08001678   Section        0  ov7670.o(i.SCCB_SID_IN)
    i.SCCB_SID_OUT                           0x080016a0   Section        0  ov7670.o(i.SCCB_SID_OUT)
    i.SCCB_Start                             0x080016d0   Section        0  ov7670.o(i.SCCB_Start)
    i.SCCB_Stop                              0x08001714   Section        0  ov7670.o(i.SCCB_Stop)
    i.SCCB_Write                             0x0800174c   Section        0  ov7670.o(i.SCCB_Write)
    i.SVC_Handler                            0x080017ec   Section        0  stm32f4xx_it.o(i.SVC_Handler)
    i.SetPwm_1                               0x080017f0   Section        0  pwm_out.o(i.SetPwm_1)
    i.SetSysClock                            0x08001858   Section        0  system_stm32f4xx.o(i.SetSysClock)
    SetSysClock                              0x08001859   Thumb Code   220  system_stm32f4xx.o(i.SetSysClock)
    i.SysTick_Handler                        0x08001944   Section        0  stm32f4xx_it.o(i.SysTick_Handler)
    i.SysTick_Init                           0x0800194c   Section        0  delay.o(i.SysTick_Init)
    i.SystemInit                             0x080019b8   Section        0  system_stm32f4xx.o(i.SystemInit)
    i.TIM3_IRQHandler                        0x08001a20   Section        0  timer.o(i.TIM3_IRQHandler)
    i.TIM3_Int_Init                          0x08001a98   Section        0  timer.o(i.TIM3_Int_Init)
    i.TIM4_IRQHandler                        0x08001af4   Section        0  usmart.o(i.TIM4_IRQHandler)
    i.TIM_ARRPreloadConfig                   0x08001b2c   Section        0  stm32f4xx_tim.o(i.TIM_ARRPreloadConfig)
    i.TIM_ClearFlag                          0x08001b44   Section        0  stm32f4xx_tim.o(i.TIM_ClearFlag)
    i.TIM_ClearITPendingBit                  0x08001b4a   Section        0  stm32f4xx_tim.o(i.TIM_ClearITPendingBit)
    i.TIM_Cmd                                0x08001b50   Section        0  stm32f4xx_tim.o(i.TIM_Cmd)
    i.TIM_CtrlPWMOutputs                     0x08001b68   Section        0  stm32f4xx_tim.o(i.TIM_CtrlPWMOutputs)
    i.TIM_GetCounter                         0x08001b86   Section        0  stm32f4xx_tim.o(i.TIM_GetCounter)
    i.TIM_GetFlagStatus                      0x08001b8c   Section        0  stm32f4xx_tim.o(i.TIM_GetFlagStatus)
    i.TIM_GetITStatus                        0x08001b9e   Section        0  stm32f4xx_tim.o(i.TIM_GetITStatus)
    i.TIM_ITConfig                           0x08001bc0   Section        0  stm32f4xx_tim.o(i.TIM_ITConfig)
    i.TIM_OC1Init                            0x08001bd4   Section        0  stm32f4xx_tim.o(i.TIM_OC1Init)
    i.TIM_OC2Init                            0x08001c50   Section        0  stm32f4xx_tim.o(i.TIM_OC2Init)
    i.TIM_OC3Init                            0x08001cf4   Section        0  stm32f4xx_tim.o(i.TIM_OC3Init)
    i.TIM_OC3PreloadConfig                   0x08001d94   Section        0  stm32f4xx_tim.o(i.TIM_OC3PreloadConfig)
    i.TIM_OC4Init                            0x08001da8   Section        0  stm32f4xx_tim.o(i.TIM_OC4Init)
    i.TIM_OC4PreloadConfig                   0x08001e20   Section        0  stm32f4xx_tim.o(i.TIM_OC4PreloadConfig)
    i.TIM_OCStructInit                       0x08001e3a   Section        0  stm32f4xx_tim.o(i.TIM_OCStructInit)
    i.TIM_SetAutoreload                      0x08001e4e   Section        0  stm32f4xx_tim.o(i.TIM_SetAutoreload)
    i.TIM_SetCounter                         0x08001e52   Section        0  stm32f4xx_tim.o(i.TIM_SetCounter)
    i.TIM_TimeBaseInit                       0x08001e58   Section        0  stm32f4xx_tim.o(i.TIM_TimeBaseInit)
    i.TIM_TimeBaseStructInit                 0x08001edc   Section        0  stm32f4xx_tim.o(i.TIM_TimeBaseStructInit)
    i.TimeTick_Decrement                     0x08001ef0   Section        0  delay.o(i.TimeTick_Decrement)
    i.Timer4_Init                            0x08001f08   Section        0  usmart.o(i.Timer4_Init)
    i.USART1_IRQHandler                      0x08001f64   Section        0  usart.o(i.USART1_IRQHandler)
    i.USART_ClockInit                        0x08001fec   Section        0  stm32f4xx_usart.o(i.USART_ClockInit)
    i.USART_Cmd                              0x0800200c   Section        0  stm32f4xx_usart.o(i.USART_Cmd)
    i.USART_GetFlagStatus                    0x08002024   Section        0  stm32f4xx_usart.o(i.USART_GetFlagStatus)
    i.USART_GetITStatus                      0x0800203e   Section        0  stm32f4xx_usart.o(i.USART_GetITStatus)
    i.USART_ITConfig                         0x08002092   Section        0  stm32f4xx_usart.o(i.USART_ITConfig)
    i.USART_Init                             0x080020dc   Section        0  stm32f4xx_usart.o(i.USART_Init)
    i.USART_ReceiveData                      0x080021b0   Section        0  stm32f4xx_usart.o(i.USART_ReceiveData)
    i.USART_SendData                         0x080021ba   Section        0  stm32f4xx_usart.o(i.USART_SendData)
    i.USART_SendString_bysize                0x080021c2   Section        0  usart.o(i.USART_SendString_bysize)
    i.UsageFault_Handler                     0x080021f4   Section        0  stm32f4xx_it.o(i.UsageFault_Handler)
    i.Usart2_Init                            0x080021f8   Section        0  usart.o(i.Usart2_Init)
    i.Y_test                                 0x080022e8   Section        0  test.o(i.Y_test)
    i.__0printf$8                            0x08002330   Section        0  printf8.o(i.__0printf$8)
    i.__scatterload_copy                     0x08002350   Section       14  handlers.o(i.__scatterload_copy)
    i.__scatterload_null                     0x0800235e   Section        2  handlers.o(i.__scatterload_null)
    i.__scatterload_zeroinit                 0x08002360   Section       14  handlers.o(i.__scatterload_zeroinit)
    i._printf_core                           0x08002370   Section        0  printf8.o(i._printf_core)
    _printf_core                             0x08002371   Thumb Code   996  printf8.o(i._printf_core)
    i._printf_post_padding                   0x08002780   Section        0  printf8.o(i._printf_post_padding)
    _printf_post_padding                     0x08002781   Thumb Code    36  printf8.o(i._printf_post_padding)
    i._printf_pre_padding                    0x080027a4   Section        0  printf8.o(i._printf_pre_padding)
    _printf_pre_padding                      0x080027a5   Thumb Code    46  printf8.o(i._printf_pre_padding)
    i.ctrl_pwm                               0x080027d4   Section        0  ctrl.o(i.ctrl_pwm)
    i.delay_1ms                              0x08002834   Section        0  delay.o(i.delay_1ms)
    i.delay_ms                               0x0800284c   Section        0  delay.o(i.delay_ms)
    i.delay_us                               0x08002860   Section        0  delay.o(i.delay_us)
    i.fputc                                  0x08002874   Section        0  usart.o(i.fputc)
    i.getB                                   0x08002890   Section        0  dgp.o(i.getB)
    i.getG                                   0x080028cc   Section        0  dgp.o(i.getG)
    i.getH                                   0x08002908   Section        0  dgp.o(i.getH)
    i.getR                                   0x08002b24   Section        0  dgp.o(i.getR)
    i.getY                                   0x08002b60   Section        0  dgp.o(i.getY)
    i.jpeg_data_process                      0x08002c48   Section        0  dgp.o(i.jpeg_data_process)
    i.main                                   0x08002cb0   Section        0  main.o(i.main)
    i.matlab_test                            0x08002d5c   Section        0  test.o(i.matlab_test)
    i.noAck                                  0x08002d94   Section        0  ov7670.o(i.noAck)
    i.ov7670_error                           0x08002dd8   Section        0  led.o(i.ov7670_error)
    i.read_addr                              0x08002e10   Section        0  usmart.o(i.read_addr)
    i.test_mode                              0x08002e18   Section        0  test.o(i.test_mode)
    i.uart_init                              0x08002e24   Section        0  usart.o(i.uart_init)
    i.usmart_cmd_rec                         0x08002ed0   Section        0  usmart.o(i.usmart_cmd_rec)
    i.usmart_exe                             0x08002f80   Section        0  usmart.o(i.usmart_exe)
    i.usmart_get_aparm                       0x08003254   Section        0  usmart_str.o(i.usmart_get_aparm)
    i.usmart_get_cmdname                     0x0800331c   Section        0  usmart_str.o(i.usmart_get_cmdname)
    i.usmart_get_fname                       0x08003354   Section        0  usmart_str.o(i.usmart_get_fname)
    i.usmart_get_fparam                      0x08003514   Section        0  usmart_str.o(i.usmart_get_fparam)
    i.usmart_get_parmpos                     0x08003620   Section        0  usmart_str.o(i.usmart_get_parmpos)
    i.usmart_get_runtime                     0x08003640   Section        0  usmart.o(i.usmart_get_runtime)
    i.usmart_init                            0x08003684   Section        0  usmart.o(i.usmart_init)
    i.usmart_pow                             0x080036ac   Section        0  usmart_str.o(i.usmart_pow)
    i.usmart_reset_runtime                   0x080036c4   Section        0  usmart.o(i.usmart_reset_runtime)
    i.usmart_scan                            0x080036f4   Section        0  usmart.o(i.usmart_scan)
    i.usmart_search_nextc                    0x080037b0   Section        0  usmart_str.o(i.usmart_search_nextc)
    i.usmart_str2num                         0x080037c6   Section        0  usmart_str.o(i.usmart_str2num)
    i.usmart_strcmp                          0x08003890   Section        0  usmart_str.o(i.usmart_strcmp)
    i.usmart_strcopy                         0x080038b2   Section        0  usmart_str.o(i.usmart_strcopy)
    i.usmart_strlen                          0x080038c8   Section        0  usmart_str.o(i.usmart_strlen)
    i.usmart_sys_cmd_exe                     0x080038e0   Section        0  usmart.o(i.usmart_sys_cmd_exe)
    i.write_addr                             0x08003fc4   Section        0  usmart.o(i.write_addr)
    .constdata                               0x08003fc8   Section      614  ov7670.o(.constdata)
    OV7670_reg                               0x08003fc8   Data         280  ov7670.o(.constdata)
    ov7670_init_reg_tbl                      0x080040e0   Data         334  ov7670.o(.constdata)
    .conststring                             0x08004230   Section       40  usmart.o(.conststring)
    .conststring                             0x08004258   Section      200  usmart_config.o(.conststring)
    .data                                    0x20000000   Section        1  main.o(.data)
    .data                                    0x20000002   Section       16  ctrl.o(.data)
    .data                                    0x20000014   Section        9  dgp.o(.data)
    .data                                    0x2000001d   Section        1  test.o(.data)
    .data                                    0x20000020   Section        4  delay.o(.data)
    TimingDelay                              0x20000020   Data           4  delay.o(.data)
    .data                                    0x20000024   Section        8  usart.o(.data)
    .data                                    0x2000002c   Section       16  stm32f4xx_rcc.o(.data)
    APBAHBPrescTable                         0x2000002c   Data          16  stm32f4xx_rcc.o(.data)
    .data                                    0x2000003c   Section       20  system_stm32f4xx.o(.data)
    .data                                    0x20000050   Section       28  usmart.o(.data)
    .data                                    0x2000006c   Section      300  usmart_config.o(.data)
    .bss                                     0x20000198   Section      712  usart.o(.bss)
    .bss                                     0x20000460   Section    57600  ov7670.o(.bss)
    STACK                                    0x2000e560   Section     1024  startup_stm32f4xx.o(STACK)

    Global Symbols

    Symbol Name                              Value     Ov Type        Size  Object(Section)

    BuildAttributes$$THM_ISAv4$E$P$D$K$B$S$7EM$VFPi3$EXTD16$VFPS$VFMA$PE$A:L22UL41UL21$X:L11$S22US41US21$IEEE1$IW$USESV6$~STKCKD$USESV7$~SHL$OTIME$ROPI$EBA8$MICROLIB$REQ8$PRES8$EABIv2 0x00000000   Number         0  anon$$obj.o ABSOLUTE
    __ARM_use_no_argv                        0x00000000   Number         0  main.o ABSOLUTE
    __use_no_errno                           0x00000000   Number         0  useno.o ABSOLUTE
    __use_no_exception_handling              0x00000000   Number         0  useno.o ABSOLUTE
    __use_no_fp                              0x00000000   Number         0  useno.o ABSOLUTE
    __use_no_heap                            0x00000000   Number         0  useno.o ABSOLUTE
    __use_no_heap_region                     0x00000000   Number         0  useno.o ABSOLUTE
    __use_no_semihosting                     0x00000000   Number         0  useno.o ABSOLUTE
    __use_no_semihosting_swi                 0x00000000   Number         0  useno.o ABSOLUTE
    __use_no_signal_handling                 0x00000000   Number         0  useno.o ABSOLUTE
    _printf_a                                0x00000000   Number         0  stubs.o ABSOLUTE
    _printf_c                                0x00000000   Number         0  stubs.o ABSOLUTE
    _printf_charcount                        0x00000000   Number         0  stubs.o ABSOLUTE
    _printf_d                                0x00000000   Number         0  stubs.o ABSOLUTE
    _printf_e                                0x00000000   Number         0  stubs.o ABSOLUTE
    _printf_f                                0x00000000   Number         0  stubs.o ABSOLUTE
    _printf_flags                            0x00000000   Number         0  stubs.o ABSOLUTE
    _printf_fp_dec                           0x00000000   Number         0  stubs.o ABSOLUTE
    _printf_fp_hex                           0x00000000   Number         0  stubs.o ABSOLUTE
    _printf_g                                0x00000000   Number         0  stubs.o ABSOLUTE
    _printf_i                                0x00000000   Number         0  stubs.o ABSOLUTE
    _printf_int_dec                          0x00000000   Number         0  stubs.o ABSOLUTE
    _printf_l                                0x00000000   Number         0  stubs.o ABSOLUTE
    _printf_lc                               0x00000000   Number         0  stubs.o ABSOLUTE
    _printf_ll                               0x00000000   Number         0  stubs.o ABSOLUTE
    _printf_lld                              0x00000000   Number         0  stubs.o ABSOLUTE
    _printf_lli                              0x00000000   Number         0  stubs.o ABSOLUTE
    _printf_llo                              0x00000000   Number         0  stubs.o ABSOLUTE
    _printf_llu                              0x00000000   Number         0  stubs.o ABSOLUTE
    _printf_llx                              0x00000000   Number         0  stubs.o ABSOLUTE
    _printf_longlong_dec                     0x00000000   Number         0  stubs.o ABSOLUTE
    _printf_longlong_hex                     0x00000000   Number         0  stubs.o ABSOLUTE
    _printf_longlong_oct                     0x00000000   Number         0  stubs.o ABSOLUTE
    _printf_ls                               0x00000000   Number         0  stubs.o ABSOLUTE
    _printf_mbtowc                           0x00000000   Number         0  stubs.o ABSOLUTE
    _printf_n                                0x00000000   Number         0  stubs.o ABSOLUTE
    _printf_o                                0x00000000   Number         0  stubs.o ABSOLUTE
    _printf_p                                0x00000000   Number         0  stubs.o ABSOLUTE
    _printf_percent                          0x00000000   Number         0  stubs.o ABSOLUTE
    _printf_pre_padding                      0x00000000   Number         0  stubs.o ABSOLUTE
    _printf_return_value                     0x00000000   Number         0  stubs.o ABSOLUTE
    _printf_s                                0x00000000   Number         0  stubs.o ABSOLUTE
    _printf_sizespec                         0x00000000   Number         0  stubs.o ABSOLUTE
    _printf_str                              0x00000000   Number         0  stubs.o ABSOLUTE
    _printf_truncate_signed                  0x00000000   Number         0  stubs.o ABSOLUTE
    _printf_truncate_unsigned                0x00000000   Number         0  stubs.o ABSOLUTE
    _printf_u                                0x00000000   Number         0  stubs.o ABSOLUTE
    _printf_wc                               0x00000000   Number         0  stubs.o ABSOLUTE
    _printf_wctomb                           0x00000000   Number         0  stubs.o ABSOLUTE
    _printf_widthprec                        0x00000000   Number         0  stubs.o ABSOLUTE
    _printf_x                                0x00000000   Number         0  stubs.o ABSOLUTE
    __cpp_initialize__aeabi_                  - Undefined Weak Reference
    __cxa_finalize                            - Undefined Weak Reference
    _clock_init                               - Undefined Weak Reference
    _microlib_exit                            - Undefined Weak Reference
    __Vectors_Size                           0x00000188   Number         0  startup_stm32f4xx.o ABSOLUTE
    __Vectors                                0x08000000   Data           4  startup_stm32f4xx.o(RESET)
    __Vectors_End                            0x08000188   Data           0  startup_stm32f4xx.o(RESET)
    __main                                   0x08000189   Thumb Code     0  entry.o(.ARM.Collect$$$$00000000)
    _main_stk                                0x08000189   Thumb Code     0  entry2.o(.ARM.Collect$$$$00000001)
    _main_scatterload                        0x0800018d   Thumb Code     0  entry5.o(.ARM.Collect$$$$00000004)
    __main_after_scatterload                 0x08000191   Thumb Code     0  entry5.o(.ARM.Collect$$$$00000004)
    _main_clock                              0x08000191   Thumb Code     0  entry7b.o(.ARM.Collect$$$$00000008)
    _main_cpp_init                           0x08000191   Thumb Code     0  entry8b.o(.ARM.Collect$$$$0000000A)
    _main_init                               0x08000191   Thumb Code     0  entry9a.o(.ARM.Collect$$$$0000000B)
    __rt_final_cpp                           0x08000199   Thumb Code     0  entry10a.o(.ARM.Collect$$$$0000000D)
    __rt_final_exit                          0x08000199   Thumb Code     0  entry11a.o(.ARM.Collect$$$$0000000F)
    Reset_Handler                            0x0800019d   Thumb Code     8  startup_stm32f4xx.o(.text)
    ADC_IRQHandler                           0x080001b7   Thumb Code     0  startup_stm32f4xx.o(.text)
    CAN1_RX0_IRQHandler                      0x080001b7   Thumb Code     0  startup_stm32f4xx.o(.text)
    CAN1_RX1_IRQHandler                      0x080001b7   Thumb Code     0  startup_stm32f4xx.o(.text)
    CAN1_SCE_IRQHandler                      0x080001b7   Thumb Code     0  startup_stm32f4xx.o(.text)
    CAN1_TX_IRQHandler                       0x080001b7   Thumb Code     0  startup_stm32f4xx.o(.text)
    CAN2_RX0_IRQHandler                      0x080001b7   Thumb Code     0  startup_stm32f4xx.o(.text)
    CAN2_RX1_IRQHandler                      0x080001b7   Thumb Code     0  startup_stm32f4xx.o(.text)
    CAN2_SCE_IRQHandler                      0x080001b7   Thumb Code     0  startup_stm32f4xx.o(.text)
    CAN2_TX_IRQHandler                       0x080001b7   Thumb Code     0  startup_stm32f4xx.o(.text)
    CRYP_IRQHandler                          0x080001b7   Thumb Code     0  startup_stm32f4xx.o(.text)
    DMA1_Stream0_IRQHandler                  0x080001b7   Thumb Code     0  startup_stm32f4xx.o(.text)
    DMA1_Stream1_IRQHandler                  0x080001b7   Thumb Code     0  startup_stm32f4xx.o(.text)
    DMA1_Stream2_IRQHandler                  0x080001b7   Thumb Code     0  startup_stm32f4xx.o(.text)
    DMA1_Stream3_IRQHandler                  0x080001b7   Thumb Code     0  startup_stm32f4xx.o(.text)
    DMA1_Stream4_IRQHandler                  0x080001b7   Thumb Code     0  startup_stm32f4xx.o(.text)
    DMA1_Stream5_IRQHandler                  0x080001b7   Thumb Code     0  startup_stm32f4xx.o(.text)
    DMA1_Stream6_IRQHandler                  0x080001b7   Thumb Code     0  startup_stm32f4xx.o(.text)
    DMA1_Stream7_IRQHandler                  0x080001b7   Thumb Code     0  startup_stm32f4xx.o(.text)
    DMA2_Stream0_IRQHandler                  0x080001b7   Thumb Code     0  startup_stm32f4xx.o(.text)
    DMA2_Stream1_IRQHandler                  0x080001b7   Thumb Code     0  startup_stm32f4xx.o(.text)
    DMA2_Stream2_IRQHandler                  0x080001b7   Thumb Code     0  startup_stm32f4xx.o(.text)
    DMA2_Stream3_IRQHandler                  0x080001b7   Thumb Code     0  startup_stm32f4xx.o(.text)
    DMA2_Stream4_IRQHandler                  0x080001b7   Thumb Code     0  startup_stm32f4xx.o(.text)
    DMA2_Stream5_IRQHandler                  0x080001b7   Thumb Code     0  startup_stm32f4xx.o(.text)
    DMA2_Stream6_IRQHandler                  0x080001b7   Thumb Code     0  startup_stm32f4xx.o(.text)
    DMA2_Stream7_IRQHandler                  0x080001b7   Thumb Code     0  startup_stm32f4xx.o(.text)
    ETH_IRQHandler                           0x080001b7   Thumb Code     0  startup_stm32f4xx.o(.text)
    ETH_WKUP_IRQHandler                      0x080001b7   Thumb Code     0  startup_stm32f4xx.o(.text)
    EXTI0_IRQHandler                         0x080001b7   Thumb Code     0  startup_stm32f4xx.o(.text)
    EXTI15_10_IRQHandler                     0x080001b7   Thumb Code     0  startup_stm32f4xx.o(.text)
    EXTI1_IRQHandler                         0x080001b7   Thumb Code     0  startup_stm32f4xx.o(.text)
    EXTI2_IRQHandler                         0x080001b7   Thumb Code     0  startup_stm32f4xx.o(.text)
    EXTI3_IRQHandler                         0x080001b7   Thumb Code     0  startup_stm32f4xx.o(.text)
    EXTI4_IRQHandler                         0x080001b7   Thumb Code     0  startup_stm32f4xx.o(.text)
    EXTI9_5_IRQHandler                       0x080001b7   Thumb Code     0  startup_stm32f4xx.o(.text)
    FLASH_IRQHandler                         0x080001b7   Thumb Code     0  startup_stm32f4xx.o(.text)
    FPU_IRQHandler                           0x080001b7   Thumb Code     0  startup_stm32f4xx.o(.text)
    FSMC_IRQHandler                          0x080001b7   Thumb Code     0  startup_stm32f4xx.o(.text)
    HASH_RNG_IRQHandler                      0x080001b7   Thumb Code     0  startup_stm32f4xx.o(.text)
    I2C1_ER_IRQHandler                       0x080001b7   Thumb Code     0  startup_stm32f4xx.o(.text)
    I2C1_EV_IRQHandler                       0x080001b7   Thumb Code     0  startup_stm32f4xx.o(.text)
    I2C2_ER_IRQHandler                       0x080001b7   Thumb Code     0  startup_stm32f4xx.o(.text)
    I2C2_EV_IRQHandler                       0x080001b7   Thumb Code     0  startup_stm32f4xx.o(.text)
    I2C3_ER_IRQHandler                       0x080001b7   Thumb Code     0  startup_stm32f4xx.o(.text)
    I2C3_EV_IRQHandler                       0x080001b7   Thumb Code     0  startup_stm32f4xx.o(.text)
    OTG_FS_IRQHandler                        0x080001b7   Thumb Code     0  startup_stm32f4xx.o(.text)
    OTG_FS_WKUP_IRQHandler                   0x080001b7   Thumb Code     0  startup_stm32f4xx.o(.text)
    OTG_HS_EP1_IN_IRQHandler                 0x080001b7   Thumb Code     0  startup_stm32f4xx.o(.text)
    OTG_HS_EP1_OUT_IRQHandler                0x080001b7   Thumb Code     0  startup_stm32f4xx.o(.text)
    OTG_HS_IRQHandler                        0x080001b7   Thumb Code     0  startup_stm32f4xx.o(.text)
    OTG_HS_WKUP_IRQHandler                   0x080001b7   Thumb Code     0  startup_stm32f4xx.o(.text)
    PVD_IRQHandler                           0x080001b7   Thumb Code     0  startup_stm32f4xx.o(.text)
    RCC_IRQHandler                           0x080001b7   Thumb Code     0  startup_stm32f4xx.o(.text)
    RTC_Alarm_IRQHandler                     0x080001b7   Thumb Code     0  startup_stm32f4xx.o(.text)
    RTC_WKUP_IRQHandler                      0x080001b7   Thumb Code     0  startup_stm32f4xx.o(.text)
    SDIO_IRQHandler                          0x080001b7   Thumb Code     0  startup_stm32f4xx.o(.text)
    SPI1_IRQHandler                          0x080001b7   Thumb Code     0  startup_stm32f4xx.o(.text)
    SPI2_IRQHandler                          0x080001b7   Thumb Code     0  startup_stm32f4xx.o(.text)
    SPI3_IRQHandler                          0x080001b7   Thumb Code     0  startup_stm32f4xx.o(.text)
    TAMP_STAMP_IRQHandler                    0x080001b7   Thumb Code     0  startup_stm32f4xx.o(.text)
    TIM1_BRK_TIM9_IRQHandler                 0x080001b7   Thumb Code     0  startup_stm32f4xx.o(.text)
    TIM1_CC_IRQHandler                       0x080001b7   Thumb Code     0  startup_stm32f4xx.o(.text)
    TIM1_TRG_COM_TIM11_IRQHandler            0x080001b7   Thumb Code     0  startup_stm32f4xx.o(.text)
    TIM1_UP_TIM10_IRQHandler                 0x080001b7   Thumb Code     0  startup_stm32f4xx.o(.text)
    TIM2_IRQHandler                          0x080001b7   Thumb Code     0  startup_stm32f4xx.o(.text)
    TIM5_IRQHandler                          0x080001b7   Thumb Code     0  startup_stm32f4xx.o(.text)
    TIM6_DAC_IRQHandler                      0x080001b7   Thumb Code     0  startup_stm32f4xx.o(.text)
    TIM7_IRQHandler                          0x080001b7   Thumb Code     0  startup_stm32f4xx.o(.text)
    TIM8_BRK_TIM12_IRQHandler                0x080001b7   Thumb Code     0  startup_stm32f4xx.o(.text)
    TIM8_CC_IRQHandler                       0x080001b7   Thumb Code     0  startup_stm32f4xx.o(.text)
    TIM8_TRG_COM_TIM14_IRQHandler            0x080001b7   Thumb Code     0  startup_stm32f4xx.o(.text)
    TIM8_UP_TIM13_IRQHandler                 0x080001b7   Thumb Code     0  startup_stm32f4xx.o(.text)
    UART4_IRQHandler                         0x080001b7   Thumb Code     0  startup_stm32f4xx.o(.text)
    UART5_IRQHandler                         0x080001b7   Thumb Code     0  startup_stm32f4xx.o(.text)
    USART2_IRQHandler                        0x080001b7   Thumb Code     0  startup_stm32f4xx.o(.text)
    USART3_IRQHandler                        0x080001b7   Thumb Code     0  startup_stm32f4xx.o(.text)
    USART6_IRQHandler                        0x080001b7   Thumb Code     0  startup_stm32f4xx.o(.text)
    WWDG_IRQHandler                          0x080001b7   Thumb Code     0  startup_stm32f4xx.o(.text)
    __aeabi_dadd                             0x080001c1   Thumb Code   322  dadd.o(.text)
    __aeabi_dsub                             0x08000303   Thumb Code     6  dadd.o(.text)
    __aeabi_drsub                            0x08000309   Thumb Code     6  dadd.o(.text)
    __aeabi_dmul                             0x0800030f   Thumb Code   228  dmul.o(.text)
    __aeabi_i2d                              0x080003f3   Thumb Code    34  dflti.o(.text)
    __aeabi_ui2d                             0x08000415   Thumb Code    26  dfltui.o(.text)
    __aeabi_d2uiz                            0x0800042f   Thumb Code    50  dfixui.o(.text)
    __aeabi_f2d                              0x08000461   Thumb Code    38  f2d.o(.text)
    __aeabi_d2f                              0x08000487   Thumb Code    56  d2f.o(.text)
    __aeabi_uldivmod                         0x080004bf   Thumb Code    98  uldiv.o(.text)
    __aeabi_llsl                             0x08000521   Thumb Code    30  llshl.o(.text)
    _ll_shift_l                              0x08000521   Thumb Code     0  llshl.o(.text)
    __aeabi_llsr                             0x0800053f   Thumb Code    32  llushr.o(.text)
    _ll_ushift_r                             0x0800053f   Thumb Code     0  llushr.o(.text)
    __aeabi_lasr                             0x0800055f   Thumb Code    36  llsshr.o(.text)
    _ll_sshift_r                             0x0800055f   Thumb Code     0  llsshr.o(.text)
    __I$use$fp                               0x08000583   Thumb Code     0  iusefp.o(.text)
    _float_round                             0x08000583   Thumb Code    18  fepilogue.o(.text)
    _float_epilogue                          0x08000595   Thumb Code    92  fepilogue.o(.text)
    _double_round                            0x080005f1   Thumb Code    30  depilogue.o(.text)
    _double_epilogue                         0x0800060f   Thumb Code   156  depilogue.o(.text)
    __scatterload                            0x080006ad   Thumb Code    28  init.o(.text)
    __scatterload_rt2                        0x080006ad   Thumb Code     0  init.o(.text)
    __decompress                             0x080006d1   Thumb Code     0  __dczerorl2.o(.text)
    __decompress1                            0x080006d1   Thumb Code    86  __dczerorl2.o(.text)
    All_Init                                 0x08000729   Thumb Code    90  init.o(i.All_Init)
    B_test                                   0x08000789   Thumb Code    64  test.o(i.B_test)
    BusFault_Handler                         0x080007d1   Thumb Code     4  stm32f4xx_it.o(i.BusFault_Handler)
    Cam_Init                                 0x080007d5   Thumb Code   538  ov7670.o(i.Cam_Init)
    DCMI_CROPCmd                             0x08000a09   Thumb Code    30  stm32f4xx_dcmi.o(i.DCMI_CROPCmd)
    DCMI_CROPConfig                          0x08000a2d   Thumb Code    26  stm32f4xx_dcmi.o(i.DCMI_CROPConfig)
    DCMI_CaptureCmd                          0x08000a4d   Thumb Code    30  stm32f4xx_dcmi.o(i.DCMI_CaptureCmd)
    DCMI_ClearITPendingBit                   0x08000a71   Thumb Code     6  stm32f4xx_dcmi.o(i.DCMI_ClearITPendingBit)
    DCMI_Cmd                                 0x08000a7d   Thumb Code    30  stm32f4xx_dcmi.o(i.DCMI_Cmd)
    DCMI_DMA_Init                            0x08000aa1   Thumb Code   102  ov7670.o(i.DCMI_DMA_Init)
    DCMI_GetITStatus                         0x08000b11   Thumb Code    24  stm32f4xx_dcmi.o(i.DCMI_GetITStatus)
    DCMI_IRQHandler                          0x08000b2d   Thumb Code    34  dgp.o(i.DCMI_IRQHandler)
    DCMI_ITConfig                            0x08000b55   Thumb Code    30  stm32f4xx_dcmi.o(i.DCMI_ITConfig)
    DCMI_Init                                0x08000b79   Thumb Code    60  stm32f4xx_dcmi.o(i.DCMI_Init)
    DCMI_Start                               0x08000bb9   Thumb Code    24  ov7670.o(i.DCMI_Start)
    DMA_Cmd                                  0x08000bd5   Thumb Code    22  stm32f4xx_dma.o(i.DMA_Cmd)
    DMA_DeInit                               0x08000bed   Thumb Code   324  stm32f4xx_dma.o(i.DMA_DeInit)
    DMA_GetCmdStatus                         0x08000d45   Thumb Code    20  stm32f4xx_dma.o(i.DMA_GetCmdStatus)
    DMA_GetCurrDataCounter                   0x08000d59   Thumb Code     8  stm32f4xx_dma.o(i.DMA_GetCurrDataCounter)
    DMA_Init                                 0x08000d61   Thumb Code    82  stm32f4xx_dma.o(i.DMA_Init)
    DMA_SetCurrDataCounter                   0x08000db9   Thumb Code     4  stm32f4xx_dma.o(i.DMA_SetCurrDataCounter)
    DebugMon_Handler                         0x08000dbd   Thumb Code     2  stm32f4xx_it.o(i.DebugMon_Handler)
    GPIO_Init                                0x08000dbf   Thumb Code   144  stm32f4xx_gpio.o(i.GPIO_Init)
    GPIO_PinAFConfig                         0x08000e4f   Thumb Code    70  stm32f4xx_gpio.o(i.GPIO_PinAFConfig)
    GPIO_ResetBits                           0x08000e95   Thumb Code     4  stm32f4xx_gpio.o(i.GPIO_ResetBits)
    GPIO_SetBits                             0x08000e99   Thumb Code     4  stm32f4xx_gpio.o(i.GPIO_SetBits)
    G_test                                   0x08000e9d   Thumb Code    64  test.o(i.G_test)
    H_test                                   0x08000ee5   Thumb Code    64  test.o(i.H_test)
    HardFault_Handler                        0x08000f2d   Thumb Code     4  stm32f4xx_it.o(i.HardFault_Handler)
    LED_GPIO_Conf                            0x08000f31   Thumb Code    60  led.o(i.LED_GPIO_Conf)
    LED_SET                                  0x08000f71   Thumb Code    30  led.o(i.LED_SET)
    MemManage_Handler                        0x08000f95   Thumb Code     4  stm32f4xx_it.o(i.MemManage_Handler)
    NMI_Handler                              0x08000f99   Thumb Code     2  stm32f4xx_it.o(i.NMI_Handler)
    NVIC_Init                                0x08000f9d   Thumb Code   106  misc.o(i.NVIC_Init)
    NVIC_PriorityGroupConfig                 0x08001015   Thumb Code    10  misc.o(i.NVIC_PriorityGroupConfig)
    OV7670_Init                              0x08001029   Thumb Code    74  ov7670.o(i.OV7670_Init)
    OV7670_config_window                     0x08001079   Thumb Code   184  ov7670.o(i.OV7670_config_window)
    OV_ReadID                                0x08001131   Thumb Code    16  ov7670.o(i.OV_ReadID)
    OV_ReadReg                               0x08001141   Thumb Code   102  ov7670.o(i.OV_ReadReg)
    OV_Reset                                 0x080011a7   Thumb Code    12  ov7670.o(i.OV_Reset)
    OV_WriteReg                              0x080011b3   Thumb Code    78  ov7670.o(i.OV_WriteReg)
    PWM_Out_Init                             0x08001201   Thumb Code   510  pwm_out.o(i.PWM_Out_Init)
    PendSV_Handler                           0x08001419   Thumb Code     2  stm32f4xx_it.o(i.PendSV_Handler)
    RCC_AHB1PeriphClockCmd                   0x0800141d   Thumb Code    26  stm32f4xx_rcc.o(i.RCC_AHB1PeriphClockCmd)
    RCC_AHB2PeriphClockCmd                   0x0800143d   Thumb Code    26  stm32f4xx_rcc.o(i.RCC_AHB2PeriphClockCmd)
    RCC_APB1PeriphClockCmd                   0x0800145d   Thumb Code    26  stm32f4xx_rcc.o(i.RCC_APB1PeriphClockCmd)
    RCC_APB2PeriphClockCmd                   0x0800147d   Thumb Code    26  stm32f4xx_rcc.o(i.RCC_APB2PeriphClockCmd)
    RCC_GetClocksFreq                        0x0800149d   Thumb Code   214  stm32f4xx_rcc.o(i.RCC_GetClocksFreq)
    RCC_MCO1Config                           0x08001585   Thumb Code    24  stm32f4xx_rcc.o(i.RCC_MCO1Config)
    R_test                                   0x080015a1   Thumb Code    64  test.o(i.R_test)
    SCCB_Init                                0x080015e9   Thumb Code    50  ov7670.o(i.SCCB_Init)
    SCCB_Read                                0x08001621   Thumb Code    84  ov7670.o(i.SCCB_Read)
    SCCB_SID_IN                              0x08001679   Thumb Code    36  ov7670.o(i.SCCB_SID_IN)
    SCCB_SID_OUT                             0x080016a1   Thumb Code    42  ov7670.o(i.SCCB_SID_OUT)
    SCCB_Start                               0x080016d1   Thumb Code    64  ov7670.o(i.SCCB_Start)
    SCCB_Stop                                0x08001715   Thumb Code    50  ov7670.o(i.SCCB_Stop)
    SCCB_Write                               0x0800174d   Thumb Code   154  ov7670.o(i.SCCB_Write)
    SVC_Handler                              0x080017ed   Thumb Code     2  stm32f4xx_it.o(i.SVC_Handler)
    SetPwm_1                                 0x080017f1   Thumb Code   100  pwm_out.o(i.SetPwm_1)
    SysTick_Handler                          0x08001945   Thumb Code     8  stm32f4xx_it.o(i.SysTick_Handler)
    SysTick_Init                             0x0800194d   Thumb Code    90  delay.o(i.SysTick_Init)
    SystemInit                               0x080019b9   Thumb Code    88  system_stm32f4xx.o(i.SystemInit)
    TIM3_IRQHandler                          0x08001a21   Thumb Code    60  timer.o(i.TIM3_IRQHandler)
    TIM3_Int_Init                            0x08001a99   Thumb Code    88  timer.o(i.TIM3_Int_Init)
    TIM4_IRQHandler                          0x08001af5   Thumb Code    46  usmart.o(i.TIM4_IRQHandler)
    TIM_ARRPreloadConfig                     0x08001b2d   Thumb Code    24  stm32f4xx_tim.o(i.TIM_ARRPreloadConfig)
    TIM_ClearFlag                            0x08001b45   Thumb Code     6  stm32f4xx_tim.o(i.TIM_ClearFlag)
    TIM_ClearITPendingBit                    0x08001b4b   Thumb Code     6  stm32f4xx_tim.o(i.TIM_ClearITPendingBit)
    TIM_Cmd                                  0x08001b51   Thumb Code    24  stm32f4xx_tim.o(i.TIM_Cmd)
    TIM_CtrlPWMOutputs                       0x08001b69   Thumb Code    30  stm32f4xx_tim.o(i.TIM_CtrlPWMOutputs)
    TIM_GetCounter                           0x08001b87   Thumb Code     6  stm32f4xx_tim.o(i.TIM_GetCounter)
    TIM_GetFlagStatus                        0x08001b8d   Thumb Code    18  stm32f4xx_tim.o(i.TIM_GetFlagStatus)
    TIM_GetITStatus                          0x08001b9f   Thumb Code    34  stm32f4xx_tim.o(i.TIM_GetITStatus)
    TIM_ITConfig                             0x08001bc1   Thumb Code    18  stm32f4xx_tim.o(i.TIM_ITConfig)
    TIM_OC1Init                              0x08001bd5   Thumb Code   114  stm32f4xx_tim.o(i.TIM_OC1Init)
    TIM_OC2Init                              0x08001c51   Thumb Code   154  stm32f4xx_tim.o(i.TIM_OC2Init)
    TIM_OC3Init                              0x08001cf5   Thumb Code   150  stm32f4xx_tim.o(i.TIM_OC3Init)
    TIM_OC3PreloadConfig                     0x08001d95   Thumb Code    18  stm32f4xx_tim.o(i.TIM_OC3PreloadConfig)
    TIM_OC4Init                              0x08001da9   Thumb Code   112  stm32f4xx_tim.o(i.TIM_OC4Init)
    TIM_OC4PreloadConfig                     0x08001e21   Thumb Code    26  stm32f4xx_tim.o(i.TIM_OC4PreloadConfig)
    TIM_OCStructInit                         0x08001e3b   Thumb Code    20  stm32f4xx_tim.o(i.TIM_OCStructInit)
    TIM_SetAutoreload                        0x08001e4f   Thumb Code     4  stm32f4xx_tim.o(i.TIM_SetAutoreload)
    TIM_SetCounter                           0x08001e53   Thumb Code     4  stm32f4xx_tim.o(i.TIM_SetCounter)
    TIM_TimeBaseInit                         0x08001e59   Thumb Code   104  stm32f4xx_tim.o(i.TIM_TimeBaseInit)
    TIM_TimeBaseStructInit                   0x08001edd   Thumb Code    18  stm32f4xx_tim.o(i.TIM_TimeBaseStructInit)
    TimeTick_Decrement                       0x08001ef1   Thumb Code    18  delay.o(i.TimeTick_Decrement)
    Timer4_Init                              0x08001f09   Thumb Code    86  usmart.o(i.Timer4_Init)
    USART1_IRQHandler                        0x08001f65   Thumb Code   122  usart.o(i.USART1_IRQHandler)
    USART_ClockInit                          0x08001fed   Thumb Code    32  stm32f4xx_usart.o(i.USART_ClockInit)
    USART_Cmd                                0x0800200d   Thumb Code    24  stm32f4xx_usart.o(i.USART_Cmd)
    USART_GetFlagStatus                      0x08002025   Thumb Code    26  stm32f4xx_usart.o(i.USART_GetFlagStatus)
    USART_GetITStatus                        0x0800203f   Thumb Code    84  stm32f4xx_usart.o(i.USART_GetITStatus)
    USART_ITConfig                           0x08002093   Thumb Code    74  stm32f4xx_usart.o(i.USART_ITConfig)
    USART_Init                               0x080020dd   Thumb Code   204  stm32f4xx_usart.o(i.USART_Init)
    USART_ReceiveData                        0x080021b1   Thumb Code    10  stm32f4xx_usart.o(i.USART_ReceiveData)
    USART_SendData                           0x080021bb   Thumb Code     8  stm32f4xx_usart.o(i.USART_SendData)
    USART_SendString_bysize                  0x080021c3   Thumb Code    50  usart.o(i.USART_SendString_bysize)
    UsageFault_Handler                       0x080021f5   Thumb Code     4  stm32f4xx_it.o(i.UsageFault_Handler)
    Usart2_Init                              0x080021f9   Thumb Code   230  usart.o(i.Usart2_Init)
    Y_test                                   0x080022e9   Thumb Code    64  test.o(i.Y_test)
    __0printf$8                              0x08002331   Thumb Code    22  printf8.o(i.__0printf$8)
    __1printf$8                              0x08002331   Thumb Code     0  printf8.o(i.__0printf$8)
    __2printf                                0x08002331   Thumb Code     0  printf8.o(i.__0printf$8)
    __scatterload_copy                       0x08002351   Thumb Code    14  handlers.o(i.__scatterload_copy)
    __scatterload_null                       0x0800235f   Thumb Code     2  handlers.o(i.__scatterload_null)
    __scatterload_zeroinit                   0x08002361   Thumb Code    14  handlers.o(i.__scatterload_zeroinit)
    ctrl_pwm                                 0x080027d5   Thumb Code    92  ctrl.o(i.ctrl_pwm)
    delay_1ms                                0x08002835   Thumb Code    20  delay.o(i.delay_1ms)
    delay_ms                                 0x0800284d   Thumb Code    20  delay.o(i.delay_ms)
    delay_us                                 0x08002861   Thumb Code    16  delay.o(i.delay_us)
    fputc                                    0x08002875   Thumb Code    22  usart.o(i.fputc)
    getB                                     0x08002891   Thumb Code    60  dgp.o(i.getB)
    getG                                     0x080028cd   Thumb Code    60  dgp.o(i.getG)
    getH                                     0x08002909   Thumb Code   514  dgp.o(i.getH)
    getR                                     0x08002b25   Thumb Code    58  dgp.o(i.getR)
    getY                                     0x08002b61   Thumb Code   206  dgp.o(i.getY)
    jpeg_data_process                        0x08002c49   Thumb Code    90  dgp.o(i.jpeg_data_process)
    main                                     0x08002cb1   Thumb Code   144  main.o(i.main)
    matlab_test                              0x08002d5d   Thumb Code    48  test.o(i.matlab_test)
    noAck                                    0x08002d95   Thumb Code    64  ov7670.o(i.noAck)
    ov7670_error                             0x08002dd9   Thumb Code    48  led.o(i.ov7670_error)
    read_addr                                0x08002e11   Thumb Code     6  usmart.o(i.read_addr)
    test_mode                                0x08002e19   Thumb Code     6  test.o(i.test_mode)
    uart_init                                0x08002e25   Thumb Code   164  usart.o(i.uart_init)
    usmart_cmd_rec                           0x08002ed1   Thumb Code   170  usmart.o(i.usmart_cmd_rec)
    usmart_exe                               0x08002f81   Thumb Code   632  usmart.o(i.usmart_exe)
    usmart_get_aparm                         0x08003255   Thumb Code   200  usmart_str.o(i.usmart_get_aparm)
    usmart_get_cmdname                       0x0800331d   Thumb Code    54  usmart_str.o(i.usmart_get_cmdname)
    usmart_get_fname                         0x08003355   Thumb Code   440  usmart_str.o(i.usmart_get_fname)
    usmart_get_fparam                        0x08003515   Thumb Code   262  usmart_str.o(i.usmart_get_fparam)
    usmart_get_parmpos                       0x08003621   Thumb Code    26  usmart_str.o(i.usmart_get_parmpos)
    usmart_get_runtime                       0x08003641   Thumb Code    60  usmart.o(i.usmart_get_runtime)
    usmart_init                              0x08003685   Thumb Code    36  usmart.o(i.usmart_init)
    usmart_pow                               0x080036ad   Thumb Code    22  usmart_str.o(i.usmart_pow)
    usmart_reset_runtime                     0x080036c5   Thumb Code    38  usmart.o(i.usmart_reset_runtime)
    usmart_scan                              0x080036f5   Thumb Code   120  usmart.o(i.usmart_scan)
    usmart_search_nextc                      0x080037b1   Thumb Code    22  usmart_str.o(i.usmart_search_nextc)
    usmart_str2num                           0x080037c7   Thumb Code   202  usmart_str.o(i.usmart_str2num)
    usmart_strcmp                            0x08003891   Thumb Code    34  usmart_str.o(i.usmart_strcmp)
    usmart_strcopy                           0x080038b3   Thumb Code    22  usmart_str.o(i.usmart_strcopy)
    usmart_strlen                            0x080038c9   Thumb Code    24  usmart_str.o(i.usmart_strlen)
    usmart_sys_cmd_exe                       0x080038e1   Thumb Code  1554  usmart.o(i.usmart_sys_cmd_exe)
    write_addr                               0x08003fc5   Thumb Code     4  usmart.o(i.write_addr)
    Region$$Table$$Base                      0x08004320   Number         0  anon$$obj.o(Region$$Table)
    Region$$Table$$Limit                     0x08004340   Number         0  anon$$obj.o(Region$$Table)
    Init_Finish                              0x20000000   Data           1  main.o(.data)
    pwm                                      0x20000002   Data           8  ctrl.o(.data)
    CH                                       0x2000000a   Data           8  ctrl.o(.data)
    ov_frame                                 0x20000014   Data           1  dgp.o(.data)
    jpeg_data_len                            0x20000018   Data           4  dgp.o(.data)
    jpeg_data_ok                             0x2000001c   Data           1  dgp.o(.data)
    mode                                     0x2000001d   Data           1  test.o(.data)
    __stdout                                 0x20000024   Data           4  usart.o(.data)
    USART_RX_STA                             0x20000028   Data           2  usart.o(.data)
    TxCounter                                0x2000002a   Data           1  usart.o(.data)
    count                                    0x2000002b   Data           1  usart.o(.data)
    SystemCoreClock                          0x2000003c   Data           4  system_stm32f4xx.o(.data)
    AHBPrescTable                            0x20000040   Data          16  system_stm32f4xx.o(.data)
    sys_cmd_tab                              0x20000050   Data          28  usmart.o(.data)
    usmart_nametab                           0x2000006c   Data          56  usmart_config.o(.data)
    usmart_dev                               0x200000a4   Data         244  usmart_config.o(.data)
    USART_RX_BUF                             0x20000198   Data         200  usart.o(.bss)
    TxBuffer                                 0x20000260   Data         256  usart.o(.bss)
    Rx_Buf                                   0x20000360   Data         256  usart.o(.bss)
    jpeg_buf                                 0x20000460   Data       38400  ov7670.o(.bss)
    im                                       0x20009a60   Data       19200  ov7670.o(.bss)
    __initial_sp                             0x2000e960   Data           0  startup_stm32f4xx.o(STACK)



==============================================================================

Memory Map of the image

  Image Entry point : 0x08000189

  Load Region LR_IROM1 (Base: 0x08000000, Size: 0x000044d8, Max: 0x00080000, ABSOLUTE, COMPRESSED[0x000043bc])

    Execution Region ER_IROM1 (Base: 0x08000000, Size: 0x00004340, Max: 0x00080000, ABSOLUTE)

    Base Addr    Size         Type   Attr      Idx    E Section Name        Object

    0x08000000   0x00000188   Data   RO         2609    RESET               startup_stm32f4xx.o
    0x08000188   0x00000000   Code   RO         2801  * .ARM.Collect$$$$00000000  mc_w.l(entry.o)
    0x08000188   0x00000004   Code   RO         3083    .ARM.Collect$$$$00000001  mc_w.l(entry2.o)
    0x0800018c   0x00000004   Code   RO         3086    .ARM.Collect$$$$00000004  mc_w.l(entry5.o)
    0x08000190   0x00000000   Code   RO         3088    .ARM.Collect$$$$00000008  mc_w.l(entry7b.o)
    0x08000190   0x00000000   Code   RO         3090    .ARM.Collect$$$$0000000A  mc_w.l(entry8b.o)
    0x08000190   0x00000008   Code   RO         3091    .ARM.Collect$$$$0000000B  mc_w.l(entry9a.o)
    0x08000198   0x00000000   Code   RO         3093    .ARM.Collect$$$$0000000D  mc_w.l(entry10a.o)
    0x08000198   0x00000000   Code   RO         3095    .ARM.Collect$$$$0000000F  mc_w.l(entry11a.o)
    0x08000198   0x00000004   Code   RO         3084    .ARM.Collect$$$$00002712  mc_w.l(entry2.o)
    0x0800019c   0x00000024   Code   RO         2610    .text               startup_stm32f4xx.o
    0x080001c0   0x0000014e   Code   RO         3065    .text               mf_w.l(dadd.o)
    0x0800030e   0x000000e4   Code   RO         3067    .text               mf_w.l(dmul.o)
    0x080003f2   0x00000022   Code   RO         3069    .text               mf_w.l(dflti.o)
    0x08000414   0x0000001a   Code   RO         3071    .text               mf_w.l(dfltui.o)
    0x0800042e   0x00000032   Code   RO         3073    .text               mf_w.l(dfixui.o)
    0x08000460   0x00000026   Code   RO         3075    .text               mf_w.l(f2d.o)
    0x08000486   0x00000038   Code   RO         3081    .text               mf_w.l(d2f.o)
    0x080004be   0x00000062   Code   RO         3099    .text               mc_w.l(uldiv.o)
    0x08000520   0x0000001e   Code   RO         3101    .text               mc_w.l(llshl.o)
    0x0800053e   0x00000020   Code   RO         3103    .text               mc_w.l(llushr.o)
    0x0800055e   0x00000024   Code   RO         3105    .text               mc_w.l(llsshr.o)
    0x08000582   0x00000000   Code   RO         3107    .text               mc_w.l(iusefp.o)
    0x08000582   0x0000006e   Code   RO         3108    .text               mf_w.l(fepilogue.o)
    0x080005f0   0x000000ba   Code   RO         3110    .text               mf_w.l(depilogue.o)
    0x080006aa   0x00000002   PAD
    0x080006ac   0x00000024   Code   RO         3116    .text               mc_w.l(init.o)
    0x080006d0   0x00000056   Code   RO         3126    .text               mc_w.l(__dczerorl2.o)
    0x08000726   0x00000002   PAD
    0x08000728   0x00000060   Code   RO          232    i.All_Init          init.o
    0x08000788   0x00000048   Code   RO          416    i.B_test            test.o
    0x080007d0   0x00000004   Code   RO          120    i.BusFault_Handler  stm32f4xx_it.o
    0x080007d4   0x00000234   Code   RO          623    i.Cam_Init          ov7670.o
    0x08000a08   0x00000024   Code   RO         2429    i.DCMI_CROPCmd      stm32f4xx_dcmi.o
    0x08000a2c   0x00000020   Code   RO         2430    i.DCMI_CROPConfig   stm32f4xx_dcmi.o
    0x08000a4c   0x00000024   Code   RO         2431    i.DCMI_CaptureCmd   stm32f4xx_dcmi.o
    0x08000a70   0x0000000c   Code   RO         2433    i.DCMI_ClearITPendingBit  stm32f4xx_dcmi.o
    0x08000a7c   0x00000024   Code   RO         2434    i.DCMI_Cmd          stm32f4xx_dcmi.o
    0x08000aa0   0x00000070   Code   RO          624    i.DCMI_DMA_Init     ov7670.o
    0x08000b10   0x0000001c   Code   RO         2437    i.DCMI_GetITStatus  stm32f4xx_dcmi.o
    0x08000b2c   0x00000028   Code   RO          258    i.DCMI_IRQHandler   dgp.o
    0x08000b54   0x00000024   Code   RO         2438    i.DCMI_ITConfig     stm32f4xx_dcmi.o
    0x08000b78   0x00000040   Code   RO         2439    i.DCMI_Init         stm32f4xx_dcmi.o
    0x08000bb8   0x0000001c   Code   RO          625    i.DCMI_Start        ov7670.o
    0x08000bd4   0x00000016   Code   RO         2307    i.DMA_Cmd           stm32f4xx_dma.o
    0x08000bea   0x00000002   PAD
    0x08000bec   0x00000158   Code   RO         2308    i.DMA_DeInit        stm32f4xx_dma.o
    0x08000d44   0x00000014   Code   RO         2312    i.DMA_GetCmdStatus  stm32f4xx_dma.o
    0x08000d58   0x00000008   Code   RO         2313    i.DMA_GetCurrDataCounter  stm32f4xx_dma.o
    0x08000d60   0x00000058   Code   RO         2319    i.DMA_Init          stm32f4xx_dma.o
    0x08000db8   0x00000004   Code   RO         2322    i.DMA_SetCurrDataCounter  stm32f4xx_dma.o
    0x08000dbc   0x00000002   Code   RO          121    i.DebugMon_Handler  stm32f4xx_it.o
    0x08000dbe   0x00000090   Code   RO         1031    i.GPIO_Init         stm32f4xx_gpio.o
    0x08000e4e   0x00000046   Code   RO         1032    i.GPIO_PinAFConfig  stm32f4xx_gpio.o
    0x08000e94   0x00000004   Code   RO         1038    i.GPIO_ResetBits    stm32f4xx_gpio.o
    0x08000e98   0x00000004   Code   RO         1039    i.GPIO_SetBits      stm32f4xx_gpio.o
    0x08000e9c   0x00000048   Code   RO          417    i.G_test            test.o
    0x08000ee4   0x00000048   Code   RO          418    i.H_test            test.o
    0x08000f2c   0x00000004   Code   RO          122    i.HardFault_Handler  stm32f4xx_it.o
    0x08000f30   0x00000040   Code   RO          520    i.LED_GPIO_Conf     led.o
    0x08000f70   0x00000024   Code   RO          521    i.LED_SET           led.o
    0x08000f94   0x00000004   Code   RO          123    i.MemManage_Handler  stm32f4xx_it.o
    0x08000f98   0x00000002   Code   RO          124    i.NMI_Handler       stm32f4xx_it.o
    0x08000f9a   0x00000002   PAD
    0x08000f9c   0x00000078   Code   RO          805    i.NVIC_Init         misc.o
    0x08001014   0x00000014   Code   RO          806    i.NVIC_PriorityGroupConfig  misc.o
    0x08001028   0x00000050   Code   RO          627    i.OV7670_Init       ov7670.o
    0x08001078   0x000000b8   Code   RO          628    i.OV7670_config_window  ov7670.o
    0x08001130   0x00000010   Code   RO          629    i.OV_ReadID         ov7670.o
    0x08001140   0x00000066   Code   RO          630    i.OV_ReadReg        ov7670.o
    0x080011a6   0x0000000c   Code   RO          631    i.OV_Reset          ov7670.o
    0x080011b2   0x0000004e   Code   RO          632    i.OV_WriteReg       ov7670.o
    0x08001200   0x00000218   Code   RO          754    i.PWM_Out_Init      pwm_out.o
    0x08001418   0x00000002   Code   RO          125    i.PendSV_Handler    stm32f4xx_it.o
    0x0800141a   0x00000002   PAD
    0x0800141c   0x00000020   Code   RO         1308    i.RCC_AHB1PeriphClockCmd  stm32f4xx_rcc.o
    0x0800143c   0x00000020   Code   RO         1311    i.RCC_AHB2PeriphClockCmd  stm32f4xx_rcc.o
    0x0800145c   0x00000020   Code   RO         1317    i.RCC_APB1PeriphClockCmd  stm32f4xx_rcc.o
    0x0800147c   0x00000020   Code   RO         1320    i.RCC_APB2PeriphClockCmd  stm32f4xx_rcc.o
    0x0800149c   0x000000e8   Code   RO         1329    i.RCC_GetClocksFreq  stm32f4xx_rcc.o
    0x08001584   0x0000001c   Code   RO         1340    i.RCC_MCO1Config    stm32f4xx_rcc.o
    0x080015a0   0x00000048   Code   RO          419    i.R_test            test.o
    0x080015e8   0x00000038   Code   RO          633    i.SCCB_Init         ov7670.o
    0x08001620   0x00000058   Code   RO          634    i.SCCB_Read         ov7670.o
    0x08001678   0x00000028   Code   RO          635    i.SCCB_SID_IN       ov7670.o
    0x080016a0   0x00000030   Code   RO          636    i.SCCB_SID_OUT      ov7670.o
    0x080016d0   0x00000044   Code   RO          637    i.SCCB_Start        ov7670.o
    0x08001714   0x00000038   Code   RO          638    i.SCCB_Stop         ov7670.o
    0x0800174c   0x000000a0   Code   RO          639    i.SCCB_Write        ov7670.o
    0x080017ec   0x00000002   Code   RO          126    i.SVC_Handler       stm32f4xx_it.o
    0x080017ee   0x00000002   PAD
    0x080017f0   0x00000068   Code   RO          755    i.SetPwm_1          pwm_out.o
    0x08001858   0x000000ec   Code   RO         2575    i.SetSysClock       system_stm32f4xx.o
    0x08001944   0x00000008   Code   RO          127    i.SysTick_Handler   stm32f4xx_it.o
    0x0800194c   0x0000006c   Code   RO          474    i.SysTick_Init      delay.o
    0x080019b8   0x00000068   Code   RO         2577    i.SystemInit        system_stm32f4xx.o
    0x08001a20   0x00000078   Code   RO          782    i.TIM3_IRQHandler   timer.o
    0x08001a98   0x0000005c   Code   RO          783    i.TIM3_Int_Init     timer.o
    0x08001af4   0x00000038   Code   RO         2625    i.TIM4_IRQHandler   usmart.o
    0x08001b2c   0x00000018   Code   RO         1751    i.TIM_ARRPreloadConfig  stm32f4xx_tim.o
    0x08001b44   0x00000006   Code   RO         1757    i.TIM_ClearFlag     stm32f4xx_tim.o
    0x08001b4a   0x00000006   Code   RO         1758    i.TIM_ClearITPendingBit  stm32f4xx_tim.o
    0x08001b50   0x00000018   Code   RO         1763    i.TIM_Cmd           stm32f4xx_tim.o
    0x08001b68   0x0000001e   Code   RO         1765    i.TIM_CtrlPWMOutputs  stm32f4xx_tim.o
    0x08001b86   0x00000006   Code   RO         1782    i.TIM_GetCounter    stm32f4xx_tim.o
    0x08001b8c   0x00000012   Code   RO         1783    i.TIM_GetFlagStatus  stm32f4xx_tim.o
    0x08001b9e   0x00000022   Code   RO         1784    i.TIM_GetITStatus   stm32f4xx_tim.o
    0x08001bc0   0x00000012   Code   RO         1788    i.TIM_ITConfig      stm32f4xx_tim.o
    0x08001bd2   0x00000002   PAD
    0x08001bd4   0x0000007c   Code   RO         1792    i.TIM_OC1Init       stm32f4xx_tim.o
    0x08001c50   0x000000a4   Code   RO         1797    i.TIM_OC2Init       stm32f4xx_tim.o
    0x08001cf4   0x000000a0   Code   RO         1802    i.TIM_OC3Init       stm32f4xx_tim.o
    0x08001d94   0x00000012   Code   RO         1805    i.TIM_OC3PreloadConfig  stm32f4xx_tim.o
    0x08001da6   0x00000002   PAD
    0x08001da8   0x00000078   Code   RO         1807    i.TIM_OC4Init       stm32f4xx_tim.o
    0x08001e20   0x0000001a   Code   RO         1809    i.TIM_OC4PreloadConfig  stm32f4xx_tim.o
    0x08001e3a   0x00000014   Code   RO         1810    i.TIM_OCStructInit  stm32f4xx_tim.o
    0x08001e4e   0x00000004   Code   RO         1823    i.TIM_SetAutoreload  stm32f4xx_tim.o
    0x08001e52   0x00000004   Code   RO         1829    i.TIM_SetCounter    stm32f4xx_tim.o
    0x08001e56   0x00000002   PAD
    0x08001e58   0x00000084   Code   RO         1835    i.TIM_TimeBaseInit  stm32f4xx_tim.o
    0x08001edc   0x00000012   Code   RO         1836    i.TIM_TimeBaseStructInit  stm32f4xx_tim.o
    0x08001eee   0x00000002   PAD
    0x08001ef0   0x00000018   Code   RO          475    i.TimeTick_Decrement  delay.o
    0x08001f08   0x0000005c   Code   RO         2626    i.Timer4_Init       usmart.o
    0x08001f64   0x00000088   Code   RO          548    i.USART1_IRQHandler  usart.o
    0x08001fec   0x00000020   Code   RO         1126    i.USART_ClockInit   stm32f4xx_usart.o
    0x0800200c   0x00000018   Code   RO         1128    i.USART_Cmd         stm32f4xx_usart.o
    0x08002024   0x0000001a   Code   RO         1131    i.USART_GetFlagStatus  stm32f4xx_usart.o
    0x0800203e   0x00000054   Code   RO         1132    i.USART_GetITStatus  stm32f4xx_usart.o
    0x08002092   0x0000004a   Code   RO         1134    i.USART_ITConfig    stm32f4xx_usart.o
    0x080020dc   0x000000d4   Code   RO         1135    i.USART_Init        stm32f4xx_usart.o
    0x080021b0   0x0000000a   Code   RO         1142    i.USART_ReceiveData  stm32f4xx_usart.o
    0x080021ba   0x00000008   Code   RO         1145    i.USART_SendData    stm32f4xx_usart.o
    0x080021c2   0x00000032   Code   RO          550    i.USART_SendString_bysize  usart.o
    0x080021f4   0x00000004   Code   RO          128    i.UsageFault_Handler  stm32f4xx_it.o
    0x080021f8   0x000000f0   Code   RO          552    i.Usart2_Init       usart.o
    0x080022e8   0x00000048   Code   RO          420    i.Y_test            test.o
    0x08002330   0x00000020   Code   RO         3011    i.__0printf$8       mc_w.l(printf8.o)
    0x08002350   0x0000000e   Code   RO         3120    i.__scatterload_copy  mc_w.l(handlers.o)
    0x0800235e   0x00000002   Code   RO         3121    i.__scatterload_null  mc_w.l(handlers.o)
    0x08002360   0x0000000e   Code   RO         3122    i.__scatterload_zeroinit  mc_w.l(handlers.o)
    0x0800236e   0x00000002   PAD
    0x08002370   0x00000410   Code   RO         3018    i._printf_core      mc_w.l(printf8.o)
    0x08002780   0x00000024   Code   RO         3019    i._printf_post_padding  mc_w.l(printf8.o)
    0x080027a4   0x0000002e   Code   RO         3020    i._printf_pre_padding  mc_w.l(printf8.o)
    0x080027d2   0x00000002   PAD
    0x080027d4   0x00000060   Code   RO          187    i.ctrl_pwm          ctrl.o
    0x08002834   0x00000018   Code   RO          476    i.delay_1ms         delay.o
    0x0800284c   0x00000014   Code   RO          477    i.delay_ms          delay.o
    0x08002860   0x00000014   Code   RO          478    i.delay_us          delay.o
    0x08002874   0x0000001c   Code   RO          555    i.fputc             usart.o
    0x08002890   0x0000003c   Code   RO          259    i.getB              dgp.o
    0x080028cc   0x0000003c   Code   RO          260    i.getG              dgp.o
    0x08002908   0x0000021c   Code   RO          261    i.getH              dgp.o
    0x08002b24   0x0000003a   Code   RO          263    i.getR              dgp.o
    0x08002b5e   0x00000002   PAD
    0x08002b60   0x000000e8   Code   RO          265    i.getY              dgp.o
    0x08002c48   0x00000068   Code   RO          266    i.jpeg_data_process  dgp.o
    0x08002cb0   0x000000ac   Code   RO            2    i.main              main.o
    0x08002d5c   0x00000038   Code   RO          421    i.matlab_test       test.o
    0x08002d94   0x00000044   Code   RO          640    i.noAck             ov7670.o
    0x08002dd8   0x00000038   Code   RO          522    i.ov7670_error      led.o
    0x08002e10   0x00000006   Code   RO         2627    i.read_addr         usmart.o
    0x08002e16   0x00000002   PAD
    0x08002e18   0x0000000c   Code   RO          422    i.test_mode         test.o
    0x08002e24   0x000000ac   Code   RO          556    i.uart_init         usart.o
    0x08002ed0   0x000000b0   Code   RO         2628    i.usmart_cmd_rec    usmart.o
    0x08002f80   0x000002d4   Code   RO         2629    i.usmart_exe        usmart.o
    0x08003254   0x000000c8   Code   RO         2726    i.usmart_get_aparm  usmart_str.o
    0x0800331c   0x00000036   Code   RO         2727    i.usmart_get_cmdname  usmart_str.o
    0x08003352   0x00000002   PAD
    0x08003354   0x000001c0   Code   RO         2728    i.usmart_get_fname  usmart_str.o
    0x08003514   0x0000010c   Code   RO         2729    i.usmart_get_fparam  usmart_str.o
    0x08003620   0x00000020   Code   RO         2730    i.usmart_get_parmpos  usmart_str.o
    0x08003640   0x00000044   Code   RO         2630    i.usmart_get_runtime  usmart.o
    0x08003684   0x00000028   Code   RO         2631    i.usmart_init       usmart.o
    0x080036ac   0x00000016   Code   RO         2731    i.usmart_pow        usmart_str.o
    0x080036c2   0x00000002   PAD
    0x080036c4   0x00000030   Code   RO         2632    i.usmart_reset_runtime  usmart.o
    0x080036f4   0x000000bc   Code   RO         2633    i.usmart_scan       usmart.o
    0x080037b0   0x00000016   Code   RO         2732    i.usmart_search_nextc  usmart_str.o
    0x080037c6   0x000000ca   Code   RO         2733    i.usmart_str2num    usmart_str.o
    0x08003890   0x00000022   Code   RO         2734    i.usmart_strcmp     usmart_str.o
    0x080038b2   0x00000016   Code   RO         2735    i.usmart_strcopy    usmart_str.o
    0x080038c8   0x00000018   Code   RO         2736    i.usmart_strlen     usmart_str.o
    0x080038e0   0x000006e4   Code   RO         2634    i.usmart_sys_cmd_exe  usmart.o
    0x08003fc4   0x00000004   Code   RO         2635    i.write_addr        usmart.o
    0x08003fc8   0x00000266   Data   RO          642    .constdata          ov7670.o
    0x0800422e   0x00000002   PAD
    0x08004230   0x00000028   Data   RO         2636    .conststring        usmart.o
    0x08004258   0x000000c8   Data   RO         2705    .conststring        usmart_config.o
    0x08004320   0x00000020   Data   RO         3118    Region$$Table       anon$$obj.o


    Execution Region RW_IRAM1 (Base: 0x20000000, Size: 0x0000e960, Max: 0x00020000, ABSOLUTE, COMPRESSED[0x0000007c])

    Base Addr    Size         Type   Attr      Idx    E Section Name        Object

    0x20000000   0x00000001   Data   RW            3    .data               main.o
    0x20000001   0x00000001   PAD
    0x20000002   0x00000010   Data   RW          190    .data               ctrl.o
    0x20000012   0x00000002   PAD
    0x20000014   0x00000009   Data   RW          267    .data               dgp.o
    0x2000001d   0x00000001   Data   RW          423    .data               test.o
    0x2000001e   0x00000002   PAD
    0x20000020   0x00000004   Data   RW          479    .data               delay.o
    0x20000024   0x00000008   Data   RW          558    .data               usart.o
    0x2000002c   0x00000010   Data   RW         1352    .data               stm32f4xx_rcc.o
    0x2000003c   0x00000014   Data   RW         2578    .data               system_stm32f4xx.o
    0x20000050   0x0000001c   Data   RW         2637    .data               usmart.o
    0x2000006c   0x0000012c   Data   RW         2706    .data               usmart_config.o
    0x20000198   0x000002c8   Zero   RW          557    .bss                usart.o
    0x20000460   0x0000e100   Zero   RW          641    .bss                ov7670.o
    0x2000e560   0x00000400   Zero   RW         2607    STACK               startup_stm32f4xx.o


==============================================================================

Image component sizes


      Code (inc. data)   RO Data    RW Data    ZI Data      Debug   Object Name

        96          4          0         16          0       1419   ctrl.o
       196         32          0          4          0      21353   delay.o
      1094         72          0          9          0       4971   dgp.o
        96          6          0          0          0        535   init.o
       156         18          0          0          0       1525   led.o
       172         28          0          1          0     275825   main.o
       140         24          0          0          0       1579   misc.o
      1760         86        614          0      57600      11560   ov7670.o
       640         30          0          0          0       2130   pwm_out.o
        36          8        392          0       1024        824   startup_stm32f4xx.o
       280         44          0          0          0       4842   stm32f4xx_dcmi.o
       486         26          0          0          0       4899   stm32f4xx_dma.o
       222          0          0          0          0       2939   stm32f4xx_gpio.o
        32          0          0          0          0       4170   stm32f4xx_it.o
       388         46          0         16          0       5645   stm32f4xx_rcc.o
       956         66          0          0          0      13102   stm32f4xx_tim.o
       470          8          0          0          0       6171   stm32f4xx_usart.o
       340         32          0         20          0       1893   system_stm32f4xx.o
       428         54          0          1          0       4474   test.o
       212         64          0          0          0       1162   timer.o
       626         38          0          8        712       5480   usart.o
      3166       1332         40         28          0       7822   usmart.o
         0          0        200        300          0       1588   usmart_config.o
      1328         20          0          0          0       8613   usmart_str.o

    ----------------------------------------------------------------------
     13344       2038       1280        408      59336     394521   Object Totals
         0          0         32          0          0          0   (incl. Generated)
        24          0          2          5          0          0   (incl. Padding)

    ----------------------------------------------------------------------

      Code (inc. data)   RO Data    RW Data    ZI Data      Debug   Library Member Name

        86          0          0          0          0          0   __dczerorl2.o
         0          0          0          0          0          0   entry.o
         0          0          0          0          0          0   entry10a.o
         0          0          0          0          0          0   entry11a.o
         8          4          0          0          0          0   entry2.o
         4          0          0          0          0          0   entry5.o
         0          0          0          0          0          0   entry7b.o
         0          0          0          0          0          0   entry8b.o
         8          4          0          0          0          0   entry9a.o
        30          0          0          0          0          0   handlers.o
        36          8          0          0          0         68   init.o
         0          0          0          0          0          0   iusefp.o
        30          0          0          0          0         68   llshl.o
        36          0          0          0          0         68   llsshr.o
        32          0          0          0          0         68   llushr.o
      1154         54          0          0          0        352   printf8.o
        98          0          0          0          0         92   uldiv.o
        56          0          0          0          0         88   d2f.o
       334          0          0          0          0        148   dadd.o
       186          0          0          0          0        176   depilogue.o
        50          0          0          0          0         76   dfixui.o
        34          0          0          0          0         76   dflti.o
        26          0          0          0          0         76   dfltui.o
       228          0          0          0          0         96   dmul.o
        38          0          0          0          0         68   f2d.o
       110          0          0          0          0        168   fepilogue.o

    ----------------------------------------------------------------------
      2592         70          0          0          0       1688   Library Totals
         8          0          0          0          0          0   (incl. Padding)

    ----------------------------------------------------------------------

      Code (inc. data)   RO Data    RW Data    ZI Data      Debug   Library Name

      1522         70          0          0          0        716   mc_w.l
      1062          0          0          0          0        972   mf_w.l

    ----------------------------------------------------------------------
      2592         70          0          0          0       1688   Library Totals

    ----------------------------------------------------------------------

==============================================================================


      Code (inc. data)   RO Data    RW Data    ZI Data      Debug   

     15936       2108       1280        408      59336     382413   Grand Totals
     15936       2108       1280        124      59336     382413   ELF Image Totals (compressed)
     15936       2108       1280        124          0          0   ROM Totals

==============================================================================

    Total RO  Size (Code + RO Data)                17216 (  16.81kB)
    Total RW  Size (RW Data + ZI Data)             59744 (  58.34kB)
    Total ROM Size (Code + RO Data + RW Data)      17340 (  16.93kB)

==============================================================================

