Component: ARM Compiler 5.05 update 2 (build 169) Tool: armlink [4d0f33]

==============================================================================

Section Cross References

    main.o(i.main) refers to init.o(i.All_Init) for All_Init
    main.o(i.main) refers to delay.o(i.delay_ms) for delay_ms
    main.o(i.main) refers to ctrl.o(i.ctrl_pwm) for ctrl_pwm
    main.o(i.main) refers to dgp.o(i.getH_op1) for getH_op1
    main.o(i.main) refers to stm32f4xx_gpio.o(i.GPIO_ResetBits) for GPIO_ResetBits
    main.o(i.main) refers to usart.o(i.USART_SendString_bysize) for USART_SendString_bysize
    main.o(i.main) refers to stm32f4xx_usart.o(i.USART_SendData) for USART_SendData
    main.o(i.main) refers to stm32f4xx_gpio.o(i.GPIO_SetBits) for GPIO_SetBits
    main.o(i.main) refers to main.o(.data) for Init_Finish
    main.o(i.main) refers to ctrl.o(.data) for CH
    main.o(i.main) refers to dgp.o(.data) for jpeg_data_ok
    main.o(i.main) refers to ov7670.o(.bss) for jpeg_buf
    stm32f4xx_it.o(i.SysTick_Handler) refers to delay.o(i.TimeTick_Decrement) for TimeTick_Decrement
    ctrl.o(i.ctrl_pwm) refers to pwm_out.o(i.SetPwm_1) for SetPwm_1
    ctrl.o(i.ctrl_pwm) refers to ctrl.o(.data) for pwm
    ctrl.o(i.pid_set) refers to ctrl.o(.bss) for pid_camera
    init.o(i.All_Init) refers to misc.o(i.NVIC_PriorityGroupConfig) for NVIC_PriorityGroupConfig
    init.o(i.All_Init) refers to system_stm32f4xx.o(i.SystemInit) for SystemInit
    init.o(i.All_Init) refers to led.o(i.LED_GPIO_Conf) for LED_GPIO_Conf
    init.o(i.All_Init) refers to delay.o(i.SysTick_Init) for SysTick_Init
    init.o(i.All_Init) refers to usart.o(i.Usart2_Init) for Usart2_Init
    init.o(i.All_Init) refers to pwm_out.o(i.PWM_Out_Init) for PWM_Out_Init
    init.o(i.All_Init) refers to usart.o(i.uart_init) for uart_init
    init.o(i.All_Init) refers to timer.o(i.TIM3_Int_Init) for TIM3_Int_Init
    init.o(i.All_Init) refers to ov7670.o(i.OV7670_Init) for OV7670_Init
    init.o(i.All_Init) refers to led.o(i.ov7670_error) for ov7670_error
    init.o(i.All_Init) refers to delay.o(i.delay_ms) for delay_ms
    init.o(i.All_Init) refers to ov7670.o(i.DCMI_Start) for DCMI_Start
    init.o(i.All_Init) refers to usmart_config.o(.data) for usmart_dev
    dgp.o(i.DCMI_IRQHandler) refers to stm32f4xx_dcmi.o(i.DCMI_GetITStatus) for DCMI_GetITStatus
    dgp.o(i.DCMI_IRQHandler) refers to dgp.o(i.jpeg_data_process) for jpeg_data_process
    dgp.o(i.DCMI_IRQHandler) refers to stm32f4xx_dcmi.o(i.DCMI_ClearITPendingBit) for DCMI_ClearITPendingBit
    dgp.o(i.DCMI_IRQHandler) refers to dgp.o(.data) for ov_frame
    dgp.o(i.getH) refers to dflti.o(.text) for __aeabi_i2d
    dgp.o(i.getH) refers to dmul.o(.text) for __aeabi_dmul
    dgp.o(i.getH) refers to d2f.o(.text) for __aeabi_d2f
    dgp.o(i.getH) refers to f2d.o(.text) for __aeabi_f2d
    dgp.o(i.getH) refers to dadd.o(.text) for __aeabi_dadd
    dgp.o(i.getH) refers to dfixui.o(.text) for __aeabi_d2uiz
    dgp.o(i.getH_op1) refers to dflti.o(.text) for __aeabi_i2d
    dgp.o(i.getH_op1) refers to dmul.o(.text) for __aeabi_dmul
    dgp.o(i.getH_op1) refers to d2f.o(.text) for __aeabi_d2f
    dgp.o(i.jpeg_data_process) refers to stm32f4xx_dma.o(i.DMA_Cmd) for DMA_Cmd
    dgp.o(i.jpeg_data_process) refers to stm32f4xx_dma.o(i.DMA_GetCmdStatus) for DMA_GetCmdStatus
    dgp.o(i.jpeg_data_process) refers to stm32f4xx_dma.o(i.DMA_GetCurrDataCounter) for DMA_GetCurrDataCounter
    dgp.o(i.jpeg_data_process) refers to stm32f4xx_dma.o(i.DMA_SetCurrDataCounter) for DMA_SetCurrDataCounter
    dgp.o(i.jpeg_data_process) refers to dgp.o(.data) for jpeg_data_ok
    mymath.o(i.fast_atan2) refers to mymath.o(i.my_abs) for my_abs
    mymath.o(i.fast_atan2) refers to mymath.o(.data) for fast_atan_table
    mymath.o(i.mx_sin) refers to cdcmple.o(.text) for __aeabi_cdcmple
    mymath.o(i.mx_sin) refers to dmul.o(.text) for __aeabi_dmul
    mymath.o(i.mx_sin) refers to dadd.o(.text) for __aeabi_dadd
    mymath.o(i.my_atan) refers to mymath.o(i.fast_atan2) for fast_atan2
    mymath.o(i.my_cos) refers to dadd.o(.text) for __aeabi_dadd
    mymath.o(i.my_cos) refers to cdrcmple.o(.text) for __aeabi_cdrcmple
    mymath.o(i.my_cos) refers to dflti.o(.text) for __aeabi_i2d
    mymath.o(i.my_cos) refers to mymath.o(i.my_sin) for my_sin
    mymath.o(i.my_cos) refers to dmul.o(.text) for __aeabi_dmul
    mymath.o(i.my_cos) refers to d2f.o(.text) for __aeabi_d2f
    mymath.o(i.my_sin) refers to cdrcmple.o(.text) for __aeabi_cdrcmple
    mymath.o(i.my_sin) refers to dadd.o(.text) for __aeabi_dsub
    mymath.o(i.my_sin) refers to dflti.o(.text) for __aeabi_i2d
    mymath.o(i.my_sin) refers to mymath.o(i.mx_sin) for mx_sin
    mymath.o(i.my_sin) refers to dmul.o(.text) for __aeabi_dmul
    delay.o(i.SysTick_Init) refers to system_stm32f4xx.o(.data) for SystemCoreClock
    delay.o(i.TimeTick_Decrement) refers to delay.o(.data) for TimingDelay
    delay.o(i.delay_1ms) refers to delay.o(.data) for TimingDelay
[...]
    Removing stm32f4xx_rcc.o(i.RCC_BackupResetCmd), (12 bytes).
    Removing stm32f4xx_rcc.o(i.RCC_ClearFlag), (20 bytes).
    Removing stm32f4xx_rcc.o(i.RCC_ClearITPendingBit), (12 bytes).
    Removing stm32f4xx_rcc.o(i.RCC_ClockSecuritySystemCmd), (12 bytes).
    Removing stm32f4xx_rcc.o(i.RCC_DeInit), (72 bytes).
    Removing stm32f4xx_rcc.o(i.RCC_GetFlagStatus), (64 bytes).
    Removing stm32f4xx_rcc.o(i.RCC_GetITStatus), (24 bytes).
    Removing stm32f4xx_rcc.o(i.RCC_GetSYSCLKSource), (16 bytes).
    Removing stm32f4xx_rcc.o(i.RCC_HCLKConfig), (24 bytes).
    Removing stm32f4xx_rcc.o(i.RCC_HSEConfig), (16 bytes).
    Removing stm32f4xx_rcc.o(i.RCC_HSICmd), (12 bytes).
    Removing stm32f4xx_rcc.o(i.RCC_I2SCLKConfig), (12 bytes).
    Removing stm32f4xx_rcc.o(i.RCC_ITConfig), (32 bytes).
    Removing stm32f4xx_rcc.o(i.RCC_LSEConfig), (44 bytes).
    Removing stm32f4xx_rcc.o(i.RCC_LSICmd), (12 bytes).
    Removing stm32f4xx_rcc.o(i.RCC_MCO2Config), (28 bytes).
    Removing stm32f4xx_rcc.o(i.RCC_PCLK1Config), (24 bytes).
    Removing stm32f4xx_rcc.o(i.RCC_PCLK2Config), (24 bytes).
    Removing stm32f4xx_rcc.o(i.RCC_PLLCmd), (12 bytes).
    Removing stm32f4xx_rcc.o(i.RCC_PLLConfig), (36 bytes).
    Removing stm32f4xx_rcc.o(i.RCC_PLLI2SCmd), (12 bytes).
    Removing stm32f4xx_rcc.o(i.RCC_PLLI2SConfig), (16 bytes).
    Removing stm32f4xx_rcc.o(i.RCC_RTCCLKCmd), (12 bytes).
    Removing stm32f4xx_rcc.o(i.RCC_RTCCLKConfig), (60 bytes).
    Removing stm32f4xx_rcc.o(i.RCC_SYSCLKConfig), (24 bytes).
    Removing stm32f4xx_rcc.o(i.RCC_WaitForHSEStartUp), (56 bytes).
    Removing stm32f4xx_spi.o(.emb_text), (8 bytes).
    Removing stm32f4xx_spi.o(i.I2S_Cmd), (24 bytes).
    Removing stm32f4xx_spi.o(i.I2S_FullDuplexConfig), (80 bytes).
    Removing stm32f4xx_spi.o(i.I2S_Init), (360 bytes).
    Removing stm32f4xx_spi.o(i.I2S_StructInit), (20 bytes).
    Removing stm32f4xx_spi.o(i.SPI_BiDirectionalLineConfig), (28 bytes).
    Removing stm32f4xx_spi.o(i.SPI_CalculateCRC), (24 bytes).
    Removing stm32f4xx_spi.o(i.SPI_Cmd), (24 bytes).
    Removing stm32f4xx_spi.o(i.SPI_DataSizeConfig), (18 bytes).
    Removing stm32f4xx_spi.o(i.SPI_GetCRC), (16 bytes).
    Removing stm32f4xx_spi.o(i.SPI_GetCRCPolynomial), (6 bytes).
    Removing stm32f4xx_spi.o(i.SPI_I2S_ClearFlag), (6 bytes).
    Removing stm32f4xx_spi.o(i.SPI_I2S_ClearITPendingBit), (20 bytes).
    Removing stm32f4xx_spi.o(i.SPI_I2S_DMACmd), (18 bytes).
    Removing stm32f4xx_spi.o(i.SPI_I2S_DeInit), (88 bytes).
    Removing stm32f4xx_spi.o(i.SPI_I2S_GetFlagStatus), (18 bytes).
    Removing stm32f4xx_spi.o(i.SPI_I2S_GetITStatus), (52 bytes).
    Removing stm32f4xx_spi.o(i.SPI_I2S_ITConfig), (32 bytes).
    Removing stm32f4xx_spi.o(i.SPI_I2S_ReceiveData), (6 bytes).
    Removing stm32f4xx_spi.o(i.SPI_I2S_SendData), (4 bytes).
    Removing stm32f4xx_spi.o(i.SPI_Init), (60 bytes).
    Removing stm32f4xx_spi.o(i.SPI_NSSInternalSoftwareConfig), (30 bytes).
    Removing stm32f4xx_spi.o(i.SPI_SSOutputCmd), (24 bytes).
    Removing stm32f4xx_spi.o(i.SPI_StructInit), (24 bytes).
    Removing stm32f4xx_spi.o(i.SPI_TIModeCmd), (24 bytes).
    Removing stm32f4xx_spi.o(i.SPI_TransmitCRC), (10 bytes).
    Removing stm32f4xx_tim.o(.emb_text), (8 bytes).
    Removing stm32f4xx_tim.o(i.TI1_Config), (58 bytes).
    Removing stm32f4xx_tim.o(i.TI2_Config), (80 bytes).
    Removing stm32f4xx_tim.o(i.TI3_Config), (72 bytes).
    Removing stm32f4xx_tim.o(i.TI4_Config), (80 bytes).
    Removing stm32f4xx_tim.o(i.TIM_BDTRConfig), (32 bytes).
    Removing stm32f4xx_tim.o(i.TIM_BDTRStructInit), (18 bytes).
    Removing stm32f4xx_tim.o(i.TIM_CCPreloadControl), (24 bytes).
    Removing stm32f4xx_tim.o(i.TIM_CCxCmd), (30 bytes).
    Removing stm32f4xx_tim.o(i.TIM_CCxNCmd), (30 bytes).
    Removing stm32f4xx_tim.o(i.TIM_ClearOC1Ref), (18 bytes).
    Removing stm32f4xx_tim.o(i.TIM_ClearOC2Ref), (24 bytes).
    Removing stm32f4xx_tim.o(i.TIM_ClearOC3Ref), (18 bytes).
    Removing stm32f4xx_tim.o(i.TIM_ClearOC4Ref), (24 bytes).
    Removing stm32f4xx_tim.o(i.TIM_CounterModeConfig), (18 bytes).
    Removing stm32f4xx_tim.o(i.TIM_DMACmd), (18 bytes).
    Removing stm32f4xx_tim.o(i.TIM_DMAConfig), (10 bytes).
    Removing stm32f4xx_tim.o(i.TIM_DeInit), (400 bytes).
    Removing stm32f4xx_tim.o(i.TIM_ETRClockMode1Config), (54 bytes).
    Removing stm32f4xx_tim.o(i.TIM_ETRClockMode2Config), (32 bytes).
    Removing stm32f4xx_tim.o(i.TIM_ETRConfig), (28 bytes).
    Removing stm32f4xx_tim.o(i.TIM_EncoderInterfaceConfig), (66 bytes).
    Removing stm32f4xx_tim.o(i.TIM_ForcedOC1Config), (18 bytes).
    Removing stm32f4xx_tim.o(i.TIM_ForcedOC2Config), (26 bytes).
    Removing stm32f4xx_tim.o(i.TIM_ForcedOC3Config), (18 bytes).
    Removing stm32f4xx_tim.o(i.TIM_ForcedOC4Config), (26 bytes).
    Removing stm32f4xx_tim.o(i.TIM_GenerateEvent), (4 bytes).
    Removing stm32f4xx_tim.o(i.TIM_GetCapture1), (6 bytes).
    Removing stm32f4xx_tim.o(i.TIM_GetCapture2), (6 bytes).
    Removing stm32f4xx_tim.o(i.TIM_GetCapture3), (6 bytes).
    Removing stm32f4xx_tim.o(i.TIM_GetCapture4), (6 bytes).
    Removing stm32f4xx_tim.o(i.TIM_GetPrescaler), (6 bytes).
    Removing stm32f4xx_tim.o(i.TIM_ICInit), (110 bytes).
    Removing stm32f4xx_tim.o(i.TIM_ICStructInit), (18 bytes).
    Removing stm32f4xx_tim.o(i.TIM_ITRxExternalClockConfig), (24 bytes).
    Removing stm32f4xx_tim.o(i.TIM_InternalClockConfig), (12 bytes).
    Removing stm32f4xx_tim.o(i.TIM_OC1FastConfig), (18 bytes).
    Removing stm32f4xx_tim.o(i.TIM_OC1NPolarityConfig), (18 bytes).
    Removing stm32f4xx_tim.o(i.TIM_OC1PolarityConfig), (18 bytes).
    Removing stm32f4xx_tim.o(i.TIM_OC1PreloadConfig), (18 bytes).
    Removing stm32f4xx_tim.o(i.TIM_OC2FastConfig), (26 bytes).
    Removing stm32f4xx_tim.o(i.TIM_OC2NPolarityConfig), (26 bytes).
    Removing stm32f4xx_tim.o(i.TIM_OC2PolarityConfig), (26 bytes).
    Removing stm32f4xx_tim.o(i.TIM_OC2PreloadConfig), (26 bytes).
    Removing stm32f4xx_tim.o(i.TIM_OC3FastConfig), (18 bytes).
    Removing stm32f4xx_tim.o(i.TIM_OC3NPolarityConfig), (26 bytes).
    Removing stm32f4xx_tim.o(i.TIM_OC3PolarityConfig), (26 bytes).
    Removing stm32f4xx_tim.o(i.TIM_OC4FastConfig), (26 bytes).
    Removing stm32f4xx_tim.o(i.TIM_OC4PolarityConfig), (26 bytes).
    Removing stm32f4xx_tim.o(i.TIM_PWMIConfig), (124 bytes).
    Removing stm32f4xx_tim.o(i.TIM_PrescalerConfig), (6 bytes).
    Removing stm32f4xx_tim.o(i.TIM_RemapConfig), (6 bytes).
    Removing stm32f4xx_tim.o(i.TIM_SelectCCDMA), (24 bytes).
    Removing stm32f4xx_tim.o(i.TIM_SelectCOM), (24 bytes).
    Removing stm32f4xx_tim.o(i.TIM_SelectHallSensor), (24 bytes).
    Removing stm32f4xx_tim.o(i.TIM_SelectInputTrigger), (18 bytes).
    Removing stm32f4xx_tim.o(i.TIM_SelectMasterSlaveMode), (18 bytes).
    Removing stm32f4xx_tim.o(i.TIM_SelectOCxM), (86 bytes).
    Removing stm32f4xx_tim.o(i.TIM_SelectOnePulseMode), (18 bytes).
    Removing stm32f4xx_tim.o(i.TIM_SelectOutputTrigger), (18 bytes).
    Removing stm32f4xx_tim.o(i.TIM_SelectSlaveMode), (18 bytes).
    Removing stm32f4xx_tim.o(i.TIM_SetClockDivision), (18 bytes).
    Removing stm32f4xx_tim.o(i.TIM_SetCompare1), (4 bytes).
    Removing stm32f4xx_tim.o(i.TIM_SetCompare2), (4 bytes).
    Removing stm32f4xx_tim.o(i.TIM_SetCompare3), (4 bytes).
    Removing stm32f4xx_tim.o(i.TIM_SetCompare4), (4 bytes).
    Removing stm32f4xx_tim.o(i.TIM_SetIC1Prescaler), (18 bytes).
    Removing stm32f4xx_tim.o(i.TIM_SetIC2Prescaler), (26 bytes).
    Removing stm32f4xx_tim.o(i.TIM_SetIC3Prescaler), (18 bytes).
    Removing stm32f4xx_tim.o(i.TIM_SetIC4Prescaler), (26 bytes).
    Removing stm32f4xx_tim.o(i.TIM_TIxExternalClockConfig), (62 bytes).
    Removing stm32f4xx_tim.o(i.TIM_UpdateDisableConfig), (24 bytes).
    Removing stm32f4xx_tim.o(i.TIM_UpdateRequestConfig), (24 bytes).
    Removing stm32f4xx_dma.o(.emb_text), (8 bytes).
    Removing stm32f4xx_dma.o(i.DMA_ClearFlag), (52 bytes).
    Removing stm32f4xx_dma.o(i.DMA_ClearITPendingBit), (52 bytes).
    Removing stm32f4xx_dma.o(i.DMA_DoubleBufferModeCmd), (22 bytes).
    Removing stm32f4xx_dma.o(i.DMA_DoubleBufferModeConfig), (24 bytes).
    Removing stm32f4xx_dma.o(i.DMA_FlowControllerConfig), (22 bytes).
    Removing stm32f4xx_dma.o(i.DMA_GetCurrentMemoryTarget), (20 bytes).
    Removing stm32f4xx_dma.o(i.DMA_GetFIFOStatus), (12 bytes).
    Removing stm32f4xx_dma.o(i.DMA_GetFlagStatus), (68 bytes).
    Removing stm32f4xx_dma.o(i.DMA_GetITStatus), (100 bytes).
    Removing stm32f4xx_dma.o(i.DMA_ITConfig), (58 bytes).
    Removing stm32f4xx_dma.o(i.DMA_MemoryTargetConfig), (10 bytes).
    Removing stm32f4xx_dma.o(i.DMA_PeriphIncOffsetSizeConfig), (22 bytes).
    Removing stm32f4xx_dma.o(i.DMA_StructInit), (34 bytes).
    Removing stm32f4xx_dcmi.o(.emb_text), (8 bytes).
    Removing stm32f4xx_dcmi.o(i.DCMI_ClearFlag), (12 bytes).
    Removing stm32f4xx_dcmi.o(i.DCMI_DeInit), (28 bytes).
    Removing stm32f4xx_dcmi.o(i.DCMI_GetFlagStatus), (52 bytes).
    Removing stm32f4xx_dcmi.o(i.DCMI_JPEGCmd), (36 bytes).
    Removing stm32f4xx_dcmi.o(i.DCMI_ReadData), (12 bytes).
    Removing stm32f4xx_dcmi.o(i.DCMI_SetEmbeddedSynchroCodes), (32 bytes).
    Removing stm32f4xx_dcmi.o(i.DCMI_StructInit), (18 bytes).
    Removing stm32f4xx_syscfg.o(.emb_text), (8 bytes).
    Removing stm32f4xx_syscfg.o(i.SYSCFG_CompensationCellCmd), (12 bytes).
    Removing stm32f4xx_syscfg.o(i.SYSCFG_DeInit), (22 bytes).
    Removing stm32f4xx_syscfg.o(i.SYSCFG_ETH_MediaInterfaceConfig), (12 bytes).
    Removing stm32f4xx_syscfg.o(i.SYSCFG_EXTILineConfig), (64 bytes).
    Removing stm32f4xx_syscfg.o(i.SYSCFG_GetCompensationCellStatus), (24 bytes).
    Removing stm32f4xx_syscfg.o(i.SYSCFG_MemoryRemapConfig), (12 bytes).
    Removing system_stm32f4xx.o(.emb_text), (8 bytes).
    Removing system_stm32f4xx.o(i.SystemCoreClockUpdate), (192 bytes).
    Removing startup_stm32f4xx.o(HEAP), (512 bytes).
    Removing sys.o(.emb_text), (24 bytes).
    Removing usmart.o(.emb_text), (8 bytes).
    Removing usmart_config.o(.emb_text), (8 bytes).
    Removing usmart_str.o(.emb_text), (8 bytes).
    Removing dadd.o(.text), (334 bytes).
    Removing dfixui.o(.text), (50 bytes).
    Removing f2d.o(.text), (38 bytes).
    Removing cdcmple.o(.text), (48 bytes).
    Removing cdrcmple.o(.text), (48 bytes).
    Removing ddiv.o(.text), (222 bytes).
    Removing dfixul.o(.text), (48 bytes).

287 unused section(s) (total 13480 bytes) removed from the image.

==============================================================================

Image Symbol Table

    Local Symbols

    Symbol Name                              Value     Ov Type        Size  Object(Section)

    ../clib/../cmprslib/zerorunl2.c          0x00000000   Number         0  __dczerorl2.o ABSOLUTE
    ../clib/microlib/division.c              0x00000000   Number         0  uidiv.o ABSOLUTE
    ../clib/microlib/division.c              0x00000000   Number         0  uldiv.o ABSOLUTE
    ../clib/microlib/init/entry.s            0x00000000   Number         0  entry11b.o ABSOLUTE
    ../clib/microlib/init/entry.s            0x00000000   Number         0  entry2.o ABSOLUTE
    ../clib/microlib/init/entry.s            0x00000000   Number         0  entry11a.o ABSOLUTE
    ../clib/microlib/init/entry.s            0x00000000   Number         0  entry10b.o ABSOLUTE
    ../clib/microlib/init/entry.s            0x00000000   Number         0  entry7b.o ABSOLUTE
    ../clib/microlib/init/entry.s            0x00000000   Number         0  entry10a.o ABSOLUTE
    ../clib/microlib/init/entry.s            0x00000000   Number         0  entry9b.o ABSOLUTE
    ../clib/microlib/init/entry.s            0x00000000   Number         0  entry9a.o ABSOLUTE
    ../clib/microlib/init/entry.s            0x00000000   Number         0  entry.o ABSOLUTE
    ../clib/microlib/init/entry.s            0x00000000   Number         0  entry5.o ABSOLUTE
    ../clib/microlib/init/entry.s            0x00000000   Number         0  entry8b.o ABSOLUTE
    ../clib/microlib/init/entry.s            0x00000000   Number         0  entry7a.o ABSOLUTE
    ../clib/microlib/init/entry.s            0x00000000   Number         0  entry8a.o ABSOLUTE
    ../clib/microlib/longlong.c              0x00000000   Number         0  llsshr.o ABSOLUTE
    ../clib/microlib/longlong.c              0x00000000   Number         0  llshl.o ABSOLUTE
    ../clib/microlib/longlong.c              0x00000000   Number         0  llushr.o ABSOLUTE
    ../clib/microlib/printf/printf.c         0x00000000   Number         0  printfb.o ABSOLUTE
    ../clib/microlib/printf/printf.c         0x00000000   Number         0  printf0.o ABSOLUTE
    ../clib/microlib/printf/printf.c         0x00000000   Number         0  printfa.o ABSOLUTE
    ../clib/microlib/printf/printf.c         0x00000000   Number         0  printf8.o ABSOLUTE
    ../clib/microlib/printf/printf.c         0x00000000   Number         0  printf1.o ABSOLUTE
    ../clib/microlib/printf/printf.c         0x00000000   Number         0  printf7.o ABSOLUTE
    ../clib/microlib/printf/printf.c         0x00000000   Number         0  printf6.o ABSOLUTE
    ../clib/microlib/printf/printf.c         0x00000000   Number         0  printf5.o ABSOLUTE
    ../clib/microlib/printf/printf.c         0x00000000   Number         0  printf4.o ABSOLUTE
    ../clib/microlib/printf/printf.c         0x00000000   Number         0  printf3.o ABSOLUTE
    ../clib/microlib/printf/printf.c         0x00000000   Number         0  printf2.o ABSOLUTE
    ../clib/microlib/printf/stubs.s          0x00000000   Number         0  stubs.o ABSOLUTE
    ../clib/microlib/stubs.s                 0x00000000   Number         0  iusefp.o ABSOLUTE
    ../clib/microlib/stubs.s                 0x00000000   Number         0  useno.o ABSOLUTE
    ../fplib/microlib/d2f.c                  0x00000000   Number         0  d2f.o ABSOLUTE
    ../fplib/microlib/f2d.c                  0x00000000   Number         0  f2d.o ABSOLUTE
    ../fplib/microlib/fpadd.c                0x00000000   Number         0  dadd.o ABSOLUTE
    ../fplib/microlib/fpdiv.c                0x00000000   Number         0  ddiv.o ABSOLUTE
    ../fplib/microlib/fpepilogue.c           0x00000000   Number         0  depilogue.o ABSOLUTE
    ../fplib/microlib/fpepilogue.c           0x00000000   Number         0  fepilogue.o ABSOLUTE
    ../fplib/microlib/fpfix.c                0x00000000   Number         0  dfixul.o ABSOLUTE
    ../fplib/microlib/fpfix.c                0x00000000   Number         0  dfixui.o ABSOLUTE
    ../fplib/microlib/fpflt.c                0x00000000   Number         0  dflti.o ABSOLUTE
    ../fplib/microlib/fpmul.c                0x00000000   Number         0  dmul.o ABSOLUTE
    ..\Hardware\delay\delay.c                0x00000000   Number         0  delay.o ABSOLUTE
    ..\Hardware\led\led.c                    0x00000000   Number         0  led.o ABSOLUTE
    ..\Hardware\ov7670\ov7670.c              0x00000000   Number         0  ov7670.o ABSOLUTE
    ..\Hardware\pwm_out.c                    0x00000000   Number         0  pwm_out.o ABSOLUTE
    ..\Hardware\timer.c                      0x00000000   Number         0  timer.o ABSOLUTE
    ..\Hardware\usart\usart.c                0x00000000   Number         0  usart.o ABSOLUTE
    ..\Libraries\CMSIS\src\system_stm32f4xx.c 0x00000000   Number         0  system_stm32f4xx.o ABSOLUTE
    ..\Libraries\FWlib\src\misc.c            0x00000000   Number         0  misc.o ABSOLUTE
    ..\Libraries\FWlib\src\stm32f4xx_dcmi.c  0x00000000   Number         0  stm32f4xx_dcmi.o ABSOLUTE
    ..\Libraries\FWlib\src\stm32f4xx_dma.c   0x00000000   Number         0  stm32f4xx_dma.o ABSOLUTE
    ..\Libraries\FWlib\src\stm32f4xx_exti.c  0x00000000   Number         0  stm32f4xx_exti.o ABSOLUTE
    ..\Libraries\FWlib\src\stm32f4xx_fsmc.c  0x00000000   Number         0  stm32f4xx_fsmc.o ABSOLUTE
    ..\Libraries\FWlib\src\stm32f4xx_gpio.c  0x00000000   Number         0  stm32f4xx_gpio.o ABSOLUTE
    ..\Libraries\FWlib\src\stm32f4xx_rcc.c   0x00000000   Number         0  stm32f4xx_rcc.o ABSOLUTE
    ..\Libraries\FWlib\src\stm32f4xx_spi.c   0x00000000   Number         0  stm32f4xx_spi.o ABSOLUTE
    ..\Libraries\FWlib\src\stm32f4xx_syscfg.c 0x00000000   Number         0  stm32f4xx_syscfg.o ABSOLUTE
    ..\Libraries\FWlib\src\stm32f4xx_tim.c   0x00000000   Number         0  stm32f4xx_tim.o ABSOLUTE
    ..\Libraries\FWlib\src\stm32f4xx_usart.c 0x00000000   Number         0  stm32f4xx_usart.o ABSOLUTE
    ..\Startup\startup_stm32f4xx.s           0x00000000   Number         0  startup_stm32f4xx.o ABSOLUTE
    ..\Startup\sys.c                         0x00000000   Number         0  sys.o ABSOLUTE
    ..\User\ctrl.c                           0x00000000   Number         0  ctrl.o ABSOLUTE
    ..\User\data_transfer.c                  0x00000000   Number         0  data_transfer.o ABSOLUTE
    ..\User\dgp.c                            0x00000000   Number         0  dgp.o ABSOLUTE
    ..\User\init.c                           0x00000000   Number         0  init.o ABSOLUTE
    ..\User\main.c                           0x00000000   Number         0  main.o ABSOLUTE
    ..\User\mymath.c                         0x00000000   Number         0  mymath.o ABSOLUTE
    ..\User\stm32f4xx_it.c                   0x00000000   Number         0  stm32f4xx_it.o ABSOLUTE
    ..\\Hardware\\delay\\delay.c             0x00000000   Number         0  delay.o ABSOLUTE
    ..\\Hardware\\led\\led.c                 0x00000000   Number         0  led.o ABSOLUTE
    ..\\Hardware\\ov7670\\ov7670.c           0x00000000   Number         0  ov7670.o ABSOLUTE
    ..\\Hardware\\pwm_out.c                  0x00000000   Number         0  pwm_out.o ABSOLUTE
    ..\\Hardware\\timer.c                    0x00000000   Number         0  timer.o ABSOLUTE
    ..\\Hardware\\usart\\usart.c             0x00000000   Number         0  usart.o ABSOLUTE
    ..\\Libraries\\CMSIS\\src\\system_stm32f4xx.c 0x00000000   Number         0  system_stm32f4xx.o ABSOLUTE
    ..\\Libraries\\FWlib\\src\\misc.c        0x00000000   Number         0  misc.o ABSOLUTE
    ..\\Libraries\\FWlib\\src\\stm32f4xx_dcmi.c 0x00000000   Number         0  stm32f4xx_dcmi.o ABSOLUTE
    ..\\Libraries\\FWlib\\src\\stm32f4xx_dma.c 0x00000000   Number         0  stm32f4xx_dma.o ABSOLUTE
    ..\\Libraries\\FWlib\\src\\stm32f4xx_exti.c 0x00000000   Number         0  stm32f4xx_exti.o ABSOLUTE
    ..\\Libraries\\FWlib\\src\\stm32f4xx_fsmc.c 0x00000000   Number         0  stm32f4xx_fsmc.o ABSOLUTE
    ..\\Libraries\\FWlib\\src\\stm32f4xx_gpio.c 0x00000000   Number         0  stm32f4xx_gpio.o ABSOLUTE
    ..\\Libraries\\FWlib\\src\\stm32f4xx_rcc.c 0x00000000   Number         0  stm32f4xx_rcc.o ABSOLUTE
    ..\\Libraries\\FWlib\\src\\stm32f4xx_spi.c 0x00000000   Number         0  stm32f4xx_spi.o ABSOLUTE
    ..\\Libraries\\FWlib\\src\\stm32f4xx_syscfg.c 0x00000000   Number         0  stm32f4xx_syscfg.o ABSOLUTE
    ..\\Libraries\\FWlib\\src\\stm32f4xx_tim.c 0x00000000   Number         0  stm32f4xx_tim.o ABSOLUTE
    ..\\Libraries\\FWlib\\src\\stm32f4xx_usart.c 0x00000000   Number         0  stm32f4xx_usart.o ABSOLUTE
    ..\\Startup\\sys.c                       0x00000000   Number         0  sys.o ABSOLUTE
    ..\\User\\ctrl.c                         0x00000000   Number         0  ctrl.o ABSOLUTE
    ..\\User\\data_transfer.c                0x00000000   Number         0  data_transfer.o ABSOLUTE
    ..\\User\\dgp.c                          0x00000000   Number         0  dgp.o ABSOLUTE
    ..\\User\\init.c                         0x00000000   Number         0  init.o ABSOLUTE
    ..\\User\\main.c                         0x00000000   Number         0  main.o ABSOLUTE
    ..\\User\\mymath.c                       0x00000000   Number         0  mymath.o ABSOLUTE
    ..\\User\\stm32f4xx_it.c                 0x00000000   Number         0  stm32f4xx_it.o ABSOLUTE
    ..\\usmart\\usmart.c                     0x00000000   Number         0  usmart.o ABSOLUTE
    ..\\usmart\\usmart_config.c              0x00000000   Number         0  usmart_config.o ABSOLUTE
    ..\\usmart\\usmart_str.c                 0x00000000   Number         0  usmart_str.o ABSOLUTE
    ..\usmart\usmart.c                       0x00000000   Number         0  usmart.o ABSOLUTE
    ..\usmart\usmart_config.c                0x00000000   Number         0  usmart_config.o ABSOLUTE
    ..\usmart\usmart_str.c                   0x00000000   Number         0  usmart_str.o ABSOLUTE
    cdcmple.s                                0x00000000   Number         0  cdcmple.o ABSOLUTE
    cdrcmple.s                               0x00000000   Number         0  cdrcmple.o ABSOLUTE
    dc.s                                     0x00000000   Number         0  dc.o ABSOLUTE
    handlers.s                               0x00000000   Number         0  handlers.o ABSOLUTE
    init.s                                   0x00000000   Number         0  init.o ABSOLUTE
    RESET                                    0x08000000   Section      392  startup_stm32f4xx.o(RESET)
    .ARM.Collect$$$$00000000                 0x08000188   Section        0  entry.o(.ARM.Collect$$$$00000000)
    .ARM.Collect$$$$00000001                 0x08000188   Section        4  entry2.o(.ARM.Collect$$$$00000001)
    .ARM.Collect$$$$00000004                 0x0800018c   Section        4  entry5.o(.ARM.Collect$$$$00000004)
    .ARM.Collect$$$$00000008                 0x08000190   Section        0  entry7b.o(.ARM.Collect$$$$00000008)
    .ARM.Collect$$$$0000000A                 0x08000190   Section        0  entry8b.o(.ARM.Collect$$$$0000000A)
    .ARM.Collect$$$$0000000B                 0x08000190   Section        8  entry9a.o(.ARM.Collect$$$$0000000B)
    .ARM.Collect$$$$0000000D                 0x08000198   Section        0  entry10a.o(.ARM.Collect$$$$0000000D)
    .ARM.Collect$$$$0000000F                 0x08000198   Section        0  entry11a.o(.ARM.Collect$$$$0000000F)
    .ARM.Collect$$$$00002712                 0x08000198   Section        4  entry2.o(.ARM.Collect$$$$00002712)
    __lit__00000000                          0x08000198   Data           4  entry2.o(.ARM.Collect$$$$00002712)
    .text                                    0x0800019c   Section       36  startup_stm32f4xx.o(.text)
    $v0                                      0x0800019c   Number         0  startup_stm32f4xx.o(.text)
    .text                                    0x080001c0   Section        0  dmul.o(.text)
    .text                                    0x080002a4   Section        0  dflti.o(.text)
    .text                                    0x080002c6   Section        0  d2f.o(.text)
    .text                                    0x080002fe   Section        0  uldiv.o(.text)
    .text                                    0x08000360   Section        0  llshl.o(.text)
    .text                                    0x0800037e   Section        0  llushr.o(.text)
    .text                                    0x0800039e   Section        0  iusefp.o(.text)
    .text                                    0x0800039e   Section        0  fepilogue.o(.text)
    .text                                    0x0800040c   Section        0  depilogue.o(.text)
    .text                                    0x080004c8   Section       36  init.o(.text)
    .text                                    0x080004ec   Section        0  __dczerorl2.o(.text)
    i.All_Init                               0x08000544   Section        0  init.o(i.All_Init)
    i.BusFault_Handler                       0x080005a4   Section        0  stm32f4xx_it.o(i.BusFault_Handler)
    i.Cam_Init                               0x080005a8   Section        0  ov7670.o(i.Cam_Init)
    i.DCMI_CROPCmd                           0x080007dc   Section        0  stm32f4xx_dcmi.o(i.DCMI_CROPCmd)
    i.DCMI_CROPConfig                        0x08000800   Section        0  stm32f4xx_dcmi.o(i.DCMI_CROPConfig)
    i.DCMI_CaptureCmd                        0x08000820   Section        0  stm32f4xx_dcmi.o(i.DCMI_CaptureCmd)
    i.DCMI_ClearITPendingBit                 0x08000844   Section        0  stm32f4xx_dcmi.o(i.DCMI_ClearITPendingBit)
    i.DCMI_Cmd                               0x08000850   Section        0  stm32f4xx_dcmi.o(i.DCMI_Cmd)
    i.DCMI_DMA_Init                          0x08000874   Section        0  ov7670.o(i.DCMI_DMA_Init)
    i.DCMI_GetITStatus                       0x080008e4   Section        0  stm32f4xx_dcmi.o(i.DCMI_GetITStatus)
    i.DCMI_IRQHandler                        0x08000900   Section        0  dgp.o(i.DCMI_IRQHandler)
    i.DCMI_ITConfig                          0x08000928   Section        0  stm32f4xx_dcmi.o(i.DCMI_ITConfig)
    i.DCMI_Init                              0x0800094c   Section        0  stm32f4xx_dcmi.o(i.DCMI_Init)
    i.DCMI_Start                             0x0800098c   Section        0  ov7670.o(i.DCMI_Start)
    i.DMA_Cmd                                0x080009a8   Section        0  stm32f4xx_dma.o(i.DMA_Cmd)
    i.DMA_DeInit                             0x080009c0   Section        0  stm32f4xx_dma.o(i.DMA_DeInit)
    i.DMA_GetCmdStatus                       0x08000b18   Section        0  stm32f4xx_dma.o(i.DMA_GetCmdStatus)
    i.DMA_GetCurrDataCounter                 0x08000b2c   Section        0  stm32f4xx_dma.o(i.DMA_GetCurrDataCounter)
    i.DMA_Init                               0x08000b34   Section        0  stm32f4xx_dma.o(i.DMA_Init)
    i.DMA_SetCurrDataCounter                 0x08000b8c   Section        0  stm32f4xx_dma.o(i.DMA_SetCurrDataCounter)
    i.DebugMon_Handler                       0x08000b90   Section        0  stm32f4xx_it.o(i.DebugMon_Handler)
    i.GPIO_Init                              0x08000b92   Section        0  stm32f4xx_gpio.o(i.GPIO_Init)
    i.GPIO_PinAFConfig                       0x08000c22   Section        0  stm32f4xx_gpio.o(i.GPIO_PinAFConfig)
    i.GPIO_ResetBits                         0x08000c68   Section        0  stm32f4xx_gpio.o(i.GPIO_ResetBits)
    i.GPIO_SetBits                           0x08000c6c   Section        0  stm32f4xx_gpio.o(i.GPIO_SetBits)
    i.HardFault_Handler                      0x08000c70   Section        0  stm32f4xx_it.o(i.HardFault_Handler)
    i.LED_GPIO_Conf                          0x08000c74   Section        0  led.o(i.LED_GPIO_Conf)
    i.LED_SET                                0x08000cb4   Section        0  led.o(i.LED_SET)
    i.MemManage_Handler                      0x08000cd8   Section        0  stm32f4xx_it.o(i.MemManage_Handler)
    i.NMI_Handler                            0x08000cdc   Section        0  stm32f4xx_it.o(i.NMI_Handler)
    i.NVIC_Init                              0x08000ce0   Section        0  misc.o(i.NVIC_Init)
    i.NVIC_PriorityGroupConfig               0x08000d58   Section        0  misc.o(i.NVIC_PriorityGroupConfig)
    i.OV7670_Init                            0x08000d6c   Section        0  ov7670.o(i.OV7670_Init)
    i.OV7670_config_window                   0x08000dbc   Section        0  ov7670.o(i.OV7670_config_window)
    i.OV_ReadID                              0x08000e74   Section        0  ov7670.o(i.OV_ReadID)
    i.OV_ReadReg                             0x08000e84   Section        0  ov7670.o(i.OV_ReadReg)
    i.OV_Reset                               0x08000eea   Section        0  ov7670.o(i.OV_Reset)
    i.OV_WriteReg                            0x08000ef6   Section        0  ov7670.o(i.OV_WriteReg)
    i.PWM_Out_Init                           0x08000f44   Section        0  pwm_out.o(i.PWM_Out_Init)
    i.PendSV_Handler                         0x0800115c   Section        0  stm32f4xx_it.o(i.PendSV_Handler)
    i.RCC_AHB1PeriphClockCmd                 0x08001160   Section        0  stm32f4xx_rcc.o(i.RCC_AHB1PeriphClockCmd)
    i.RCC_AHB2PeriphClockCmd                 0x08001180   Section        0  stm32f4xx_rcc.o(i.RCC_AHB2PeriphClockCmd)
    i.RCC_APB1PeriphClockCmd                 0x080011a0   Section        0  stm32f4xx_rcc.o(i.RCC_APB1PeriphClockCmd)
    i.RCC_APB2PeriphClockCmd                 0x080011c0   Section        0  stm32f4xx_rcc.o(i.RCC_APB2PeriphClockCmd)
    i.RCC_GetClocksFreq                      0x080011e0   Section        0  stm32f4xx_rcc.o(i.RCC_GetClocksFreq)
    i.RCC_MCO1Config                         0x080012c8   Section        0  stm32f4xx_rcc.o(i.RCC_MCO1Config)
    i.SCCB_Init                              0x080012e4   Section        0  ov7670.o(i.SCCB_Init)
    i.SCCB_Read                              0x0800131c   Section        0  ov7670.o(i.SCCB_Read)
    i.SCCB_SID_IN                            0x08001374   Section        0  ov7670.o(i.SCCB_SID_IN)
    i.SCCB_SID_OUT                           0x0800139c   Section        0  ov7670.o(i.SCCB_SID_OUT)
    i.SCCB_Start                             0x080013cc   Section        0  ov7670.o(i.SCCB_Start)
    i.SCCB_Stop                              0x08001410   Section        0  ov7670.o(i.SCCB_Stop)
    i.SCCB_Write                             0x08001448   Section        0  ov7670.o(i.SCCB_Write)
    i.SVC_Handler                            0x080014e8   Section        0  stm32f4xx_it.o(i.SVC_Handler)
    i.SetPwm_1                               0x080014ec   Section        0  pwm_out.o(i.SetPwm_1)
    i.SetSysClock                            0x08001554   Section        0  system_stm32f4xx.o(i.SetSysClock)
    SetSysClock                              0x08001555   Thumb Code   220  system_stm32f4xx.o(i.SetSysClock)
    i.SysTick_Handler                        0x08001640   Section        0  stm32f4xx_it.o(i.SysTick_Handler)
    i.SysTick_Init                           0x08001648   Section        0  delay.o(i.SysTick_Init)
    i.SystemInit                             0x080016b4   Section        0  system_stm32f4xx.o(i.SystemInit)
    i.TIM3_IRQHandler                        0x0800171c   Section        0  timer.o(i.TIM3_IRQHandler)
    i.TIM3_Int_Init                          0x0800177c   Section        0  timer.o(i.TIM3_Int_Init)
    i.TIM4_IRQHandler                        0x080017d8   Section        0  usmart.o(i.TIM4_IRQHandler)
    i.TIM_ARRPreloadConfig                   0x08001810   Section        0  stm32f4xx_tim.o(i.TIM_ARRPreloadConfig)
    i.TIM_ClearFlag                          0x08001828   Section        0  stm32f4xx_tim.o(i.TIM_ClearFlag)
    i.TIM_ClearITPendingBit                  0x0800182e   Section        0  stm32f4xx_tim.o(i.TIM_ClearITPendingBit)
    i.TIM_Cmd                                0x08001834   Section        0  stm32f4xx_tim.o(i.TIM_Cmd)
    i.TIM_CtrlPWMOutputs                     0x0800184c   Section        0  stm32f4xx_tim.o(i.TIM_CtrlPWMOutputs)
    i.TIM_GetCounter                         0x0800186a   Section        0  stm32f4xx_tim.o(i.TIM_GetCounter)
    i.TIM_GetFlagStatus                      0x08001870   Section        0  stm32f4xx_tim.o(i.TIM_GetFlagStatus)
    i.TIM_GetITStatus                        0x08001882   Section        0  stm32f4xx_tim.o(i.TIM_GetITStatus)
    i.TIM_ITConfig                           0x080018a4   Section        0  stm32f4xx_tim.o(i.TIM_ITConfig)
    i.TIM_OC1Init                            0x080018b8   Section        0  stm32f4xx_tim.o(i.TIM_OC1Init)
    i.TIM_OC2Init                            0x08001934   Section        0  stm32f4xx_tim.o(i.TIM_OC2Init)
    i.TIM_OC3Init                            0x080019d8   Section        0  stm32f4xx_tim.o(i.TIM_OC3Init)
    i.TIM_OC3PreloadConfig                   0x08001a78   Section        0  stm32f4xx_tim.o(i.TIM_OC3PreloadConfig)
    i.TIM_OC4Init                            0x08001a8c   Section        0  stm32f4xx_tim.o(i.TIM_OC4Init)
    i.TIM_OC4PreloadConfig                   0x08001b04   Section        0  stm32f4xx_tim.o(i.TIM_OC4PreloadConfig)
    i.TIM_OCStructInit                       0x08001b1e   Section        0  stm32f4xx_tim.o(i.TIM_OCStructInit)
    i.TIM_SetAutoreload                      0x08001b32   Section        0  stm32f4xx_tim.o(i.TIM_SetAutoreload)
    i.TIM_SetCounter                         0x08001b36   Section        0  stm32f4xx_tim.o(i.TIM_SetCounter)
    i.TIM_TimeBaseInit                       0x08001b3c   Section        0  stm32f4xx_tim.o(i.TIM_TimeBaseInit)
    i.TIM_TimeBaseStructInit                 0x08001bc0   Section        0  stm32f4xx_tim.o(i.TIM_TimeBaseStructInit)
    i.TimeTick_Decrement                     0x08001bd4   Section        0  delay.o(i.TimeTick_Decrement)
    i.Timer4_Init                            0x08001bec   Section        0  usmart.o(i.Timer4_Init)
    i.USART1_IRQHandler                      0x08001c48   Section        0  usart.o(i.USART1_IRQHandler)
    i.USART_ClockInit                        0x08001cd0   Section        0  stm32f4xx_usart.o(i.USART_ClockInit)
    i.USART_Cmd                              0x08001cf0   Section        0  stm32f4xx_usart.o(i.USART_Cmd)
    i.USART_GetFlagStatus                    0x08001d08   Section        0  stm32f4xx_usart.o(i.USART_GetFlagStatus)
    i.USART_GetITStatus                      0x08001d22   Section        0  stm32f4xx_usart.o(i.USART_GetITStatus)
    i.USART_ITConfig                         0x08001d76   Section        0  stm32f4xx_usart.o(i.USART_ITConfig)
    i.USART_Init                             0x08001dc0   Section        0  stm32f4xx_usart.o(i.USART_Init)
    i.USART_ReceiveData                      0x08001e94   Section        0  stm32f4xx_usart.o(i.USART_ReceiveData)
    i.USART_SendData                         0x08001e9e   Section        0  stm32f4xx_usart.o(i.USART_SendData)
    i.USART_SendString_bysize                0x08001ea6   Section        0  usart.o(i.USART_SendString_bysize)
    i.UsageFault_Handler                     0x08001ed8   Section        0  stm32f4xx_it.o(i.UsageFault_Handler)
    i.Usart2_Init                            0x08001edc   Section        0  usart.o(i.Usart2_Init)
    i.__0printf$8                            0x08001fcc   Section        0  printf8.o(i.__0printf$8)
    i.__scatterload_copy                     0x08001fec   Section       14  handlers.o(i.__scatterload_copy)
    i.__scatterload_null                     0x08001ffa   Section        2  handlers.o(i.__scatterload_null)
    i.__scatterload_zeroinit                 0x08001ffc   Section       14  handlers.o(i.__scatterload_zeroinit)
    i._printf_core                           0x0800200c   Section        0  printf8.o(i._printf_core)
    _printf_core                             0x0800200d   Thumb Code   996  printf8.o(i._printf_core)
    i._printf_post_padding                   0x0800241c   Section        0  printf8.o(i._printf_post_padding)
    _printf_post_padding                     0x0800241d   Thumb Code    36  printf8.o(i._printf_post_padding)
    i._printf_pre_padding                    0x08002440   Section        0  printf8.o(i._printf_pre_padding)
    _printf_pre_padding                      0x08002441   Thumb Code    46  printf8.o(i._printf_pre_padding)
    i.ctrl_pwm                               0x08002470   Section        0  ctrl.o(i.ctrl_pwm)
    i.delay_1ms                              0x080024d0   Section        0  delay.o(i.delay_1ms)
    i.delay_ms                               0x080024e8   Section        0  delay.o(i.delay_ms)
    i.delay_us                               0x080024fc   Section        0  delay.o(i.delay_us)
    i.fputc                                  0x08002510   Section        0  usart.o(i.fputc)
    i.getH_op1                               0x0800252c   Section        0  dgp.o(i.getH_op1)
    i.jpeg_data_process                      0x080026a0   Section        0  dgp.o(i.jpeg_data_process)
    i.main                                   0x08002708   Section        0  main.o(i.main)
    i.noAck                                  0x0800278c   Section        0  ov7670.o(i.noAck)
    i.ov7670_error                           0x080027d0   Section        0  led.o(i.ov7670_error)
    i.read_addr                              0x08002808   Section        0  usmart.o(i.read_addr)
    i.uart_init                              0x08002810   Section        0  usart.o(i.uart_init)
    i.usmart_cmd_rec                         0x080028bc   Section        0  usmart.o(i.usmart_cmd_rec)
    i.usmart_exe                             0x0800296c   Section        0  usmart.o(i.usmart_exe)
    i.usmart_get_aparm                       0x08002c40   Section        0  usmart_str.o(i.usmart_get_aparm)
    i.usmart_get_cmdname                     0x08002d08   Section        0  usmart_str.o(i.usmart_get_cmdname)
    i.usmart_get_fname                       0x08002d40   Section        0  usmart_str.o(i.usmart_get_fname)
    i.usmart_get_fparam                      0x08002f00   Section        0  usmart_str.o(i.usmart_get_fparam)
    i.usmart_get_parmpos                     0x0800300c   Section        0  usmart_str.o(i.usmart_get_parmpos)
    i.usmart_get_runtime                     0x0800302c   Section        0  usmart.o(i.usmart_get_runtime)
    i.usmart_init                            0x08003070   Section        0  usmart.o(i.usmart_init)
    i.usmart_pow                             0x08003098   Section        0  usmart_str.o(i.usmart_pow)
    i.usmart_reset_runtime                   0x080030b0   Section        0  usmart.o(i.usmart_reset_runtime)
    i.usmart_scan                            0x080030e0   Section        0  usmart.o(i.usmart_scan)
    i.usmart_search_nextc                    0x0800319c   Section        0  usmart_str.o(i.usmart_search_nextc)
    i.usmart_str2num                         0x080031b2   Section        0  usmart_str.o(i.usmart_str2num)
    i.usmart_strcmp                          0x0800327c   Section        0  usmart_str.o(i.usmart_strcmp)
    i.usmart_strcopy                         0x0800329e   Section        0  usmart_str.o(i.usmart_strcopy)
    i.usmart_strlen                          0x080032b4   Section        0  usmart_str.o(i.usmart_strlen)
    i.usmart_sys_cmd_exe                     0x080032cc   Section        0  usmart.o(i.usmart_sys_cmd_exe)
    i.write_addr                             0x080039b0   Section        0  usmart.o(i.write_addr)
    .constdata                               0x080039b4   Section      614  ov7670.o(.constdata)
    OV7670_reg                               0x080039b4   Data         280  ov7670.o(.constdata)
    ov7670_init_reg_tbl                      0x08003acc   Data         334  ov7670.o(.constdata)
    .conststring                             0x08003c1c   Section       40  usmart.o(.conststring)
    .conststring                             0x08003c44   Section      168  usmart_config.o(.conststring)
    .data                                    0x20000000   Section        1  main.o(.data)
    .data                                    0x20000002   Section       16  ctrl.o(.data)
    .data                                    0x20000014   Section        9  dgp.o(.data)
    .data                                    0x20000020   Section        4  delay.o(.data)
    TimingDelay                              0x20000020   Data           4  delay.o(.data)
    .data                                    0x20000024   Section        8  usart.o(.data)
    .data                                    0x2000002c   Section       16  stm32f4xx_rcc.o(.data)
    APBAHBPrescTable                         0x2000002c   Data          16  stm32f4xx_rcc.o(.data)
    .data                                    0x2000003c   Section       20  system_stm32f4xx.o(.data)
    .data                                    0x20000050   Section       28  usmart.o(.data)
    .data                                    0x2000006c   Section      292  usmart_config.o(.data)
    .bss                                     0x20000190   Section      712  usart.o(.bss)
    .bss                                     0x20000458   Section    57600  ov7670.o(.bss)
    STACK                                    0x2000e558   Section     1024  startup_stm32f4xx.o(STACK)

    Global Symbols

    Symbol Name                              Value     Ov Type        Size  Object(Section)

    BuildAttributes$$THM_ISAv4$E$P$D$K$B$S$7EM$VFPi3$EXTD16$VFPS$VFMA$PE$A:L22UL41UL21$X:L11$S22US41US21$IEEE1$IW$USESV6$~STKCKD$USESV7$~SHL$OTIME$ROPI$EBA8$MICROLIB$REQ8$PRES8$EABIv2 0x00000000   Number         0  anon$$obj.o ABSOLUTE
    __ARM_use_no_argv                        0x00000000   Number         0  main.o ABSOLUTE
    __use_no_errno                           0x00000000   Number         0  useno.o ABSOLUTE
    __use_no_exception_handling              0x00000000   Number         0  useno.o ABSOLUTE
    __use_no_fp                              0x00000000   Number         0  useno.o ABSOLUTE
    __use_no_heap                            0x00000000   Number         0  useno.o ABSOLUTE
    __use_no_heap_region                     0x00000000   Number         0  useno.o ABSOLUTE
    __use_no_semihosting                     0x00000000   Number         0  useno.o ABSOLUTE
    __use_no_semihosting_swi                 0x00000000   Number         0  useno.o ABSOLUTE
    __use_no_signal_handling                 0x00000000   Number         0  useno.o ABSOLUTE
    _printf_a                                0x00000000   Number         0  stubs.o ABSOLUTE
    _printf_c                                0x00000000   Number         0  stubs.o ABSOLUTE
    _printf_charcount                        0x00000000   Number         0  stubs.o ABSOLUTE
    _printf_d                                0x00000000   Number         0  stubs.o ABSOLUTE
    _printf_e                                0x00000000   Number         0  stubs.o ABSOLUTE
    _printf_f                                0x00000000   Number         0  stubs.o ABSOLUTE
    _printf_flags                            0x00000000   Number         0  stubs.o ABSOLUTE
    _printf_fp_dec                           0x00000000   Number         0  stubs.o ABSOLUTE
    _printf_fp_hex                           0x00000000   Number         0  stubs.o ABSOLUTE
    _printf_g                                0x00000000   Number         0  stubs.o ABSOLUTE
    _printf_i                                0x00000000   Number         0  stubs.o ABSOLUTE
    _printf_int_dec                          0x00000000   Number         0  stubs.o ABSOLUTE
    _printf_l                                0x00000000   Number         0  stubs.o ABSOLUTE
    _printf_lc                               0x00000000   Number         0  stubs.o ABSOLUTE
    _printf_ll                               0x00000000   Number         0  stubs.o ABSOLUTE
    _printf_lld                              0x00000000   Number         0  stubs.o ABSOLUTE
    _printf_lli                              0x00000000   Number         0  stubs.o ABSOLUTE
    _printf_llo                              0x00000000   Number         0  stubs.o ABSOLUTE
    _printf_llu                              0x00000000   Number         0  stubs.o ABSOLUTE
    _printf_llx                              0x00000000   Number         0  stubs.o ABSOLUTE
    _printf_longlong_dec                     0x00000000   Number         0  stubs.o ABSOLUTE
    _printf_longlong_hex                     0x00000000   Number         0  stubs.o ABSOLUTE
    _printf_longlong_oct                     0x00000000   Number         0  stubs.o ABSOLUTE
    _printf_ls                               0x00000000   Number         0  stubs.o ABSOLUTE
    _printf_mbtowc                           0x00000000   Number         0  stubs.o ABSOLUTE
    _printf_n                                0x00000000   Number         0  stubs.o ABSOLUTE
    _printf_o                                0x00000000   Number         0  stubs.o ABSOLUTE
    _printf_p                                0x00000000   Number         0  stubs.o ABSOLUTE
    _printf_percent                          0x00000000   Number         0  stubs.o ABSOLUTE
    _printf_pre_padding                      0x00000000   Number         0  stubs.o ABSOLUTE
    _printf_return_value                     0x00000000   Number         0  stubs.o ABSOLUTE
    _printf_s                                0x00000000   Number         0  stubs.o ABSOLUTE
    _printf_sizespec                         0x00000000   Number         0  stubs.o ABSOLUTE
    _printf_str                              0x00000000   Number         0  stubs.o ABSOLUTE
    _printf_truncate_signed                  0x00000000   Number         0  stubs.o ABSOLUTE
    _printf_truncate_unsigned                0x00000000   Number         0  stubs.o ABSOLUTE
    _printf_u                                0x00000000   Number         0  stubs.o ABSOLUTE
    _printf_wc                               0x00000000   Number         0  stubs.o ABSOLUTE
    _printf_wctomb                           0x00000000   Number         0  stubs.o ABSOLUTE
    _printf_widthprec                        0x00000000   Number         0  stubs.o ABSOLUTE
    _printf_x                                0x00000000   Number         0  stubs.o ABSOLUTE
    __cpp_initialize__aeabi_                  - Undefined Weak Reference
    __cxa_finalize                            - Undefined Weak Reference
    _clock_init                               - Undefined Weak Reference
    _microlib_exit                            - Undefined Weak Reference
    __Vectors_Size                           0x00000188   Number         0  startup_stm32f4xx.o ABSOLUTE
    __Vectors                                0x08000000   Data           4  startup_stm32f4xx.o(RESET)
    __Vectors_End                            0x08000188   Data           0  startup_stm32f4xx.o(RESET)
    __main                                   0x08000189   Thumb Code     0  entry.o(.ARM.Collect$$$$00000000)
    _main_stk                                0x08000189   Thumb Code     0  entry2.o(.ARM.Collect$$$$00000001)
    _main_scatterload                        0x0800018d   Thumb Code     0  entry5.o(.ARM.Collect$$$$00000004)
    __main_after_scatterload                 0x08000191   Thumb Code     0  entry5.o(.ARM.Collect$$$$00000004)
    _main_clock                              0x08000191   Thumb Code     0  entry7b.o(.ARM.Collect$$$$00000008)
    _main_cpp_init                           0x08000191   Thumb Code     0  entry8b.o(.ARM.Collect$$$$0000000A)
    _main_init                               0x08000191   Thumb Code     0  entry9a.o(.ARM.Collect$$$$0000000B)
    __rt_final_cpp                           0x08000199   Thumb Code     0  entry10a.o(.ARM.Collect$$$$0000000D)
    __rt_final_exit                          0x08000199   Thumb Code     0  entry11a.o(.ARM.Collect$$$$0000000F)
    Reset_Handler                            0x0800019d   Thumb Code     8  startup_stm32f4xx.o(.text)
    ADC_IRQHandler                           0x080001b7   Thumb Code     0  startup_stm32f4xx.o(.text)
    CAN1_RX0_IRQHandler                      0x080001b7   Thumb Code     0  startup_stm32f4xx.o(.text)
    CAN1_RX1_IRQHandler                      0x080001b7   Thumb Code     0  startup_stm32f4xx.o(.text)
    CAN1_SCE_IRQHandler                      0x080001b7   Thumb Code     0  startup_stm32f4xx.o(.text)
    CAN1_TX_IRQHandler                       0x080001b7   Thumb Code     0  startup_stm32f4xx.o(.text)
    CAN2_RX0_IRQHandler                      0x080001b7   Thumb Code     0  startup_stm32f4xx.o(.text)
    CAN2_RX1_IRQHandler                      0x080001b7   Thumb Code     0  startup_stm32f4xx.o(.text)
    CAN2_SCE_IRQHandler                      0x080001b7   Thumb Code     0  startup_stm32f4xx.o(.text)
    CAN2_TX_IRQHandler                       0x080001b7   Thumb Code     0  startup_stm32f4xx.o(.text)
    CRYP_IRQHandler                          0x080001b7   Thumb Code     0  startup_stm32f4xx.o(.text)
    DMA1_Stream0_IRQHandler                  0x080001b7   Thumb Code     0  startup_stm32f4xx.o(.text)
    DMA1_Stream1_IRQHandler                  0x080001b7   Thumb Code     0  startup_stm32f4xx.o(.text)
    DMA1_Stream2_IRQHandler                  0x080001b7   Thumb Code     0  startup_stm32f4xx.o(.text)
    DMA1_Stream3_IRQHandler                  0x080001b7   Thumb Code     0  startup_stm32f4xx.o(.text)
    DMA1_Stream4_IRQHandler                  0x080001b7   Thumb Code     0  startup_stm32f4xx.o(.text)
    DMA1_Stream5_IRQHandler                  0x080001b7   Thumb Code     0  startup_stm32f4xx.o(.text)
    DMA1_Stream6_IRQHandler                  0x080001b7   Thumb Code     0  startup_stm32f4xx.o(.text)
    DMA1_Stream7_IRQHandler                  0x080001b7   Thumb Code     0  startup_stm32f4xx.o(.text)
    DMA2_Stream0_IRQHandler                  0x080001b7   Thumb Code     0  startup_stm32f4xx.o(.text)
    DMA2_Stream1_IRQHandler                  0x080001b7   Thumb Code     0  startup_stm32f4xx.o(.text)
    DMA2_Stream2_IRQHandler                  0x080001b7   Thumb Code     0  startup_stm32f4xx.o(.text)
    DMA2_Stream3_IRQHandler                  0x080001b7   Thumb Code     0  startup_stm32f4xx.o(.text)
    DMA2_Stream4_IRQHandler                  0x080001b7   Thumb Code     0  startup_stm32f4xx.o(.text)
    DMA2_Stream5_IRQHandler                  0x080001b7   Thumb Code     0  startup_stm32f4xx.o(.text)
    DMA2_Stream6_IRQHandler                  0x080001b7   Thumb Code     0  startup_stm32f4xx.o(.text)
    DMA2_Stream7_IRQHandler                  0x080001b7   Thumb Code     0  startup_stm32f4xx.o(.text)
    ETH_IRQHandler                           0x080001b7   Thumb Code     0  startup_stm32f4xx.o(.text)
    ETH_WKUP_IRQHandler                      0x080001b7   Thumb Code     0  startup_stm32f4xx.o(.text)
    EXTI0_IRQHandler                         0x080001b7   Thumb Code     0  startup_stm32f4xx.o(.text)
    EXTI15_10_IRQHandler                     0x080001b7   Thumb Code     0  startup_stm32f4xx.o(.text)
    EXTI1_IRQHandler                         0x080001b7   Thumb Code     0  startup_stm32f4xx.o(.text)
    EXTI2_IRQHandler                         0x080001b7   Thumb Code     0  startup_stm32f4xx.o(.text)
    EXTI3_IRQHandler                         0x080001b7   Thumb Code     0  startup_stm32f4xx.o(.text)
    EXTI4_IRQHandler                         0x080001b7   Thumb Code     0  startup_stm32f4xx.o(.text)
    EXTI9_5_IRQHandler                       0x080001b7   Thumb Code     0  startup_stm32f4xx.o(.text)
    FLASH_IRQHandler                         0x080001b7   Thumb Code     0  startup_stm32f4xx.o(.text)
    FPU_IRQHandler                           0x080001b7   Thumb Code     0  startup_stm32f4xx.o(.text)
    FSMC_IRQHandler                          0x080001b7   Thumb Code     0  startup_stm32f4xx.o(.text)
    HASH_RNG_IRQHandler                      0x080001b7   Thumb Code     0  startup_stm32f4xx.o(.text)
    I2C1_ER_IRQHandler                       0x080001b7   Thumb Code     0  startup_stm32f4xx.o(.text)
    I2C1_EV_IRQHandler                       0x080001b7   Thumb Code     0  startup_stm32f4xx.o(.text)
    I2C2_ER_IRQHandler                       0x080001b7   Thumb Code     0  startup_stm32f4xx.o(.text)
    I2C2_EV_IRQHandler                       0x080001b7   Thumb Code     0  startup_stm32f4xx.o(.text)
    I2C3_ER_IRQHandler                       0x080001b7   Thumb Code     0  startup_stm32f4xx.o(.text)
    I2C3_EV_IRQHandler                       0x080001b7   Thumb Code     0  startup_stm32f4xx.o(.text)
    OTG_FS_IRQHandler                        0x080001b7   Thumb Code     0  startup_stm32f4xx.o(.text)
    OTG_FS_WKUP_IRQHandler                   0x080001b7   Thumb Code     0  startup_stm32f4xx.o(.text)
    OTG_HS_EP1_IN_IRQHandler                 0x080001b7   Thumb Code     0  startup_stm32f4xx.o(.text)
    OTG_HS_EP1_OUT_IRQHandler                0x080001b7   Thumb Code     0  startup_stm32f4xx.o(.text)
    OTG_HS_IRQHandler                        0x080001b7   Thumb Code     0  startup_stm32f4xx.o(.text)
    OTG_HS_WKUP_IRQHandler                   0x080001b7   Thumb Code     0  startup_stm32f4xx.o(.text)
    PVD_IRQHandler                           0x080001b7   Thumb Code     0  startup_stm32f4xx.o(.text)
    RCC_IRQHandler                           0x080001b7   Thumb Code     0  startup_stm32f4xx.o(.text)
    RTC_Alarm_IRQHandler                     0x080001b7   Thumb Code     0  startup_stm32f4xx.o(.text)
    RTC_WKUP_IRQHandler                      0x080001b7   Thumb Code     0  startup_stm32f4xx.o(.text)
    SDIO_IRQHandler                          0x080001b7   Thumb Code     0  startup_stm32f4xx.o(.text)
    SPI1_IRQHandler                          0x080001b7   Thumb Code     0  startup_stm32f4xx.o(.text)
    SPI2_IRQHandler                          0x080001b7   Thumb Code     0  startup_stm32f4xx.o(.text)
    SPI3_IRQHandler                          0x080001b7   Thumb Code     0  startup_stm32f4xx.o(.text)
    TAMP_STAMP_IRQHandler                    0x080001b7   Thumb Code     0  startup_stm32f4xx.o(.text)
    TIM1_BRK_TIM9_IRQHandler                 0x080001b7   Thumb Code     0  startup_stm32f4xx.o(.text)
    TIM1_CC_IRQHandler                       0x080001b7   Thumb Code     0  startup_stm32f4xx.o(.text)
    TIM1_TRG_COM_TIM11_IRQHandler            0x080001b7   Thumb Code     0  startup_stm32f4xx.o(.text)
    TIM1_UP_TIM10_IRQHandler                 0x080001b7   Thumb Code     0  startup_stm32f4xx.o(.text)
    TIM2_IRQHandler                          0x080001b7   Thumb Code     0  startup_stm32f4xx.o(.text)
    TIM5_IRQHandler                          0x080001b7   Thumb Code     0  startup_stm32f4xx.o(.text)
    TIM6_DAC_IRQHandler                      0x080001b7   Thumb Code     0  startup_stm32f4xx.o(.text)
    TIM7_IRQHandler                          0x080001b7   Thumb Code     0  startup_stm32f4xx.o(.text)
    TIM8_BRK_TIM12_IRQHandler                0x080001b7   Thumb Code     0  startup_stm32f4xx.o(.text)
    TIM8_CC_IRQHandler                       0x080001b7   Thumb Code     0  startup_stm32f4xx.o(.text)
    TIM8_TRG_COM_TIM14_IRQHandler            0x080001b7   Thumb Code     0  startup_stm32f4xx.o(.text)
    TIM8_UP_TIM13_IRQHandler                 0x080001b7   Thumb Code     0  startup_stm32f4xx.o(.text)
    UART4_IRQHandler                         0x080001b7   Thumb Code     0  startup_stm32f4xx.o(.text)
    UART5_IRQHandler                         0x080001b7   Thumb Code     0  startup_stm32f4xx.o(.text)
    USART2_IRQHandler                        0x080001b7   Thumb Code     0  startup_stm32f4xx.o(.text)
    USART3_IRQHandler                        0x080001b7   Thumb Code     0  startup_stm32f4xx.o(.text)
    USART6_IRQHandler                        0x080001b7   Thumb Code     0  startup_stm32f4xx.o(.text)
    WWDG_IRQHandler                          0x080001b7   Thumb Code     0  startup_stm32f4xx.o(.text)
    __aeabi_dmul                             0x080001c1   Thumb Code   228  dmul.o(.text)
    __aeabi_i2d                              0x080002a5   Thumb Code    34  dflti.o(.text)
    __aeabi_d2f                              0x080002c7   Thumb Code    56  d2f.o(.text)
    __aeabi_uldivmod                         0x080002ff   Thumb Code    98  uldiv.o(.text)
    __aeabi_llsl                             0x08000361   Thumb Code    30  llshl.o(.text)
    _ll_shift_l                              0x08000361   Thumb Code     0  llshl.o(.text)
    __aeabi_llsr                             0x0800037f   Thumb Code    32  llushr.o(.text)
    _ll_ushift_r                             0x0800037f   Thumb Code     0  llushr.o(.text)
    __I$use$fp                               0x0800039f   Thumb Code     0  iusefp.o(.text)
    _float_round                             0x0800039f   Thumb Code    18  fepilogue.o(.text)
    _float_epilogue                          0x080003b1   Thumb Code    92  fepilogue.o(.text)
    _double_round                            0x0800040d   Thumb Code    30  depilogue.o(.text)
    _double_epilogue                         0x0800042b   Thumb Code   156  depilogue.o(.text)
    __scatterload                            0x080004c9   Thumb Code    28  init.o(.text)
    __scatterload_rt2                        0x080004c9   Thumb Code     0  init.o(.text)
    __decompress                             0x080004ed   Thumb Code     0  __dczerorl2.o(.text)
    __decompress1                            0x080004ed   Thumb Code    86  __dczerorl2.o(.text)
    All_Init                                 0x08000545   Thumb Code    90  init.o(i.All_Init)
    BusFault_Handler                         0x080005a5   Thumb Code     4  stm32f4xx_it.o(i.BusFault_Handler)
    Cam_Init                                 0x080005a9   Thumb Code   538  ov7670.o(i.Cam_Init)
    DCMI_CROPCmd                             0x080007dd   Thumb Code    30  stm32f4xx_dcmi.o(i.DCMI_CROPCmd)
    DCMI_CROPConfig                          0x08000801   Thumb Code    26  stm32f4xx_dcmi.o(i.DCMI_CROPConfig)
    DCMI_CaptureCmd                          0x08000821   Thumb Code    30  stm32f4xx_dcmi.o(i.DCMI_CaptureCmd)
    DCMI_ClearITPendingBit                   0x08000845   Thumb Code     6  stm32f4xx_dcmi.o(i.DCMI_ClearITPendingBit)
    DCMI_Cmd                                 0x08000851   Thumb Code    30  stm32f4xx_dcmi.o(i.DCMI_Cmd)
    DCMI_DMA_Init                            0x08000875   Thumb Code   102  ov7670.o(i.DCMI_DMA_Init)
    DCMI_GetITStatus                         0x080008e5   Thumb Code    24  stm32f4xx_dcmi.o(i.DCMI_GetITStatus)
    DCMI_IRQHandler                          0x08000901   Thumb Code    34  dgp.o(i.DCMI_IRQHandler)
    DCMI_ITConfig                            0x08000929   Thumb Code    30  stm32f4xx_dcmi.o(i.DCMI_ITConfig)
    DCMI_Init                                0x0800094d   Thumb Code    60  stm32f4xx_dcmi.o(i.DCMI_Init)
    DCMI_Start                               0x0800098d   Thumb Code    24  ov7670.o(i.DCMI_Start)
    DMA_Cmd                                  0x080009a9   Thumb Code    22  stm32f4xx_dma.o(i.DMA_Cmd)
    DMA_DeInit                               0x080009c1   Thumb Code   324  stm32f4xx_dma.o(i.DMA_DeInit)
    DMA_GetCmdStatus                         0x08000b19   Thumb Code    20  stm32f4xx_dma.o(i.DMA_GetCmdStatus)
    DMA_GetCurrDataCounter                   0x08000b2d   Thumb Code     8  stm32f4xx_dma.o(i.DMA_GetCurrDataCounter)
    DMA_Init                                 0x08000b35   Thumb Code    82  stm32f4xx_dma.o(i.DMA_Init)
    DMA_SetCurrDataCounter                   0x08000b8d   Thumb Code     4  stm32f4xx_dma.o(i.DMA_SetCurrDataCounter)
    DebugMon_Handler                         0x08000b91   Thumb Code     2  stm32f4xx_it.o(i.DebugMon_Handler)
    GPIO_Init                                0x08000b93   Thumb Code   144  stm32f4xx_gpio.o(i.GPIO_Init)
    GPIO_PinAFConfig                         0x08000c23   Thumb Code    70  stm32f4xx_gpio.o(i.GPIO_PinAFConfig)
    GPIO_ResetBits                           0x08000c69   Thumb Code     4  stm32f4xx_gpio.o(i.GPIO_ResetBits)
    GPIO_SetBits                             0x08000c6d   Thumb Code     4  stm32f4xx_gpio.o(i.GPIO_SetBits)
    HardFault_Handler                        0x08000c71   Thumb Code     4  stm32f4xx_it.o(i.HardFault_Handler)
    LED_GPIO_Conf                            0x08000c75   Thumb Code    60  led.o(i.LED_GPIO_Conf)
    LED_SET                                  0x08000cb5   Thumb Code    30  led.o(i.LED_SET)
    MemManage_Handler                        0x08000cd9   Thumb Code     4  stm32f4xx_it.o(i.MemManage_Handler)
    NMI_Handler                              0x08000cdd   Thumb Code     2  stm32f4xx_it.o(i.NMI_Handler)
    NVIC_Init                                0x08000ce1   Thumb Code   106  misc.o(i.NVIC_Init)
    NVIC_PriorityGroupConfig                 0x08000d59   Thumb Code    10  misc.o(i.NVIC_PriorityGroupConfig)
    OV7670_Init                              0x08000d6d   Thumb Code    74  ov7670.o(i.OV7670_Init)
    OV7670_config_window                     0x08000dbd   Thumb Code   184  ov7670.o(i.OV7670_config_window)
    OV_ReadID                                0x08000e75   Thumb Code    16  ov7670.o(i.OV_ReadID)
    OV_ReadReg                               0x08000e85   Thumb Code   102  ov7670.o(i.OV_ReadReg)
    OV_Reset                                 0x08000eeb   Thumb Code    12  ov7670.o(i.OV_Reset)
    OV_WriteReg                              0x08000ef7   Thumb Code    78  ov7670.o(i.OV_WriteReg)
    PWM_Out_Init                             0x08000f45   Thumb Code   510  pwm_out.o(i.PWM_Out_Init)
    PendSV_Handler                           0x0800115d   Thumb Code     2  stm32f4xx_it.o(i.PendSV_Handler)
    RCC_AHB1PeriphClockCmd                   0x08001161   Thumb Code    26  stm32f4xx_rcc.o(i.RCC_AHB1PeriphClockCmd)
    RCC_AHB2PeriphClockCmd                   0x08001181   Thumb Code    26  stm32f4xx_rcc.o(i.RCC_AHB2PeriphClockCmd)
    RCC_APB1PeriphClockCmd                   0x080011a1   Thumb Code    26  stm32f4xx_rcc.o(i.RCC_APB1PeriphClockCmd)
    RCC_APB2PeriphClockCmd                   0x080011c1   Thumb Code    26  stm32f4xx_rcc.o(i.RCC_APB2PeriphClockCmd)
    RCC_GetClocksFreq                        0x080011e1   Thumb Code   214  stm32f4xx_rcc.o(i.RCC_GetClocksFreq)
    RCC_MCO1Config                           0x080012c9   Thumb Code    24  stm32f4xx_rcc.o(i.RCC_MCO1Config)
    SCCB_Init                                0x080012e5   Thumb Code    50  ov7670.o(i.SCCB_Init)
    SCCB_Read                                0x0800131d   Thumb Code    84  ov7670.o(i.SCCB_Read)
    SCCB_SID_IN                              0x08001375   Thumb Code    36  ov7670.o(i.SCCB_SID_IN)
    SCCB_SID_OUT                             0x0800139d   Thumb Code    42  ov7670.o(i.SCCB_SID_OUT)
    SCCB_Start                               0x080013cd   Thumb Code    64  ov7670.o(i.SCCB_Start)
    SCCB_Stop                                0x08001411   Thumb Code    50  ov7670.o(i.SCCB_Stop)
    SCCB_Write                               0x08001449   Thumb Code   154  ov7670.o(i.SCCB_Write)
    SVC_Handler                              0x080014e9   Thumb Code     2  stm32f4xx_it.o(i.SVC_Handler)
    SetPwm_1                                 0x080014ed   Thumb Code   100  pwm_out.o(i.SetPwm_1)
    SysTick_Handler                          0x08001641   Thumb Code     8  stm32f4xx_it.o(i.SysTick_Handler)
    SysTick_Init                             0x08001649   Thumb Code    90  delay.o(i.SysTick_Init)
    SystemInit                               0x080016b5   Thumb Code    88  system_stm32f4xx.o(i.SystemInit)
    TIM3_IRQHandler                          0x0800171d   Thumb Code    50  timer.o(i.TIM3_IRQHandler)
    TIM3_Int_Init                            0x0800177d   Thumb Code    88  timer.o(i.TIM3_Int_Init)
    TIM4_IRQHandler                          0x080017d9   Thumb Code    46  usmart.o(i.TIM4_IRQHandler)
    TIM_ARRPreloadConfig                     0x08001811   Thumb Code    24  stm32f4xx_tim.o(i.TIM_ARRPreloadConfig)
    TIM_ClearFlag                            0x08001829   Thumb Code     6  stm32f4xx_tim.o(i.TIM_ClearFlag)
    TIM_ClearITPendingBit                    0x0800182f   Thumb Code     6  stm32f4xx_tim.o(i.TIM_ClearITPendingBit)
    TIM_Cmd                                  0x08001835   Thumb Code    24  stm32f4xx_tim.o(i.TIM_Cmd)
    TIM_CtrlPWMOutputs                       0x0800184d   Thumb Code    30  stm32f4xx_tim.o(i.TIM_CtrlPWMOutputs)
    TIM_GetCounter                           0x0800186b   Thumb Code     6  stm32f4xx_tim.o(i.TIM_GetCounter)
    TIM_GetFlagStatus                        0x08001871   Thumb Code    18  stm32f4xx_tim.o(i.TIM_GetFlagStatus)
    TIM_GetITStatus                          0x08001883   Thumb Code    34  stm32f4xx_tim.o(i.TIM_GetITStatus)
    TIM_ITConfig                             0x080018a5   Thumb Code    18  stm32f4xx_tim.o(i.TIM_ITConfig)
    TIM_OC1Init                              0x080018b9   Thumb Code   114  stm32f4xx_tim.o(i.TIM_OC1Init)
    TIM_OC2Init                              0x08001935   Thumb Code   154  stm32f4xx_tim.o(i.TIM_OC2Init)
    TIM_OC3Init                              0x080019d9   Thumb Code   150  stm32f4xx_tim.o(i.TIM_OC3Init)
    TIM_OC3PreloadConfig                     0x08001a79   Thumb Code    18  stm32f4xx_tim.o(i.TIM_OC3PreloadConfig)
    TIM_OC4Init                              0x08001a8d   Thumb Code   112  stm32f4xx_tim.o(i.TIM_OC4Init)
    TIM_OC4PreloadConfig                     0x08001b05   Thumb Code    26  stm32f4xx_tim.o(i.TIM_OC4PreloadConfig)
    TIM_OCStructInit                         0x08001b1f   Thumb Code    20  stm32f4xx_tim.o(i.TIM_OCStructInit)
    TIM_SetAutoreload                        0x08001b33   Thumb Code     4  stm32f4xx_tim.o(i.TIM_SetAutoreload)
    TIM_SetCounter                           0x08001b37   Thumb Code     4  stm32f4xx_tim.o(i.TIM_SetCounter)
    TIM_TimeBaseInit                         0x08001b3d   Thumb Code   104  stm32f4xx_tim.o(i.TIM_TimeBaseInit)
    TIM_TimeBaseStructInit                   0x08001bc1   Thumb Code    18  stm32f4xx_tim.o(i.TIM_TimeBaseStructInit)
    TimeTick_Decrement                       0x08001bd5   Thumb Code    18  delay.o(i.TimeTick_Decrement)
    Timer4_Init                              0x08001bed   Thumb Code    86  usmart.o(i.Timer4_Init)
    USART1_IRQHandler                        0x08001c49   Thumb Code   122  usart.o(i.USART1_IRQHandler)
    USART_ClockInit                          0x08001cd1   Thumb Code    32  stm32f4xx_usart.o(i.USART_ClockInit)
    USART_Cmd                                0x08001cf1   Thumb Code    24  stm32f4xx_usart.o(i.USART_Cmd)
    USART_GetFlagStatus                      0x08001d09   Thumb Code    26  stm32f4xx_usart.o(i.USART_GetFlagStatus)
    USART_GetITStatus                        0x08001d23   Thumb Code    84  stm32f4xx_usart.o(i.USART_GetITStatus)
    USART_ITConfig                           0x08001d77   Thumb Code    74  stm32f4xx_usart.o(i.USART_ITConfig)
    USART_Init                               0x08001dc1   Thumb Code   204  stm32f4xx_usart.o(i.USART_Init)
    USART_ReceiveData                        0x08001e95   Thumb Code    10  stm32f4xx_usart.o(i.USART_ReceiveData)
    USART_SendData                           0x08001e9f   Thumb Code     8  stm32f4xx_usart.o(i.USART_SendData)
    USART_SendString_bysize                  0x08001ea7   Thumb Code    50  usart.o(i.USART_SendString_bysize)
    UsageFault_Handler                       0x08001ed9   Thumb Code     4  stm32f4xx_it.o(i.UsageFault_Handler)
    Usart2_Init                              0x08001edd   Thumb Code   230  usart.o(i.Usart2_Init)
    __0printf$8                              0x08001fcd   Thumb Code    22  printf8.o(i.__0printf$8)
    __1printf$8                              0x08001fcd   Thumb Code     0  printf8.o(i.__0printf$8)
    __2printf                                0x08001fcd   Thumb Code     0  printf8.o(i.__0printf$8)
    __scatterload_copy                       0x08001fed   Thumb Code    14  handlers.o(i.__scatterload_copy)
    __scatterload_null                       0x08001ffb   Thumb Code     2  handlers.o(i.__scatterload_null)
    __scatterload_zeroinit                   0x08001ffd   Thumb Code    14  handlers.o(i.__scatterload_zeroinit)
    ctrl_pwm                                 0x08002471   Thumb Code    92  ctrl.o(i.ctrl_pwm)
    delay_1ms                                0x080024d1   Thumb Code    20  delay.o(i.delay_1ms)
    delay_ms                                 0x080024e9   Thumb Code    20  delay.o(i.delay_ms)
    delay_us                                 0x080024fd   Thumb Code    16  delay.o(i.delay_us)
    fputc                                    0x08002511   Thumb Code    22  usart.o(i.fputc)
    getH_op1                                 0x0800252d   Thumb Code   354  dgp.o(i.getH_op1)
    jpeg_data_process                        0x080026a1   Thumb Code    90  dgp.o(i.jpeg_data_process)
    main                                     0x08002709   Thumb Code   104  main.o(i.main)
    noAck                                    0x0800278d   Thumb Code    64  ov7670.o(i.noAck)
    ov7670_error                             0x080027d1   Thumb Code    48  led.o(i.ov7670_error)
    read_addr                                0x08002809   Thumb Code     6  usmart.o(i.read_addr)
    uart_init                                0x08002811   Thumb Code   164  usart.o(i.uart_init)
    usmart_cmd_rec                           0x080028bd   Thumb Code   170  usmart.o(i.usmart_cmd_rec)
    usmart_exe                               0x0800296d   Thumb Code   632  usmart.o(i.usmart_exe)
    usmart_get_aparm                         0x08002c41   Thumb Code   200  usmart_str.o(i.usmart_get_aparm)
    usmart_get_cmdname                       0x08002d09   Thumb Code    54  usmart_str.o(i.usmart_get_cmdname)
    usmart_get_fname                         0x08002d41   Thumb Code   440  usmart_str.o(i.usmart_get_fname)
    usmart_get_fparam                        0x08002f01   Thumb Code   262  usmart_str.o(i.usmart_get_fparam)
    usmart_get_parmpos                       0x0800300d   Thumb Code    26  usmart_str.o(i.usmart_get_parmpos)
    usmart_get_runtime                       0x0800302d   Thumb Code    60  usmart.o(i.usmart_get_runtime)
    usmart_init                              0x08003071   Thumb Code    36  usmart.o(i.usmart_init)
    usmart_pow                               0x08003099   Thumb Code    22  usmart_str.o(i.usmart_pow)
    usmart_reset_runtime                     0x080030b1   Thumb Code    38  usmart.o(i.usmart_reset_runtime)
    usmart_scan                              0x080030e1   Thumb Code   120  usmart.o(i.usmart_scan)
    usmart_search_nextc                      0x0800319d   Thumb Code    22  usmart_str.o(i.usmart_search_nextc)
    usmart_str2num                           0x080031b3   Thumb Code   202  usmart_str.o(i.usmart_str2num)
    usmart_strcmp                            0x0800327d   Thumb Code    34  usmart_str.o(i.usmart_strcmp)
    usmart_strcopy                           0x0800329f   Thumb Code    22  usmart_str.o(i.usmart_strcopy)
    usmart_strlen                            0x080032b5   Thumb Code    24  usmart_str.o(i.usmart_strlen)
    usmart_sys_cmd_exe                       0x080032cd   Thumb Code  1554  usmart.o(i.usmart_sys_cmd_exe)
    write_addr                               0x080039b1   Thumb Code     4  usmart.o(i.write_addr)
    Region$$Table$$Base                      0x08003cec   Number         0  anon$$obj.o(Region$$Table)
    Region$$Table$$Limit                     0x08003d0c   Number         0  anon$$obj.o(Region$$Table)
    Init_Finish                              0x20000000   Data           1  main.o(.data)
    pwm                                      0x20000002   Data           8  ctrl.o(.data)
    CH                                       0x2000000a   Data           8  ctrl.o(.data)
    ov_frame                                 0x20000014   Data           1  dgp.o(.data)
    jpeg_data_len                            0x20000018   Data           4  dgp.o(.data)
    jpeg_data_ok                             0x2000001c   Data           1  dgp.o(.data)
    __stdout                                 0x20000024   Data           4  usart.o(.data)
    USART_RX_STA                             0x20000028   Data           2  usart.o(.data)
    TxCounter                                0x2000002a   Data           1  usart.o(.data)
    count                                    0x2000002b   Data           1  usart.o(.data)
    SystemCoreClock                          0x2000003c   Data           4  system_stm32f4xx.o(.data)
    AHBPrescTable                            0x20000040   Data          16  system_stm32f4xx.o(.data)
    sys_cmd_tab                              0x20000050   Data          28  usmart.o(.data)
    usmart_nametab                           0x2000006c   Data          48  usmart_config.o(.data)
    usmart_dev                               0x2000009c   Data         244  usmart_config.o(.data)
    USART_RX_BUF                             0x20000190   Data         200  usart.o(.bss)
    TxBuffer                                 0x20000258   Data         256  usart.o(.bss)
    Rx_Buf                                   0x20000358   Data         256  usart.o(.bss)
    jpeg_buf                                 0x20000458   Data       38400  ov7670.o(.bss)
    RGB                                      0x20009a58   Data       19200  ov7670.o(.bss)
    __initial_sp                             0x2000e958   Data           0  startup_stm32f4xx.o(STACK)



==============================================================================

Memory Map of the image

  Image Entry point : 0x08000189

  Load Region LR_IROM1 (Base: 0x08000000, Size: 0x00003e9c, Max: 0x00080000, ABSOLUTE, COMPRESSED[0x00003d80])

    Execution Region ER_IROM1 (Base: 0x08000000, Size: 0x00003d0c, Max: 0x00080000, ABSOLUTE)

    Base Addr    Size         Type   Attr      Idx    E Section Name        Object

    0x08000000   0x00000188   Data   RO         2544    RESET               startup_stm32f4xx.o
    0x08000188   0x00000000   Code   RO         2732  * .ARM.Collect$$$$00000000  mc_w.l(entry.o)
    0x08000188   0x00000004   Code   RO         3012    .ARM.Collect$$$$00000001  mc_w.l(entry2.o)
    0x0800018c   0x00000004   Code   RO         3015    .ARM.Collect$$$$00000004  mc_w.l(entry5.o)
    0x08000190   0x00000000   Code   RO         3017    .ARM.Collect$$$$00000008  mc_w.l(entry7b.o)
    0x08000190   0x00000000   Code   RO         3019    .ARM.Collect$$$$0000000A  mc_w.l(entry8b.o)
    0x08000190   0x00000008   Code   RO         3020    .ARM.Collect$$$$0000000B  mc_w.l(entry9a.o)
    0x08000198   0x00000000   Code   RO         3022    .ARM.Collect$$$$0000000D  mc_w.l(entry10a.o)
    0x08000198   0x00000000   Code   RO         3024    .ARM.Collect$$$$0000000F  mc_w.l(entry11a.o)
    0x08000198   0x00000004   Code   RO         3013    .ARM.Collect$$$$00002712  mc_w.l(entry2.o)
    0x0800019c   0x00000024   Code   RO         2545    .text               startup_stm32f4xx.o
    0x080001c0   0x000000e4   Code   RO         2998    .text               mf_w.l(dmul.o)
    0x080002a4   0x00000022   Code   RO         3000    .text               mf_w.l(dflti.o)
    0x080002c6   0x00000038   Code   RO         3010    .text               mf_w.l(d2f.o)
    0x080002fe   0x00000062   Code   RO         3028    .text               mc_w.l(uldiv.o)
    0x08000360   0x0000001e   Code   RO         3030    .text               mc_w.l(llshl.o)
    0x0800037e   0x00000020   Code   RO         3032    .text               mc_w.l(llushr.o)
    0x0800039e   0x00000000   Code   RO         3036    .text               mc_w.l(iusefp.o)
    0x0800039e   0x0000006e   Code   RO         3037    .text               mf_w.l(fepilogue.o)
    0x0800040c   0x000000ba   Code   RO         3039    .text               mf_w.l(depilogue.o)
    0x080004c6   0x00000002   PAD
    0x080004c8   0x00000024   Code   RO         3045    .text               mc_w.l(init.o)
    0x080004ec   0x00000056   Code   RO         3055    .text               mc_w.l(__dczerorl2.o)
    0x08000542   0x00000002   PAD
    0x08000544   0x00000060   Code   RO          231    i.All_Init          init.o
    0x080005a4   0x00000004   Code   RO          119    i.BusFault_Handler  stm32f4xx_it.o
    0x080005a8   0x00000234   Code   RO          558    i.Cam_Init          ov7670.o
    0x080007dc   0x00000024   Code   RO         2364    i.DCMI_CROPCmd      stm32f4xx_dcmi.o
    0x08000800   0x00000020   Code   RO         2365    i.DCMI_CROPConfig   stm32f4xx_dcmi.o
    0x08000820   0x00000024   Code   RO         2366    i.DCMI_CaptureCmd   stm32f4xx_dcmi.o
    0x08000844   0x0000000c   Code   RO         2368    i.DCMI_ClearITPendingBit  stm32f4xx_dcmi.o
    0x08000850   0x00000024   Code   RO         2369    i.DCMI_Cmd          stm32f4xx_dcmi.o
    0x08000874   0x00000070   Code   RO          559    i.DCMI_DMA_Init     ov7670.o
    0x080008e4   0x0000001c   Code   RO         2372    i.DCMI_GetITStatus  stm32f4xx_dcmi.o
    0x08000900   0x00000028   Code   RO          257    i.DCMI_IRQHandler   dgp.o
    0x08000928   0x00000024   Code   RO         2373    i.DCMI_ITConfig     stm32f4xx_dcmi.o
    0x0800094c   0x00000040   Code   RO         2374    i.DCMI_Init         stm32f4xx_dcmi.o
    0x0800098c   0x0000001c   Code   RO          560    i.DCMI_Start        ov7670.o
    0x080009a8   0x00000016   Code   RO         2242    i.DMA_Cmd           stm32f4xx_dma.o
    0x080009be   0x00000002   PAD
    0x080009c0   0x00000158   Code   RO         2243    i.DMA_DeInit        stm32f4xx_dma.o
    0x08000b18   0x00000014   Code   RO         2247    i.DMA_GetCmdStatus  stm32f4xx_dma.o
    0x08000b2c   0x00000008   Code   RO         2248    i.DMA_GetCurrDataCounter  stm32f4xx_dma.o
    0x08000b34   0x00000058   Code   RO         2254    i.DMA_Init          stm32f4xx_dma.o
    0x08000b8c   0x00000004   Code   RO         2257    i.DMA_SetCurrDataCounter  stm32f4xx_dma.o
    0x08000b90   0x00000002   Code   RO          120    i.DebugMon_Handler  stm32f4xx_it.o
    0x08000b92   0x00000090   Code   RO          966    i.GPIO_Init         stm32f4xx_gpio.o
    0x08000c22   0x00000046   Code   RO          967    i.GPIO_PinAFConfig  stm32f4xx_gpio.o
    0x08000c68   0x00000004   Code   RO          973    i.GPIO_ResetBits    stm32f4xx_gpio.o
    0x08000c6c   0x00000004   Code   RO          974    i.GPIO_SetBits      stm32f4xx_gpio.o
    0x08000c70   0x00000004   Code   RO          121    i.HardFault_Handler  stm32f4xx_it.o
    0x08000c74   0x00000040   Code   RO          455    i.LED_GPIO_Conf     led.o
    0x08000cb4   0x00000024   Code   RO          456    i.LED_SET           led.o
    0x08000cd8   0x00000004   Code   RO          122    i.MemManage_Handler  stm32f4xx_it.o
    0x08000cdc   0x00000002   Code   RO          123    i.NMI_Handler       stm32f4xx_it.o
    0x08000cde   0x00000002   PAD
    0x08000ce0   0x00000078   Code   RO          740    i.NVIC_Init         misc.o
    0x08000d58   0x00000014   Code   RO          741    i.NVIC_PriorityGroupConfig  misc.o
    0x08000d6c   0x00000050   Code   RO          562    i.OV7670_Init       ov7670.o
    0x08000dbc   0x000000b8   Code   RO          563    i.OV7670_config_window  ov7670.o
    0x08000e74   0x00000010   Code   RO          564    i.OV_ReadID         ov7670.o
    0x08000e84   0x00000066   Code   RO          565    i.OV_ReadReg        ov7670.o
    0x08000eea   0x0000000c   Code   RO          566    i.OV_Reset          ov7670.o
    0x08000ef6   0x0000004e   Code   RO          567    i.OV_WriteReg       ov7670.o
    0x08000f44   0x00000218   Code   RO          689    i.PWM_Out_Init      pwm_out.o
    0x0800115c   0x00000002   Code   RO          124    i.PendSV_Handler    stm32f4xx_it.o
    0x0800115e   0x00000002   PAD
    0x08001160   0x00000020   Code   RO         1243    i.RCC_AHB1PeriphClockCmd  stm32f4xx_rcc.o
    0x08001180   0x00000020   Code   RO         1246    i.RCC_AHB2PeriphClockCmd  stm32f4xx_rcc.o
    0x080011a0   0x00000020   Code   RO         1252    i.RCC_APB1PeriphClockCmd  stm32f4xx_rcc.o
    0x080011c0   0x00000020   Code   RO         1255    i.RCC_APB2PeriphClockCmd  stm32f4xx_rcc.o
    0x080011e0   0x000000e8   Code   RO         1264    i.RCC_GetClocksFreq  stm32f4xx_rcc.o
    0x080012c8   0x0000001c   Code   RO         1275    i.RCC_MCO1Config    stm32f4xx_rcc.o
    0x080012e4   0x00000038   Code   RO          568    i.SCCB_Init         ov7670.o
    0x0800131c   0x00000058   Code   RO          569    i.SCCB_Read         ov7670.o
    0x08001374   0x00000028   Code   RO          570    i.SCCB_SID_IN       ov7670.o
    0x0800139c   0x00000030   Code   RO          571    i.SCCB_SID_OUT      ov7670.o
    0x080013cc   0x00000044   Code   RO          572    i.SCCB_Start        ov7670.o
    0x08001410   0x00000038   Code   RO          573    i.SCCB_Stop         ov7670.o
    0x08001448   0x000000a0   Code   RO          574    i.SCCB_Write        ov7670.o
    0x080014e8   0x00000002   Code   RO          125    i.SVC_Handler       stm32f4xx_it.o
    0x080014ea   0x00000002   PAD
    0x080014ec   0x00000068   Code   RO          690    i.SetPwm_1          pwm_out.o
    0x08001554   0x000000ec   Code   RO         2510    i.SetSysClock       system_stm32f4xx.o
    0x08001640   0x00000008   Code   RO          126    i.SysTick_Handler   stm32f4xx_it.o
    0x08001648   0x0000006c   Code   RO          409    i.SysTick_Init      delay.o
    0x080016b4   0x00000068   Code   RO         2512    i.SystemInit        system_stm32f4xx.o
    0x0800171c   0x00000060   Code   RO          717    i.TIM3_IRQHandler   timer.o
    0x0800177c   0x0000005c   Code   RO          718    i.TIM3_Int_Init     timer.o
    0x080017d8   0x00000038   Code   RO         2560    i.TIM4_IRQHandler   usmart.o
    0x08001810   0x00000018   Code   RO         1686    i.TIM_ARRPreloadConfig  stm32f4xx_tim.o
    0x08001828   0x00000006   Code   RO         1692    i.TIM_ClearFlag     stm32f4xx_tim.o
    0x0800182e   0x00000006   Code   RO         1693    i.TIM_ClearITPendingBit  stm32f4xx_tim.o
    0x08001834   0x00000018   Code   RO         1698    i.TIM_Cmd           stm32f4xx_tim.o
    0x0800184c   0x0000001e   Code   RO         1700    i.TIM_CtrlPWMOutputs  stm32f4xx_tim.o
    0x0800186a   0x00000006   Code   RO         1717    i.TIM_GetCounter    stm32f4xx_tim.o
    0x08001870   0x00000012   Code   RO         1718    i.TIM_GetFlagStatus  stm32f4xx_tim.o
    0x08001882   0x00000022   Code   RO         1719    i.TIM_GetITStatus   stm32f4xx_tim.o
    0x080018a4   0x00000012   Code   RO         1723    i.TIM_ITConfig      stm32f4xx_tim.o
    0x080018b6   0x00000002   PAD
    0x080018b8   0x0000007c   Code   RO         1727    i.TIM_OC1Init       stm32f4xx_tim.o
    0x08001934   0x000000a4   Code   RO         1732    i.TIM_OC2Init       stm32f4xx_tim.o
    0x080019d8   0x000000a0   Code   RO         1737    i.TIM_OC3Init       stm32f4xx_tim.o
    0x08001a78   0x00000012   Code   RO         1740    i.TIM_OC3PreloadConfig  stm32f4xx_tim.o
    0x08001a8a   0x00000002   PAD
    0x08001a8c   0x00000078   Code   RO         1742    i.TIM_OC4Init       stm32f4xx_tim.o
    0x08001b04   0x0000001a   Code   RO         1744    i.TIM_OC4PreloadConfig  stm32f4xx_tim.o
    0x08001b1e   0x00000014   Code   RO         1745    i.TIM_OCStructInit  stm32f4xx_tim.o
    0x08001b32   0x00000004   Code   RO         1758    i.TIM_SetAutoreload  stm32f4xx_tim.o
    0x08001b36   0x00000004   Code   RO         1764    i.TIM_SetCounter    stm32f4xx_tim.o
    0x08001b3a   0x00000002   PAD
    0x08001b3c   0x00000084   Code   RO         1770    i.TIM_TimeBaseInit  stm32f4xx_tim.o
    0x08001bc0   0x00000012   Code   RO         1771    i.TIM_TimeBaseStructInit  stm32f4xx_tim.o
    0x08001bd2   0x00000002   PAD
    0x08001bd4   0x00000018   Code   RO          410    i.TimeTick_Decrement  delay.o
    0x08001bec   0x0000005c   Code   RO         2561    i.Timer4_Init       usmart.o
    0x08001c48   0x00000088   Code   RO          483    i.USART1_IRQHandler  usart.o
    0x08001cd0   0x00000020   Code   RO         1061    i.USART_ClockInit   stm32f4xx_usart.o
    0x08001cf0   0x00000018   Code   RO         1063    i.USART_Cmd         stm32f4xx_usart.o
    0x08001d08   0x0000001a   Code   RO         1066    i.USART_GetFlagStatus  stm32f4xx_usart.o
    0x08001d22   0x00000054   Code   RO         1067    i.USART_GetITStatus  stm32f4xx_usart.o
    0x08001d76   0x0000004a   Code   RO         1069    i.USART_ITConfig    stm32f4xx_usart.o
    0x08001dc0   0x000000d4   Code   RO         1070    i.USART_Init        stm32f4xx_usart.o
    0x08001e94   0x0000000a   Code   RO         1077    i.USART_ReceiveData  stm32f4xx_usart.o
    0x08001e9e   0x00000008   Code   RO         1080    i.USART_SendData    stm32f4xx_usart.o
    0x08001ea6   0x00000032   Code   RO          485    i.USART_SendString_bysize  usart.o
    0x08001ed8   0x00000004   Code   RO          127    i.UsageFault_Handler  stm32f4xx_it.o
    0x08001edc   0x000000f0   Code   RO          487    i.Usart2_Init       usart.o
    0x08001fcc   0x00000020   Code   RO         2942    i.__0printf$8       mc_w.l(printf8.o)
    0x08001fec   0x0000000e   Code   RO         3049    i.__scatterload_copy  mc_w.l(handlers.o)
    0x08001ffa   0x00000002   Code   RO         3050    i.__scatterload_null  mc_w.l(handlers.o)
    0x08001ffc   0x0000000e   Code   RO         3051    i.__scatterload_zeroinit  mc_w.l(handlers.o)
    0x0800200a   0x00000002   PAD
    0x0800200c   0x00000410   Code   RO         2949    i._printf_core      mc_w.l(printf8.o)
    0x0800241c   0x00000024   Code   RO         2950    i._printf_post_padding  mc_w.l(printf8.o)
    0x08002440   0x0000002e   Code   RO         2951    i._printf_pre_padding  mc_w.l(printf8.o)
    0x0800246e   0x00000002   PAD
    0x08002470   0x00000060   Code   RO          186    i.ctrl_pwm          ctrl.o
    0x080024d0   0x00000018   Code   RO          411    i.delay_1ms         delay.o
    0x080024e8   0x00000014   Code   RO          412    i.delay_ms          delay.o
    0x080024fc   0x00000014   Code   RO          413    i.delay_us          delay.o
    0x08002510   0x0000001c   Code   RO          490    i.fputc             usart.o
    0x0800252c   0x00000174   Code   RO          261    i.getH_op1          dgp.o
    0x080026a0   0x00000068   Code   RO          264    i.jpeg_data_process  dgp.o
    0x08002708   0x00000084   Code   RO            2    i.main              main.o
    0x0800278c   0x00000044   Code   RO          575    i.noAck             ov7670.o
    0x080027d0   0x00000038   Code   RO          457    i.ov7670_error      led.o
    0x08002808   0x00000006   Code   RO         2562    i.read_addr         usmart.o
    0x0800280e   0x00000002   PAD
    0x08002810   0x000000ac   Code   RO          491    i.uart_init         usart.o
    0x080028bc   0x000000b0   Code   RO         2563    i.usmart_cmd_rec    usmart.o
    0x0800296c   0x000002d4   Code   RO         2564    i.usmart_exe        usmart.o
    0x08002c40   0x000000c8   Code   RO         2657    i.usmart_get_aparm  usmart_str.o
    0x08002d08   0x00000036   Code   RO         2658    i.usmart_get_cmdname  usmart_str.o
    0x08002d3e   0x00000002   PAD
    0x08002d40   0x000001c0   Code   RO         2659    i.usmart_get_fname  usmart_str.o
    0x08002f00   0x0000010c   Code   RO         2660    i.usmart_get_fparam  usmart_str.o
    0x0800300c   0x00000020   Code   RO         2661    i.usmart_get_parmpos  usmart_str.o
    0x0800302c   0x00000044   Code   RO         2565    i.usmart_get_runtime  usmart.o
    0x08003070   0x00000028   Code   RO         2566    i.usmart_init       usmart.o
    0x08003098   0x00000016   Code   RO         2662    i.usmart_pow        usmart_str.o
    0x080030ae   0x00000002   PAD
    0x080030b0   0x00000030   Code   RO         2567    i.usmart_reset_runtime  usmart.o
    0x080030e0   0x000000bc   Code   RO         2568    i.usmart_scan       usmart.o
    0x0800319c   0x00000016   Code   RO         2663    i.usmart_search_nextc  usmart_str.o
    0x080031b2   0x000000ca   Code   RO         2664    i.usmart_str2num    usmart_str.o
    0x0800327c   0x00000022   Code   RO         2665    i.usmart_strcmp     usmart_str.o
    0x0800329e   0x00000016   Code   RO         2666    i.usmart_strcopy    usmart_str.o
    0x080032b4   0x00000018   Code   RO         2667    i.usmart_strlen     usmart_str.o
    0x080032cc   0x000006e4   Code   RO         2569    i.usmart_sys_cmd_exe  usmart.o
    0x080039b0   0x00000004   Code   RO         2570    i.write_addr        usmart.o
    0x080039b4   0x00000266   Data   RO          577    .constdata          ov7670.o
    0x08003c1a   0x00000002   PAD
    0x08003c1c   0x00000028   Data   RO         2571    .conststring        usmart.o
    0x08003c44   0x000000a8   Data   RO         2640    .conststring        usmart_config.o
    0x08003cec   0x00000020   Data   RO         3047    Region$$Table       anon$$obj.o


    Execution Region RW_IRAM1 (Base: 0x20000000, Size: 0x0000e958, Max: 0x00020000, ABSOLUTE, COMPRESSED[0x00000074])

    Base Addr    Size         Type   Attr      Idx    E Section Name        Object

    0x20000000   0x00000001   Data   RW            3    .data               main.o
    0x20000001   0x00000001   PAD
    0x20000002   0x00000010   Data   RW          189    .data               ctrl.o
    0x20000012   0x00000002   PAD
    0x20000014   0x00000009   Data   RW          265    .data               dgp.o
    0x2000001d   0x00000003   PAD
    0x20000020   0x00000004   Data   RW          414    .data               delay.o
    0x20000024   0x00000008   Data   RW          493    .data               usart.o
    0x2000002c   0x00000010   Data   RW         1287    .data               stm32f4xx_rcc.o
    0x2000003c   0x00000014   Data   RW         2513    .data               system_stm32f4xx.o
    0x20000050   0x0000001c   Data   RW         2572    .data               usmart.o
    0x2000006c   0x00000124   Data   RW         2641    .data               usmart_config.o
    0x20000190   0x000002c8   Zero   RW          492    .bss                usart.o
    0x20000458   0x0000e100   Zero   RW          576    .bss                ov7670.o
    0x2000e558   0x00000400   Zero   RW         2542    STACK               startup_stm32f4xx.o


==============================================================================

Image component sizes


      Code (inc. data)   RO Data    RW Data    ZI Data      Debug   Object Name

        96          4          0         16          0       1419   ctrl.o
       196         32          0          4          0      21353   delay.o
       516         38          0          9          0       2435   dgp.o
        96          6          0          0          0        535   init.o
       156         18          0          0          0       1525   led.o
       132         28          0          1          0     276385   main.o
       140         24          0          0          0       1579   misc.o
      1760         86        614          0      57600      11561   ov7670.o
       640         30          0          0          0       2130   pwm_out.o
        36          8        392          0       1024        824   startup_stm32f4xx.o
       280         44          0          0          0       4842   stm32f4xx_dcmi.o
       486         26          0          0          0       4899   stm32f4xx_dma.o
       222          0          0          0          0       2939   stm32f4xx_gpio.o
        32          0          0          0          0       4170   stm32f4xx_it.o
       388         46          0         16          0       5645   stm32f4xx_rcc.o
       956         66          0          0          0      13102   stm32f4xx_tim.o
       470          8          0          0          0       6171   stm32f4xx_usart.o
       340         32          0         20          0       1893   system_stm32f4xx.o
       188         50          0          0          0       1158   timer.o
       626         38          0          8        712       5480   usart.o
      3166       1332         40         28          0       7822   usmart.o
         0          0        168        292          0       1568   usmart_config.o
      1328         20          0          0          0       8613   usmart_str.o

    ----------------------------------------------------------------------
     12272       1936       1248        400      59336     388048   Object Totals
         0          0         32          0          0          0   (incl. Generated)
        22          0          2          6          0          0   (incl. Padding)

    ----------------------------------------------------------------------

      Code (inc. data)   RO Data    RW Data    ZI Data      Debug   Library Member Name

        86          0          0          0          0          0   __dczerorl2.o
         0          0          0          0          0          0   entry.o
         0          0          0          0          0          0   entry10a.o
         0          0          0          0          0          0   entry11a.o
         8          4          0          0          0          0   entry2.o
         4          0          0          0          0          0   entry5.o
         0          0          0          0          0          0   entry7b.o
         0          0          0          0          0          0   entry8b.o
         8          4          0          0          0          0   entry9a.o
        30          0          0          0          0          0   handlers.o
        36          8          0          0          0         68   init.o
         0          0          0          0          0          0   iusefp.o
        30          0          0          0          0         68   llshl.o
        32          0          0          0          0         68   llushr.o
      1154         54          0          0          0        352   printf8.o
        98          0          0          0          0         92   uldiv.o
        56          0          0          0          0         88   d2f.o
       186          0          0          0          0        176   depilogue.o
        34          0          0          0          0         76   dflti.o
       228          0          0          0          0         96   dmul.o
       110          0          0          0          0        168   fepilogue.o

    ----------------------------------------------------------------------
      2108         70          0          0          0       1252   Library Totals
         8          0          0          0          0          0   (incl. Padding)

    ----------------------------------------------------------------------

      Code (inc. data)   RO Data    RW Data    ZI Data      Debug   Library Name

      1486         70          0          0          0        648   mc_w.l
       614          0          0          0          0        604   mf_w.l

    ----------------------------------------------------------------------
      2108         70          0          0          0       1252   Library Totals

    ----------------------------------------------------------------------

==============================================================================


      Code (inc. data)   RO Data    RW Data    ZI Data      Debug   

     14380       2006       1248        400      59336     376812   Grand Totals
     14380       2006       1248        116      59336     376812   ELF Image Totals (compressed)
     14380       2006       1248        116          0          0   ROM Totals

==============================================================================

    Total RO  Size (Code + RO Data)                15628 (  15.26kB)
    Total RW  Size (RW Data + ZI Data)             59736 (  58.34kB)
    Total ROM Size (Code + RO Data + RW Data)      15744 (  15.38kB)

==============================================================================

