Component: ARM Compiler 5.05 update 2 (build 169) Tool: armlink [4d0f33]

==============================================================================

Section Cross References

    main.o(i.main) refers to init.o(i.All_Init) for All_Init
    main.o(i.main) refers to delay.o(i.delay_ms) for delay_ms
    main.o(i.main) refers to ctrl.o(i.ctrl_pwm) for ctrl_pwm
    main.o(i.main) refers to ov7670.o(i.OV7670_Init) for OV7670_Init
    main.o(i.main) refers to stm32f4xx_gpio.o(i.GPIO_ResetBits) for GPIO_ResetBits
    main.o(i.main) refers to stm32f4xx_gpio.o(i.GPIO_SetBits) for GPIO_SetBits
    main.o(i.main) refers to stm32f4xx_usart.o(i.USART_SendData) for USART_SendData
    main.o(i.main) refers to ov7670.o(i.Cam_Start) for Cam_Start
    main.o(i.main) refers to usart.o(i.USART_SendString) for USART_SendString
    main.o(i.main) refers to main.o(.data) for Init_Finish
    main.o(i.main) refers to ctrl.o(.data) for CH
    main.o(i.main) refers to ov7670.o(.bss) for jpeg_buf
    stm32f4xx_it.o(i.SysTick_Handler) refers to delay.o(i.TimeTick_Decrement) for TimeTick_Decrement
    ctrl.o(i.ctrl_pwm) refers to pwm_out.o(i.SetPwm_1) for SetPwm_1
    ctrl.o(i.ctrl_pwm) refers to ctrl.o(.data) for pwm
    ctrl.o(i.pid_set) refers to ctrl.o(.bss) for pid_camera
    init.o(i.All_Init) refers to misc.o(i.NVIC_PriorityGroupConfig) for NVIC_PriorityGroupConfig
    init.o(i.All_Init) refers to system_stm32f4xx.o(i.SystemInit) for SystemInit
    init.o(i.All_Init) refers to led.o(i.LED_GPIO_Conf) for LED_GPIO_Conf
    init.o(i.All_Init) refers to delay.o(i.SysTick_Init) for SysTick_Init
    init.o(i.All_Init) refers to usart.o(i.Usart2_Init) for Usart2_Init
    init.o(i.All_Init) refers to pwm_out.o(i.PWM_Out_Init) for PWM_Out_Init
    init.o(i.All_Init) refers to usart.o(i.uart_init) for uart_init
    init.o(i.All_Init) refers to usmart_config.o(.data) for usmart_dev
    delay.o(i.SysTick_Init) refers to system_stm32f4xx.o(.data) for SystemCoreClock
    delay.o(i.TimeTick_Decrement) refers to delay.o(.data) for TimingDelay
    delay.o(i.delay_1ms) refers to delay.o(.data) for TimingDelay
    delay.o(i.delay_ms) refers to delay.o(i.delay_1ms) for delay_1ms
    delay.o(i.delay_us) refers to delay.o(.data) for TimingDelay
    led.o(i.LED_GPIO_Conf) refers to stm32f4xx_rcc.o(i.RCC_AHB1PeriphClockCmd) for RCC_AHB1PeriphClockCmd
    led.o(i.LED_GPIO_Conf) refers to stm32f4xx_gpio.o(i.GPIO_Init) for GPIO_Init
    led.o(i.LED_GPIO_Conf) refers to stm32f4xx_gpio.o(i.GPIO_SetBits) for GPIO_SetBits
    led.o(i.LED_SET) refers to stm32f4xx_gpio.o(i.GPIO_ResetBits) for GPIO_ResetBits
    led.o(i.LED_SET) refers to stm32f4xx_gpio.o(i.GPIO_SetBits) for GPIO_SetBits
    usart.o(i.USART1_IRQHandler) refers to stm32f4xx_usart.o(i.USART_GetITStatus) for USART_GetITStatus
    usart.o(i.USART1_IRQHandler) refers to stm32f4xx_usart.o(i.USART_ReceiveData) for USART_ReceiveData
    usart.o(i.USART1_IRQHandler) refers to usart.o(.data) for USART_RX_STA
    usart.o(i.USART1_IRQHandler) refers to usart.o(.bss) for USART_RX_BUF
    usart.o(i.USART_SendString) refers to stm32f4xx_usart.o(i.USART_SendData) for USART_SendData
    usart.o(i.USART_SendString) refers to stm32f4xx_usart.o(i.USART_GetFlagStatus) for USART_GetFlagStatus
    usart.o(i.Usart2_IRQ) refers to stm32f4xx_usart.o(i.USART_GetITStatus) for USART_GetITStatus
    usart.o(i.Usart2_IRQ) refers to stm32f4xx_usart.o(i.USART_ClearITPendingBit) for USART_ClearITPendingBit
    usart.o(i.Usart2_IRQ) refers to usart.o(.data) for TxCounter
    usart.o(i.Usart2_IRQ) refers to usart.o(.bss) for TxBuffer
    usart.o(i.Usart2_Init) refers to stm32f4xx_rcc.o(i.RCC_APB1PeriphClockCmd) for RCC_APB1PeriphClockCmd
    usart.o(i.Usart2_Init) refers to stm32f4xx_rcc.o(i.RCC_AHB1PeriphClockCmd) for RCC_AHB1PeriphClockCmd
    usart.o(i.Usart2_Init) refers to misc.o(i.NVIC_Init) for NVIC_Init
    usart.o(i.Usart2_Init) refers to stm32f4xx_gpio.o(i.GPIO_PinAFConfig) for GPIO_PinAFConfig
    usart.o(i.Usart2_Init) refers to stm32f4xx_gpio.o(i.GPIO_Init) for GPIO_Init
    usart.o(i.Usart2_Init) refers to stm32f4xx_usart.o(i.USART_Init) for USART_Init
    usart.o(i.Usart2_Init) refers to stm32f4xx_usart.o(i.USART_ClockInit) for USART_ClockInit
    usart.o(i.Usart2_Init) refers to stm32f4xx_usart.o(i.USART_ITConfig) for USART_ITConfig
    usart.o(i.Usart2_Init) refers to stm32f4xx_usart.o(i.USART_Cmd) for USART_Cmd
    usart.o(i.Usart2_Send) refers to stm32f4xx_usart.o(i.USART_ITConfig) for USART_ITConfig
    usart.o(i.Usart2_Send) refers to usart.o(.data) for count
    usart.o(i.Usart2_Send) refers to usart.o(.bss) for TxBuffer
    usart.o(i.uart_init) refers to stm32f4xx_rcc.o(i.RCC_AHB1PeriphClockCmd) for RCC_AHB1PeriphClockCmd
    usart.o(i.uart_init) refers to stm32f4xx_rcc.o(i.RCC_APB2PeriphClockCmd) for RCC_APB2PeriphClockCmd
    usart.o(i.uart_init) refers to stm32f4xx_gpio.o(i.GPIO_PinAFConfig) for GPIO_PinAFConfig
    usart.o(i.uart_init) refers to stm32f4xx_gpio.o(i.GPIO_Init) for GPIO_Init
[...]

Removing Unused input sections from the image.

    Removing main.o(.emb_text), (8 bytes).
    Removing main.o(.constdata), (998 bytes).
    Removing stm32f4xx_it.o(.emb_text), (8 bytes).
    Removing ctrl.o(.emb_text), (8 bytes).
    Removing ctrl.o(i.pid_set), (40 bytes).
    Removing ctrl.o(.bss), (24 bytes).
    Removing data_transfer.o(.emb_text), (8 bytes).
    Removing data_transfer.o(.bss), (50 bytes).
    Removing init.o(.emb_text), (8 bytes).
    Removing delay.o(.emb_text), (8 bytes).
    Removing led.o(.emb_text), (8 bytes).
    Removing usart.o(.emb_text), (8 bytes).
    Removing usart.o(i.Usart2_IRQ), (132 bytes).
    Removing usart.o(i.Usart2_Send), (76 bytes).
    Removing usart.o(i._sys_exit), (6 bytes).
    Removing ov7670.o(.emb_text), (8 bytes).
    Removing ov7670.o(i.OV7670_HW), (144 bytes).
    Removing pwm_out.o(.emb_text), (8 bytes).
    Removing pwm_out.o(i.SetPwm_5), (72 bytes).
    Removing mymath.o(.emb_text), (8 bytes).
    Removing mymath.o(i.To_180_degrees), (72 bytes).
    Removing mymath.o(i.fast_atan2), (380 bytes).
    Removing mymath.o(i.mx_sin), (340 bytes).
    Removing mymath.o(i.my_abs), (26 bytes).
    Removing mymath.o(i.my_atan), (24 bytes).
    Removing mymath.o(i.my_cos), (152 bytes).
    Removing mymath.o(i.my_deathzoom), (68 bytes).
    Removing mymath.o(i.my_deathzoom_2), (44 bytes).
    Removing mymath.o(i.my_pow), (10 bytes).
    Removing mymath.o(i.my_pow_2_curve), (84 bytes).
    Removing mymath.o(i.my_sin), (116 bytes).
    Removing mymath.o(i.my_sqrt), (92 bytes).
    Removing mymath.o(.data), (1028 bytes).
    Removing misc.o(.emb_text), (8 bytes).
    Removing misc.o(i.NVIC_SetVectorTable), (20 bytes).
    Removing misc.o(i.NVIC_SystemLPConfig), (32 bytes).
    Removing misc.o(i.SysTick_CLKSourceConfig), (40 bytes).
    Removing stm32f4xx_exti.o(.emb_text), (8 bytes).
    Removing stm32f4xx_exti.o(i.EXTI_ClearFlag), (12 bytes).
    Removing stm32f4xx_exti.o(i.EXTI_ClearITPendingBit), (12 bytes).
    Removing stm32f4xx_exti.o(i.EXTI_DeInit), (36 bytes).
    Removing stm32f4xx_exti.o(i.EXTI_GenerateSWInterrupt), (16 bytes).
    Removing stm32f4xx_exti.o(i.EXTI_GetFlagStatus), (24 bytes).
    Removing stm32f4xx_exti.o(i.EXTI_GetITStatus), (40 bytes).
    Removing stm32f4xx_exti.o(i.EXTI_Init), (148 bytes).
    Removing stm32f4xx_exti.o(i.EXTI_StructInit), (16 bytes).
    Removing stm32f4xx_fsmc.o(.emb_text), (8 bytes).
    Removing stm32f4xx_fsmc.o(i.FSMC_ClearFlag), (64 bytes).
    Removing stm32f4xx_fsmc.o(i.FSMC_ClearITPendingBit), (72 bytes).
    Removing stm32f4xx_fsmc.o(i.FSMC_GetECC), (28 bytes).
    Removing stm32f4xx_fsmc.o(i.FSMC_GetFlagStatus), (56 bytes).
    Removing stm32f4xx_fsmc.o(i.FSMC_GetITStatus), (68 bytes).
    Removing stm32f4xx_fsmc.o(i.FSMC_ITConfig), (128 bytes).
    Removing stm32f4xx_fsmc.o(i.FSMC_NANDCmd), (92 bytes).
    Removing stm32f4xx_fsmc.o(i.FSMC_NANDDeInit), (68 bytes).
    Removing stm32f4xx_fsmc.o(i.FSMC_NANDECCCmd), (92 bytes).
    Removing stm32f4xx_fsmc.o(i.FSMC_NANDInit), (136 bytes).
    Removing stm32f4xx_fsmc.o(i.FSMC_NANDStructInit), (54 bytes).
    Removing stm32f4xx_fsmc.o(i.FSMC_NORSRAMCmd), (52 bytes).
    Removing stm32f4xx_fsmc.o(i.FSMC_NORSRAMDeInit), (54 bytes).
    Removing stm32f4xx_fsmc.o(i.FSMC_NORSRAMInit), (230 bytes).
    Removing stm32f4xx_fsmc.o(i.FSMC_NORSRAMStructInit), (114 bytes).
    Removing stm32f4xx_fsmc.o(i.FSMC_PCCARDCmd), (48 bytes).
    Removing stm32f4xx_fsmc.o(i.FSMC_PCCARDDeInit), (40 bytes).
    Removing stm32f4xx_fsmc.o(i.FSMC_PCCARDInit), (132 bytes).
    Removing stm32f4xx_fsmc.o(i.FSMC_PCCARDStructInit), (60 bytes).
    Removing stm32f4xx_gpio.o(.emb_text), (8 bytes).
    Removing stm32f4xx_gpio.o(i.GPIO_DeInit), (256 bytes).
    Removing stm32f4xx_gpio.o(i.GPIO_PinLockConfig), (34 bytes).
    Removing stm32f4xx_gpio.o(i.GPIO_ReadInputData), (8 bytes).
    Removing stm32f4xx_gpio.o(i.GPIO_ReadInputDataBit), (18 bytes).
    Removing stm32f4xx_gpio.o(i.GPIO_ReadOutputData), (8 bytes).
    Removing stm32f4xx_gpio.o(i.GPIO_ReadOutputDataBit), (18 bytes).
    Removing stm32f4xx_gpio.o(i.GPIO_StructInit), (18 bytes).
    Removing stm32f4xx_gpio.o(i.GPIO_ToggleBits), (8 bytes).
    Removing stm32f4xx_gpio.o(i.GPIO_Write), (4 bytes).
    Removing stm32f4xx_gpio.o(i.GPIO_WriteBit), (10 bytes).
    Removing stm32f4xx_usart.o(.emb_text), (8 bytes).
    Removing stm32f4xx_usart.o(i.USART_ClearFlag), (18 bytes).
    Removing stm32f4xx_usart.o(i.USART_ClearITPendingBit), (30 bytes).
    Removing stm32f4xx_usart.o(i.USART_ClockStructInit), (12 bytes).
    Removing stm32f4xx_usart.o(i.USART_DMACmd), (18 bytes).
    Removing stm32f4xx_usart.o(i.USART_DeInit), (180 bytes).
    Removing stm32f4xx_usart.o(i.USART_HalfDuplexCmd), (24 bytes).
    Removing stm32f4xx_usart.o(i.USART_IrDACmd), (24 bytes).
    Removing stm32f4xx_usart.o(i.USART_IrDAConfig), (18 bytes).
    Removing stm32f4xx_usart.o(i.USART_LINBreakDetectLengthConfig), (18 bytes).
    Removing stm32f4xx_usart.o(i.USART_LINCmd), (24 bytes).
    Removing stm32f4xx_usart.o(i.USART_OneBitMethodCmd), (24 bytes).
    Removing stm32f4xx_usart.o(i.USART_OverSampling8Cmd), (22 bytes).
    Removing stm32f4xx_usart.o(i.USART_ReceiverWakeUpCmd), (24 bytes).
    Removing stm32f4xx_usart.o(i.USART_SendBreak), (10 bytes).
    Removing stm32f4xx_usart.o(i.USART_SetAddress), (18 bytes).
    Removing stm32f4xx_usart.o(i.USART_SetGuardTime), (16 bytes).
    Removing stm32f4xx_usart.o(i.USART_SetPrescaler), (16 bytes).
    Removing stm32f4xx_usart.o(i.USART_SmartCardCmd), (24 bytes).
    Removing stm32f4xx_usart.o(i.USART_SmartCardNACKCmd), (24 bytes).
    Removing stm32f4xx_usart.o(i.USART_StructInit), (24 bytes).
    Removing stm32f4xx_usart.o(i.USART_WakeUpConfig), (18 bytes).
    Removing stm32f4xx_rcc.o(.emb_text), (8 bytes).
    Removing stm32f4xx_rcc.o(i.RCC_AHB1PeriphClockLPModeCmd), (32 bytes).
    Removing stm32f4xx_rcc.o(i.RCC_AHB1PeriphResetCmd), (32 bytes).
    Removing stm32f4xx_rcc.o(i.RCC_AHB2PeriphClockLPModeCmd), (32 bytes).
    Removing stm32f4xx_rcc.o(i.RCC_AHB2PeriphResetCmd), (32 bytes).
    Removing stm32f4xx_rcc.o(i.RCC_AHB3PeriphClockCmd), (32 bytes).
    Removing stm32f4xx_rcc.o(i.RCC_AHB3PeriphClockLPModeCmd), (32 bytes).
    Removing stm32f4xx_rcc.o(i.RCC_AHB3PeriphResetCmd), (32 bytes).
    Removing stm32f4xx_rcc.o(i.RCC_APB1PeriphClockLPModeCmd), (32 bytes).
    Removing stm32f4xx_rcc.o(i.RCC_APB1PeriphResetCmd), (32 bytes).
    Removing stm32f4xx_rcc.o(i.RCC_APB2PeriphClockLPModeCmd), (32 bytes).
    Removing stm32f4xx_rcc.o(i.RCC_APB2PeriphResetCmd), (32 bytes).
    Removing stm32f4xx_rcc.o(i.RCC_AdjustHSICalibrationValue), (24 bytes).
    Removing stm32f4xx_rcc.o(i.RCC_BackupResetCmd), (12 bytes).
    Removing stm32f4xx_rcc.o(i.RCC_ClearFlag), (20 bytes).
    Removing stm32f4xx_rcc.o(i.RCC_ClearITPendingBit), (12 bytes).
    Removing stm32f4xx_rcc.o(i.RCC_ClockSecuritySystemCmd), (12 bytes).
    Removing stm32f4xx_rcc.o(i.RCC_DeInit), (72 bytes).
    Removing stm32f4xx_rcc.o(i.RCC_GetFlagStatus), (64 bytes).
    Removing stm32f4xx_rcc.o(i.RCC_GetITStatus), (24 bytes).
    Removing stm32f4xx_rcc.o(i.RCC_GetSYSCLKSource), (16 bytes).
    Removing stm32f4xx_rcc.o(i.RCC_HCLKConfig), (24 bytes).
    Removing stm32f4xx_rcc.o(i.RCC_HSEConfig), (16 bytes).
    Removing stm32f4xx_rcc.o(i.RCC_HSICmd), (12 bytes).
    Removing stm32f4xx_rcc.o(i.RCC_I2SCLKConfig), (12 bytes).
    Removing stm32f4xx_rcc.o(i.RCC_ITConfig), (32 bytes).
    Removing stm32f4xx_rcc.o(i.RCC_LSEConfig), (44 bytes).
    Removing stm32f4xx_rcc.o(i.RCC_LSICmd), (12 bytes).
    Removing stm32f4xx_rcc.o(i.RCC_MCO2Config), (28 bytes).
    Removing stm32f4xx_rcc.o(i.RCC_PCLK1Config), (24 bytes).
    Removing stm32f4xx_rcc.o(i.RCC_PCLK2Config), (24 bytes).
    Removing stm32f4xx_rcc.o(i.RCC_PLLCmd), (12 bytes).
    Removing stm32f4xx_rcc.o(i.RCC_PLLConfig), (36 bytes).
    Removing stm32f4xx_rcc.o(i.RCC_PLLI2SCmd), (12 bytes).
    Removing stm32f4xx_rcc.o(i.RCC_PLLI2SConfig), (16 bytes).
    Removing stm32f4xx_rcc.o(i.RCC_RTCCLKCmd), (12 bytes).
    Removing stm32f4xx_rcc.o(i.RCC_RTCCLKConfig), (60 bytes).
    Removing stm32f4xx_rcc.o(i.RCC_SYSCLKConfig), (24 bytes).
    Removing stm32f4xx_rcc.o(i.RCC_WaitForHSEStartUp), (56 bytes).
    Removing stm32f4xx_spi.o(.emb_text), (8 bytes).
    Removing stm32f4xx_spi.o(i.I2S_Cmd), (24 bytes).
    Removing stm32f4xx_spi.o(i.I2S_FullDuplexConfig), (80 bytes).
    Removing stm32f4xx_spi.o(i.I2S_Init), (360 bytes).
    Removing stm32f4xx_spi.o(i.I2S_StructInit), (20 bytes).
    Removing stm32f4xx_spi.o(i.SPI_BiDirectionalLineConfig), (28 bytes).
    Removing stm32f4xx_spi.o(i.SPI_CalculateCRC), (24 bytes).
    Removing stm32f4xx_spi.o(i.SPI_Cmd), (24 bytes).
    Removing stm32f4xx_spi.o(i.SPI_DataSizeConfig), (18 bytes).
    Removing stm32f4xx_spi.o(i.SPI_GetCRC), (16 bytes).
    Removing stm32f4xx_spi.o(i.SPI_GetCRCPolynomial), (6 bytes).
    Removing stm32f4xx_spi.o(i.SPI_I2S_ClearFlag), (6 bytes).
    Removing stm32f4xx_spi.o(i.SPI_I2S_ClearITPendingBit), (20 bytes).
    Removing stm32f4xx_spi.o(i.SPI_I2S_DMACmd), (18 bytes).
    Removing stm32f4xx_spi.o(i.SPI_I2S_DeInit), (88 bytes).
    Removing stm32f4xx_spi.o(i.SPI_I2S_GetFlagStatus), (18 bytes).
    Removing stm32f4xx_spi.o(i.SPI_I2S_GetITStatus), (52 bytes).
    Removing stm32f4xx_spi.o(i.SPI_I2S_ITConfig), (32 bytes).
    Removing stm32f4xx_spi.o(i.SPI_I2S_ReceiveData), (6 bytes).
    Removing stm32f4xx_spi.o(i.SPI_I2S_SendData), (4 bytes).
    Removing stm32f4xx_spi.o(i.SPI_Init), (60 bytes).
    Removing stm32f4xx_spi.o(i.SPI_NSSInternalSoftwareConfig), (30 bytes).
    Removing stm32f4xx_spi.o(i.SPI_SSOutputCmd), (24 bytes).
    Removing stm32f4xx_spi.o(i.SPI_StructInit), (24 bytes).
    Removing stm32f4xx_spi.o(i.SPI_TIModeCmd), (24 bytes).
    Removing stm32f4xx_spi.o(i.SPI_TransmitCRC), (10 bytes).
    Removing stm32f4xx_tim.o(.emb_text), (8 bytes).
    Removing stm32f4xx_tim.o(i.TI1_Config), (58 bytes).
    Removing stm32f4xx_tim.o(i.TI2_Config), (80 bytes).
    Removing stm32f4xx_tim.o(i.TI3_Config), (72 bytes).
    Removing stm32f4xx_tim.o(i.TI4_Config), (80 bytes).
    Removing stm32f4xx_tim.o(i.TIM_BDTRConfig), (32 bytes).
    Removing stm32f4xx_tim.o(i.TIM_BDTRStructInit), (18 bytes).
    Removing stm32f4xx_tim.o(i.TIM_CCPreloadControl), (24 bytes).
    Removing stm32f4xx_tim.o(i.TIM_CCxCmd), (30 bytes).
    Removing stm32f4xx_tim.o(i.TIM_CCxNCmd), (30 bytes).
    Removing stm32f4xx_tim.o(i.TIM_ClearOC1Ref), (18 bytes).
    Removing stm32f4xx_tim.o(i.TIM_ClearOC2Ref), (24 bytes).
    Removing stm32f4xx_tim.o(i.TIM_ClearOC3Ref), (18 bytes).
    Removing stm32f4xx_tim.o(i.TIM_ClearOC4Ref), (24 bytes).
    Removing stm32f4xx_tim.o(i.TIM_CounterModeConfig), (18 bytes).
    Removing stm32f4xx_tim.o(i.TIM_DMACmd), (18 bytes).
    Removing stm32f4xx_tim.o(i.TIM_DMAConfig), (10 bytes).
    Removing stm32f4xx_tim.o(i.TIM_DeInit), (400 bytes).
    Removing stm32f4xx_tim.o(i.TIM_ETRClockMode1Config), (54 bytes).
    Removing stm32f4xx_tim.o(i.TIM_ETRClockMode2Config), (32 bytes).
    Removing stm32f4xx_tim.o(i.TIM_ETRConfig), (28 bytes).
    Removing stm32f4xx_tim.o(i.TIM_EncoderInterfaceConfig), (66 bytes).
    Removing stm32f4xx_tim.o(i.TIM_ForcedOC1Config), (18 bytes).
    Removing stm32f4xx_tim.o(i.TIM_ForcedOC2Config), (26 bytes).
    Removing stm32f4xx_tim.o(i.TIM_ForcedOC3Config), (18 bytes).
    Removing stm32f4xx_tim.o(i.TIM_ForcedOC4Config), (26 bytes).
    Removing stm32f4xx_tim.o(i.TIM_GenerateEvent), (4 bytes).
    Removing stm32f4xx_tim.o(i.TIM_GetCapture1), (6 bytes).
    Removing stm32f4xx_tim.o(i.TIM_GetCapture2), (6 bytes).
    Removing stm32f4xx_tim.o(i.TIM_GetCapture3), (6 bytes).
    Removing stm32f4xx_tim.o(i.TIM_GetCapture4), (6 bytes).
    Removing stm32f4xx_tim.o(i.TIM_GetPrescaler), (6 bytes).
    Removing stm32f4xx_tim.o(i.TIM_ICInit), (110 bytes).
    Removing stm32f4xx_tim.o(i.TIM_ICStructInit), (18 bytes).
    Removing stm32f4xx_tim.o(i.TIM_ITRxExternalClockConfig), (24 bytes).
    Removing stm32f4xx_tim.o(i.TIM_InternalClockConfig), (12 bytes).
    Removing stm32f4xx_tim.o(i.TIM_OC1FastConfig), (18 bytes).
    Removing stm32f4xx_tim.o(i.TIM_OC1NPolarityConfig), (18 bytes).
    Removing stm32f4xx_tim.o(i.TIM_OC1PolarityConfig), (18 bytes).
    Removing stm32f4xx_tim.o(i.TIM_OC1PreloadConfig), (18 bytes).
    Removing stm32f4xx_tim.o(i.TIM_OC2FastConfig), (26 bytes).
    Removing stm32f4xx_tim.o(i.TIM_OC2NPolarityConfig), (26 bytes).
    Removing stm32f4xx_tim.o(i.TIM_OC2PolarityConfig), (26 bytes).
    Removing stm32f4xx_tim.o(i.TIM_OC2PreloadConfig), (26 bytes).
    Removing stm32f4xx_tim.o(i.TIM_OC3FastConfig), (18 bytes).
    Removing stm32f4xx_tim.o(i.TIM_OC3NPolarityConfig), (26 bytes).
    Removing stm32f4xx_tim.o(i.TIM_OC3PolarityConfig), (26 bytes).
    Removing stm32f4xx_tim.o(i.TIM_OC4FastConfig), (26 bytes).
    Removing stm32f4xx_tim.o(i.TIM_OC4PolarityConfig), (26 bytes).
    Removing stm32f4xx_tim.o(i.TIM_PWMIConfig), (124 bytes).
    Removing stm32f4xx_tim.o(i.TIM_PrescalerConfig), (6 bytes).
    Removing stm32f4xx_tim.o(i.TIM_RemapConfig), (6 bytes).
    Removing stm32f4xx_tim.o(i.TIM_SelectCCDMA), (24 bytes).
    Removing stm32f4xx_tim.o(i.TIM_SelectCOM), (24 bytes).
    Removing stm32f4xx_tim.o(i.TIM_SelectHallSensor), (24 bytes).
    Removing stm32f4xx_tim.o(i.TIM_SelectInputTrigger), (18 bytes).
    Removing stm32f4xx_tim.o(i.TIM_SelectMasterSlaveMode), (18 bytes).
    Removing stm32f4xx_tim.o(i.TIM_SelectOCxM), (86 bytes).
    Removing stm32f4xx_tim.o(i.TIM_SelectOnePulseMode), (18 bytes).
    Removing stm32f4xx_tim.o(i.TIM_SelectOutputTrigger), (18 bytes).
    Removing stm32f4xx_tim.o(i.TIM_SelectSlaveMode), (18 bytes).
    Removing stm32f4xx_tim.o(i.TIM_SetClockDivision), (18 bytes).
    Removing stm32f4xx_tim.o(i.TIM_SetCompare1), (4 bytes).
    Removing stm32f4xx_tim.o(i.TIM_SetCompare2), (4 bytes).
    Removing stm32f4xx_tim.o(i.TIM_SetCompare3), (4 bytes).
    Removing stm32f4xx_tim.o(i.TIM_SetCompare4), (4 bytes).
    Removing stm32f4xx_tim.o(i.TIM_SetIC1Prescaler), (18 bytes).
    Removing stm32f4xx_tim.o(i.TIM_SetIC2Prescaler), (26 bytes).
    Removing stm32f4xx_tim.o(i.TIM_SetIC3Prescaler), (18 bytes).
    Removing stm32f4xx_tim.o(i.TIM_SetIC4Prescaler), (26 bytes).
    Removing stm32f4xx_tim.o(i.TIM_TIxExternalClockConfig), (62 bytes).
    Removing stm32f4xx_tim.o(i.TIM_UpdateDisableConfig), (24 bytes).
    Removing stm32f4xx_tim.o(i.TIM_UpdateRequestConfig), (24 bytes).
    Removing stm32f4xx_dma.o(.emb_text), (8 bytes).
    Removing stm32f4xx_dma.o(i.DMA_ClearFlag), (52 bytes).
    Removing stm32f4xx_dma.o(i.DMA_ClearITPendingBit), (52 bytes).
    Removing stm32f4xx_dma.o(i.DMA_DoubleBufferModeCmd), (22 bytes).
    Removing stm32f4xx_dma.o(i.DMA_DoubleBufferModeConfig), (24 bytes).
    Removing stm32f4xx_dma.o(i.DMA_FlowControllerConfig), (22 bytes).
    Removing stm32f4xx_dma.o(i.DMA_GetCurrDataCounter), (8 bytes).
    Removing stm32f4xx_dma.o(i.DMA_GetCurrentMemoryTarget), (20 bytes).
    Removing stm32f4xx_dma.o(i.DMA_GetFIFOStatus), (12 bytes).
    Removing stm32f4xx_dma.o(i.DMA_GetFlagStatus), (68 bytes).
    Removing stm32f4xx_dma.o(i.DMA_GetITStatus), (100 bytes).
    Removing stm32f4xx_dma.o(i.DMA_ITConfig), (58 bytes).
    Removing stm32f4xx_dma.o(i.DMA_MemoryTargetConfig), (10 bytes).
    Removing stm32f4xx_dma.o(i.DMA_PeriphIncOffsetSizeConfig), (22 bytes).
    Removing stm32f4xx_dma.o(i.DMA_SetCurrDataCounter), (4 bytes).
    Removing stm32f4xx_dma.o(i.DMA_StructInit), (34 bytes).
    Removing stm32f4xx_dcmi.o(.emb_text), (8 bytes).
    Removing stm32f4xx_dcmi.o(i.DCMI_ClearFlag), (12 bytes).
    Removing stm32f4xx_dcmi.o(i.DCMI_ClearITPendingBit), (12 bytes).
    Removing stm32f4xx_dcmi.o(i.DCMI_DeInit), (28 bytes).
    Removing stm32f4xx_dcmi.o(i.DCMI_GetFlagStatus), (52 bytes).
    Removing stm32f4xx_dcmi.o(i.DCMI_GetITStatus), (28 bytes).
    Removing stm32f4xx_dcmi.o(i.DCMI_ITConfig), (36 bytes).
    Removing stm32f4xx_dcmi.o(i.DCMI_JPEGCmd), (36 bytes).
    Removing stm32f4xx_dcmi.o(i.DCMI_ReadData), (12 bytes).
    Removing stm32f4xx_dcmi.o(i.DCMI_SetEmbeddedSynchroCodes), (32 bytes).
    Removing stm32f4xx_dcmi.o(i.DCMI_StructInit), (18 bytes).
    Removing stm32f4xx_syscfg.o(.emb_text), (8 bytes).
    Removing stm32f4xx_syscfg.o(i.SYSCFG_CompensationCellCmd), (12 bytes).
    Removing stm32f4xx_syscfg.o(i.SYSCFG_DeInit), (22 bytes).
    Removing stm32f4xx_syscfg.o(i.SYSCFG_ETH_MediaInterfaceConfig), (12 bytes).
    Removing stm32f4xx_syscfg.o(i.SYSCFG_EXTILineConfig), (64 bytes).
    Removing stm32f4xx_syscfg.o(i.SYSCFG_GetCompensationCellStatus), (24 bytes).
    Removing stm32f4xx_syscfg.o(i.SYSCFG_MemoryRemapConfig), (12 bytes).
    Removing system_stm32f4xx.o(.emb_text), (8 bytes).
    Removing system_stm32f4xx.o(i.SystemCoreClockUpdate), (192 bytes).
    Removing startup_stm32f4xx.o(HEAP), (512 bytes).
    Removing sys.o(.emb_text), (24 bytes).
    Removing usmart.o(.emb_text), (8 bytes).
    Removing usmart_config.o(.emb_text), (8 bytes).
    Removing usmart_str.o(.emb_text), (8 bytes).
    Removing dadd.o(.text), (334 bytes).
    Removing dmul.o(.text), (228 bytes).
    Removing dflti.o(.text), (34 bytes).
    Removing cdcmple.o(.text), (48 bytes).
    Removing cdrcmple.o(.text), (48 bytes).
    Removing d2f.o(.text), (56 bytes).
    Removing fepilogue.o(.text), (110 bytes).
    Removing depilogue.o(.text), (186 bytes).
    Removing ddiv.o(.text), (222 bytes).
    Removing dfixul.o(.text), (48 bytes).

288 unused section(s) (total 14514 bytes) removed from the image.

==============================================================================

Image Symbol Table

    Local Symbols

    Symbol Name                              Value     Ov Type        Size  Object(Section)

    ../clib/../cmprslib/zerorunl2.c          0x00000000   Number         0  __dczerorl2.o ABSOLUTE
    ../clib/microlib/division.c              0x00000000   Number         0  uidiv.o ABSOLUTE
    ../clib/microlib/division.c              0x00000000   Number         0  uldiv.o ABSOLUTE
    ../clib/microlib/init/entry.s            0x00000000   Number         0  entry9a.o ABSOLUTE
    ../clib/microlib/init/entry.s            0x00000000   Number         0  entry9b.o ABSOLUTE
    ../clib/microlib/init/entry.s            0x00000000   Number         0  entry7a.o ABSOLUTE
    ../clib/microlib/init/entry.s            0x00000000   Number         0  entry7b.o ABSOLUTE
    ../clib/microlib/init/entry.s            0x00000000   Number         0  entry10a.o ABSOLUTE
    ../clib/microlib/init/entry.s            0x00000000   Number         0  entry8a.o ABSOLUTE
    ../clib/microlib/init/entry.s            0x00000000   Number         0  entry10b.o ABSOLUTE
    ../clib/microlib/init/entry.s            0x00000000   Number         0  entry11a.o ABSOLUTE
    ../clib/microlib/init/entry.s            0x00000000   Number         0  entry11b.o ABSOLUTE
    ../clib/microlib/init/entry.s            0x00000000   Number         0  entry8b.o ABSOLUTE
    ../clib/microlib/init/entry.s            0x00000000   Number         0  entry.o ABSOLUTE
    ../clib/microlib/init/entry.s            0x00000000   Number         0  entry2.o ABSOLUTE
    ../clib/microlib/init/entry.s            0x00000000   Number         0  entry5.o ABSOLUTE
    ../clib/microlib/longlong.c              0x00000000   Number         0  llushr.o ABSOLUTE
    ../clib/microlib/longlong.c              0x00000000   Number         0  llshl.o ABSOLUTE
    ../clib/microlib/longlong.c              0x00000000   Number         0  llsshr.o ABSOLUTE
    ../clib/microlib/printf/printf.c         0x00000000   Number         0  printf0.o ABSOLUTE
    ../clib/microlib/printf/printf.c         0x00000000   Number         0  printfb.o ABSOLUTE
    ../clib/microlib/printf/printf.c         0x00000000   Number         0  printf5.o ABSOLUTE
    ../clib/microlib/printf/printf.c         0x00000000   Number         0  printf6.o ABSOLUTE
    ../clib/microlib/printf/printf.c         0x00000000   Number         0  printf7.o ABSOLUTE
    ../clib/microlib/printf/printf.c         0x00000000   Number         0  printf8.o ABSOLUTE
    ../clib/microlib/printf/printf.c         0x00000000   Number         0  printfa.o ABSOLUTE
    ../clib/microlib/printf/printf.c         0x00000000   Number         0  printf1.o ABSOLUTE
    ../clib/microlib/printf/printf.c         0x00000000   Number         0  printf2.o ABSOLUTE
    ../clib/microlib/printf/printf.c         0x00000000   Number         0  printf3.o ABSOLUTE
    ../clib/microlib/printf/printf.c         0x00000000   Number         0  printf4.o ABSOLUTE
    ../clib/microlib/printf/stubs.s          0x00000000   Number         0  stubs.o ABSOLUTE
    ../clib/microlib/stubs.s                 0x00000000   Number         0  iusefp.o ABSOLUTE
    ../clib/microlib/stubs.s                 0x00000000   Number         0  useno.o ABSOLUTE
    ../fplib/microlib/d2f.c                  0x00000000   Number         0  d2f.o ABSOLUTE
    ../fplib/microlib/fpadd.c                0x00000000   Number         0  dadd.o ABSOLUTE
    ../fplib/microlib/fpdiv.c                0x00000000   Number         0  ddiv.o ABSOLUTE
    ../fplib/microlib/fpepilogue.c           0x00000000   Number         0  fepilogue.o ABSOLUTE
    ../fplib/microlib/fpepilogue.c           0x00000000   Number         0  depilogue.o ABSOLUTE
    ../fplib/microlib/fpfix.c                0x00000000   Number         0  dfixul.o ABSOLUTE
    ../fplib/microlib/fpflt.c                0x00000000   Number         0  dflti.o ABSOLUTE
    ../fplib/microlib/fpmul.c                0x00000000   Number         0  dmul.o ABSOLUTE
    ..\Hardware\delay\delay.c                0x00000000   Number         0  delay.o ABSOLUTE
    ..\Hardware\led\led.c                    0x00000000   Number         0  led.o ABSOLUTE
    ..\Hardware\mymath.c                     0x00000000   Number         0  mymath.o ABSOLUTE
    ..\Hardware\ov7670\ov7670.c              0x00000000   Number         0  ov7670.o ABSOLUTE
    ..\Hardware\pwm_out.c                    0x00000000   Number         0  pwm_out.o ABSOLUTE
    ..\Hardware\usart\usart.c                0x00000000   Number         0  usart.o ABSOLUTE
    ..\Libraries\CMSIS\src\system_stm32f4xx.c 0x00000000   Number         0  system_stm32f4xx.o ABSOLUTE
    ..\Libraries\FWlib\src\misc.c            0x00000000   Number         0  misc.o ABSOLUTE
    ..\Libraries\FWlib\src\stm32f4xx_dcmi.c  0x00000000   Number         0  stm32f4xx_dcmi.o ABSOLUTE
    ..\Libraries\FWlib\src\stm32f4xx_dma.c   0x00000000   Number         0  stm32f4xx_dma.o ABSOLUTE
    ..\Libraries\FWlib\src\stm32f4xx_exti.c  0x00000000   Number         0  stm32f4xx_exti.o ABSOLUTE
    ..\Libraries\FWlib\src\stm32f4xx_fsmc.c  0x00000000   Number         0  stm32f4xx_fsmc.o ABSOLUTE
    ..\Libraries\FWlib\src\stm32f4xx_gpio.c  0x00000000   Number         0  stm32f4xx_gpio.o ABSOLUTE
    ..\Libraries\FWlib\src\stm32f4xx_rcc.c   0x00000000   Number         0  stm32f4xx_rcc.o ABSOLUTE
    ..\Libraries\FWlib\src\stm32f4xx_spi.c   0x00000000   Number         0  stm32f4xx_spi.o ABSOLUTE
    ..\Libraries\FWlib\src\stm32f4xx_syscfg.c 0x00000000   Number         0  stm32f4xx_syscfg.o ABSOLUTE
    ..\Libraries\FWlib\src\stm32f4xx_tim.c   0x00000000   Number         0  stm32f4xx_tim.o ABSOLUTE
    ..\Libraries\FWlib\src\stm32f4xx_usart.c 0x00000000   Number         0  stm32f4xx_usart.o ABSOLUTE
    ..\Startup\startup_stm32f4xx.s           0x00000000   Number         0  startup_stm32f4xx.o ABSOLUTE
    ..\Startup\sys.c                         0x00000000   Number         0  sys.o ABSOLUTE
    ..\User\ctrl.c                           0x00000000   Number         0  ctrl.o ABSOLUTE
    ..\User\data_transfer.c                  0x00000000   Number         0  data_transfer.o ABSOLUTE
    ..\User\init.c                           0x00000000   Number         0  init.o ABSOLUTE
    ..\User\main.c                           0x00000000   Number         0  main.o ABSOLUTE
    ..\User\stm32f4xx_it.c                   0x00000000   Number         0  stm32f4xx_it.o ABSOLUTE
    ..\\Hardware\\delay\\delay.c             0x00000000   Number         0  delay.o ABSOLUTE
    ..\\Hardware\\led\\led.c                 0x00000000   Number         0  led.o ABSOLUTE
    ..\\Hardware\\mymath.c                   0x00000000   Number         0  mymath.o ABSOLUTE
    ..\\Hardware\\ov7670\\ov7670.c           0x00000000   Number         0  ov7670.o ABSOLUTE
    ..\\Hardware\\pwm_out.c                  0x00000000   Number         0  pwm_out.o ABSOLUTE
    ..\\Hardware\\usart\\usart.c             0x00000000   Number         0  usart.o ABSOLUTE
    ..\\Libraries\\CMSIS\\src\\system_stm32f4xx.c 0x00000000   Number         0  system_stm32f4xx.o ABSOLUTE
    ..\\Libraries\\FWlib\\src\\misc.c        0x00000000   Number         0  misc.o ABSOLUTE
    ..\\Libraries\\FWlib\\src\\stm32f4xx_dcmi.c 0x00000000   Number         0  stm32f4xx_dcmi.o ABSOLUTE
    ..\\Libraries\\FWlib\\src\\stm32f4xx_dma.c 0x00000000   Number         0  stm32f4xx_dma.o ABSOLUTE
    ..\\Libraries\\FWlib\\src\\stm32f4xx_exti.c 0x00000000   Number         0  stm32f4xx_exti.o ABSOLUTE
    ..\\Libraries\\FWlib\\src\\stm32f4xx_fsmc.c 0x00000000   Number         0  stm32f4xx_fsmc.o ABSOLUTE
    ..\\Libraries\\FWlib\\src\\stm32f4xx_gpio.c 0x00000000   Number         0  stm32f4xx_gpio.o ABSOLUTE
    ..\\Libraries\\FWlib\\src\\stm32f4xx_rcc.c 0x00000000   Number         0  stm32f4xx_rcc.o ABSOLUTE
    ..\\Libraries\\FWlib\\src\\stm32f4xx_spi.c 0x00000000   Number         0  stm32f4xx_spi.o ABSOLUTE
    ..\\Libraries\\FWlib\\src\\stm32f4xx_syscfg.c 0x00000000   Number         0  stm32f4xx_syscfg.o ABSOLUTE
    ..\\Libraries\\FWlib\\src\\stm32f4xx_tim.c 0x00000000   Number         0  stm32f4xx_tim.o ABSOLUTE
    ..\\Libraries\\FWlib\\src\\stm32f4xx_usart.c 0x00000000   Number         0  stm32f4xx_usart.o ABSOLUTE
    ..\\Startup\\sys.c                       0x00000000   Number         0  sys.o ABSOLUTE
    ..\\User\\ctrl.c                         0x00000000   Number         0  ctrl.o ABSOLUTE
    ..\\User\\data_transfer.c                0x00000000   Number         0  data_transfer.o ABSOLUTE
    ..\\User\\init.c                         0x00000000   Number         0  init.o ABSOLUTE
    ..\\User\\main.c                         0x00000000   Number         0  main.o ABSOLUTE
    ..\\User\\stm32f4xx_it.c                 0x00000000   Number         0  stm32f4xx_it.o ABSOLUTE
    ..\\usmart\\usmart.c                     0x00000000   Number         0  usmart.o ABSOLUTE
    ..\\usmart\\usmart_config.c              0x00000000   Number         0  usmart_config.o ABSOLUTE
    ..\\usmart\\usmart_str.c                 0x00000000   Number         0  usmart_str.o ABSOLUTE
    ..\usmart\usmart.c                       0x00000000   Number         0  usmart.o ABSOLUTE
    ..\usmart\usmart_config.c                0x00000000   Number         0  usmart_config.o ABSOLUTE
    ..\usmart\usmart_str.c                   0x00000000   Number         0  usmart_str.o ABSOLUTE
    cdcmple.s                                0x00000000   Number         0  cdcmple.o ABSOLUTE
    cdrcmple.s                               0x00000000   Number         0  cdrcmple.o ABSOLUTE
    dc.s                                     0x00000000   Number         0  dc.o ABSOLUTE
    handlers.s                               0x00000000   Number         0  handlers.o ABSOLUTE
    init.s                                   0x00000000   Number         0  init.o ABSOLUTE
    RESET                                    0x08000000   Section      392  startup_stm32f4xx.o(RESET)
    .ARM.Collect$$$$00000000                 0x08000188   Section        0  entry.o(.ARM.Collect$$$$00000000)
    .ARM.Collect$$$$00000001                 0x08000188   Section        4  entry2.o(.ARM.Collect$$$$00000001)
    .ARM.Collect$$$$00000004                 0x0800018c   Section        4  entry5.o(.ARM.Collect$$$$00000004)
    .ARM.Collect$$$$00000008                 0x08000190   Section        0  entry7b.o(.ARM.Collect$$$$00000008)
    .ARM.Collect$$$$0000000A                 0x08000190   Section        0  entry8b.o(.ARM.Collect$$$$0000000A)
    .ARM.Collect$$$$0000000B                 0x08000190   Section        8  entry9a.o(.ARM.Collect$$$$0000000B)
    .ARM.Collect$$$$0000000D                 0x08000198   Section        0  entry10a.o(.ARM.Collect$$$$0000000D)
    .ARM.Collect$$$$0000000F                 0x08000198   Section        0  entry11a.o(.ARM.Collect$$$$0000000F)
    .ARM.Collect$$$$00002712                 0x08000198   Section        4  entry2.o(.ARM.Collect$$$$00002712)
    __lit__00000000                          0x08000198   Data           4  entry2.o(.ARM.Collect$$$$00002712)
    .text                                    0x0800019c   Section       36  startup_stm32f4xx.o(.text)
    $v0                                      0x0800019c   Number         0  startup_stm32f4xx.o(.text)
    .text                                    0x080001c0   Section        0  uldiv.o(.text)
    .text                                    0x08000222   Section        0  llshl.o(.text)
    .text                                    0x08000240   Section       36  init.o(.text)
    .text                                    0x08000264   Section        0  llushr.o(.text)
    .text                                    0x08000284   Section        0  __dczerorl2.o(.text)
    i.All_Init                               0x080002dc   Section        0  init.o(i.All_Init)
    i.BusFault_Handler                       0x08000318   Section        0  stm32f4xx_it.o(i.BusFault_Handler)
    i.Cam_Init                               0x0800031c   Section        0  ov7670.o(i.Cam_Init)
    i.Cam_Start                              0x08000574   Section        0  ov7670.o(i.Cam_Start)
    i.DCMI_CROPCmd                           0x08000590   Section        0  stm32f4xx_dcmi.o(i.DCMI_CROPCmd)
    i.DCMI_CROPConfig                        0x080005b4   Section        0  stm32f4xx_dcmi.o(i.DCMI_CROPConfig)
    i.DCMI_CaptureCmd                        0x080005d4   Section        0  stm32f4xx_dcmi.o(i.DCMI_CaptureCmd)
    i.DCMI_Cmd                               0x080005f8   Section        0  stm32f4xx_dcmi.o(i.DCMI_Cmd)
    i.DCMI_Init                              0x0800061c   Section        0  stm32f4xx_dcmi.o(i.DCMI_Init)
    i.DMA_Cmd                                0x0800065c   Section        0  stm32f4xx_dma.o(i.DMA_Cmd)
    i.DMA_DeInit                             0x08000674   Section        0  stm32f4xx_dma.o(i.DMA_DeInit)
    i.DMA_GetCmdStatus                       0x080007cc   Section        0  stm32f4xx_dma.o(i.DMA_GetCmdStatus)
    i.DMA_Init                               0x080007e0   Section        0  stm32f4xx_dma.o(i.DMA_Init)
    i.DebugMon_Handler                       0x08000838   Section        0  stm32f4xx_it.o(i.DebugMon_Handler)
    i.GPIO_Init                              0x0800083a   Section        0  stm32f4xx_gpio.o(i.GPIO_Init)
    i.GPIO_PinAFConfig                       0x080008ca   Section        0  stm32f4xx_gpio.o(i.GPIO_PinAFConfig)
    i.GPIO_ResetBits                         0x08000910   Section        0  stm32f4xx_gpio.o(i.GPIO_ResetBits)
    i.GPIO_SetBits                           0x08000914   Section        0  stm32f4xx_gpio.o(i.GPIO_SetBits)
    i.HardFault_Handler                      0x08000918   Section        0  stm32f4xx_it.o(i.HardFault_Handler)
    i.LED_GPIO_Conf                          0x0800091c   Section        0  led.o(i.LED_GPIO_Conf)
    i.LED_SET                                0x0800095c   Section        0  led.o(i.LED_SET)
    i.MemManage_Handler                      0x08000980   Section        0  stm32f4xx_it.o(i.MemManage_Handler)
    i.NMI_Handler                            0x08000984   Section        0  stm32f4xx_it.o(i.NMI_Handler)
    i.NVIC_Init                              0x08000988   Section        0  misc.o(i.NVIC_Init)
    i.NVIC_PriorityGroupConfig               0x08000a00   Section        0  misc.o(i.NVIC_PriorityGroupConfig)
    i.OV7670_Init                            0x08000a14   Section        0  ov7670.o(i.OV7670_Init)
    i.OV_ReadID                              0x08000a54   Section        0  ov7670.o(i.OV_ReadID)
    i.OV_ReadReg                             0x08000a64   Section        0  ov7670.o(i.OV_ReadReg)
    i.OV_Reset                               0x08000aca   Section        0  ov7670.o(i.OV_Reset)
    i.OV_WriteReg                            0x08000ad6   Section        0  ov7670.o(i.OV_WriteReg)
    i.PWM_Out_Init                           0x08000b24   Section        0  pwm_out.o(i.PWM_Out_Init)
    i.PendSV_Handler                         0x08000d3c   Section        0  stm32f4xx_it.o(i.PendSV_Handler)
    i.RCC_AHB1PeriphClockCmd                 0x08000d40   Section        0  stm32f4xx_rcc.o(i.RCC_AHB1PeriphClockCmd)
    i.RCC_AHB2PeriphClockCmd                 0x08000d60   Section        0  stm32f4xx_rcc.o(i.RCC_AHB2PeriphClockCmd)
    i.RCC_APB1PeriphClockCmd                 0x08000d80   Section        0  stm32f4xx_rcc.o(i.RCC_APB1PeriphClockCmd)
    i.RCC_APB2PeriphClockCmd                 0x08000da0   Section        0  stm32f4xx_rcc.o(i.RCC_APB2PeriphClockCmd)
    i.RCC_GetClocksFreq                      0x08000dc0   Section        0  stm32f4xx_rcc.o(i.RCC_GetClocksFreq)
    i.RCC_MCO1Config                         0x08000e94   Section        0  stm32f4xx_rcc.o(i.RCC_MCO1Config)
    i.SCCB_Init                              0x08000eb0   Section        0  ov7670.o(i.SCCB_Init)
    i.SCCB_Read                              0x08000ee8   Section        0  ov7670.o(i.SCCB_Read)
    i.SCCB_SID_IN                            0x08000f40   Section        0  ov7670.o(i.SCCB_SID_IN)
    i.SCCB_SID_OUT                           0x08000f68   Section        0  ov7670.o(i.SCCB_SID_OUT)
    i.SCCB_Start                             0x08000f98   Section        0  ov7670.o(i.SCCB_Start)
    i.SCCB_Stop                              0x08000fdc   Section        0  ov7670.o(i.SCCB_Stop)
    i.SCCB_Write                             0x08001014   Section        0  ov7670.o(i.SCCB_Write)
    i.SVC_Handler                            0x080010b4   Section        0  stm32f4xx_it.o(i.SVC_Handler)
    i.SetPwm_1                               0x080010b8   Section        0  pwm_out.o(i.SetPwm_1)
    i.SetSysClock                            0x08001120   Section        0  system_stm32f4xx.o(i.SetSysClock)
    SetSysClock                              0x08001121   Thumb Code   220  system_stm32f4xx.o(i.SetSysClock)
    i.SysTick_Handler                        0x0800120c   Section        0  stm32f4xx_it.o(i.SysTick_Handler)
    i.SysTick_Init                           0x08001214   Section        0  delay.o(i.SysTick_Init)
    i.SystemInit                             0x08001280   Section        0  system_stm32f4xx.o(i.SystemInit)
    i.TIM4_IRQHandler                        0x080012e8   Section        0  usmart.o(i.TIM4_IRQHandler)
    i.TIM_ARRPreloadConfig                   0x08001320   Section        0  stm32f4xx_tim.o(i.TIM_ARRPreloadConfig)
    i.TIM_ClearFlag                          0x08001338   Section        0  stm32f4xx_tim.o(i.TIM_ClearFlag)
    i.TIM_ClearITPendingBit                  0x0800133e   Section        0  stm32f4xx_tim.o(i.TIM_ClearITPendingBit)
    i.TIM_Cmd                                0x08001344   Section        0  stm32f4xx_tim.o(i.TIM_Cmd)
    i.TIM_CtrlPWMOutputs                     0x0800135c   Section        0  stm32f4xx_tim.o(i.TIM_CtrlPWMOutputs)
    i.TIM_GetCounter                         0x0800137a   Section        0  stm32f4xx_tim.o(i.TIM_GetCounter)
    i.TIM_GetFlagStatus                      0x08001380   Section        0  stm32f4xx_tim.o(i.TIM_GetFlagStatus)
    i.TIM_GetITStatus                        0x08001392   Section        0  stm32f4xx_tim.o(i.TIM_GetITStatus)
    i.TIM_ITConfig                           0x080013b4   Section        0  stm32f4xx_tim.o(i.TIM_ITConfig)
    i.TIM_OC1Init                            0x080013c8   Section        0  stm32f4xx_tim.o(i.TIM_OC1Init)
    i.TIM_OC2Init                            0x08001444   Section        0  stm32f4xx_tim.o(i.TIM_OC2Init)
    i.TIM_OC3Init                            0x080014e8   Section        0  stm32f4xx_tim.o(i.TIM_OC3Init)
    i.TIM_OC3PreloadConfig                   0x08001588   Section        0  stm32f4xx_tim.o(i.TIM_OC3PreloadConfig)
    i.TIM_OC4Init                            0x0800159c   Section        0  stm32f4xx_tim.o(i.TIM_OC4Init)
    i.TIM_OC4PreloadConfig                   0x08001614   Section        0  stm32f4xx_tim.o(i.TIM_OC4PreloadConfig)
    i.TIM_OCStructInit                       0x0800162e   Section        0  stm32f4xx_tim.o(i.TIM_OCStructInit)
    i.TIM_SetAutoreload                      0x08001642   Section        0  stm32f4xx_tim.o(i.TIM_SetAutoreload)
    i.TIM_SetCounter                         0x08001646   Section        0  stm32f4xx_tim.o(i.TIM_SetCounter)
    i.TIM_TimeBaseInit                       0x0800164c   Section        0  stm32f4xx_tim.o(i.TIM_TimeBaseInit)
    i.TIM_TimeBaseStructInit                 0x080016d0   Section        0  stm32f4xx_tim.o(i.TIM_TimeBaseStructInit)
    i.TimeTick_Decrement                     0x080016e4   Section        0  delay.o(i.TimeTick_Decrement)
    i.Timer4_Init                            0x080016fc   Section        0  usmart.o(i.Timer4_Init)
    i.USART1_IRQHandler                      0x08001758   Section        0  usart.o(i.USART1_IRQHandler)
    i.USART_ClockInit                        0x080017e0   Section        0  stm32f4xx_usart.o(i.USART_ClockInit)
    i.USART_Cmd                              0x08001800   Section        0  stm32f4xx_usart.o(i.USART_Cmd)
    i.USART_GetFlagStatus                    0x08001818   Section        0  stm32f4xx_usart.o(i.USART_GetFlagStatus)
    i.USART_GetITStatus                      0x08001832   Section        0  stm32f4xx_usart.o(i.USART_GetITStatus)
    i.USART_ITConfig                         0x08001886   Section        0  stm32f4xx_usart.o(i.USART_ITConfig)
    i.USART_Init                             0x080018d0   Section        0  stm32f4xx_usart.o(i.USART_Init)
    i.USART_ReceiveData                      0x080019a4   Section        0  stm32f4xx_usart.o(i.USART_ReceiveData)
    i.USART_SendData                         0x080019ae   Section        0  stm32f4xx_usart.o(i.USART_SendData)
    i.USART_SendString                       0x080019b6   Section        0  usart.o(i.USART_SendString)
    i.UsageFault_Handler                     0x080019de   Section        0  stm32f4xx_it.o(i.UsageFault_Handler)
    i.Usart2_Init                            0x080019e4   Section        0  usart.o(i.Usart2_Init)
    i.__0printf$8                            0x08001ad4   Section        0  printf8.o(i.__0printf$8)
    i.__scatterload_copy                     0x08001af4   Section       14  handlers.o(i.__scatterload_copy)
    i.__scatterload_null                     0x08001b02   Section        2  handlers.o(i.__scatterload_null)
    i.__scatterload_zeroinit                 0x08001b04   Section       14  handlers.o(i.__scatterload_zeroinit)
    i._printf_core                           0x08001b14   Section        0  printf8.o(i._printf_core)
    _printf_core                             0x08001b15   Thumb Code   996  printf8.o(i._printf_core)
    i._printf_post_padding                   0x08001f24   Section        0  printf8.o(i._printf_post_padding)
    _printf_post_padding                     0x08001f25   Thumb Code    36  printf8.o(i._printf_post_padding)
    i._printf_pre_padding                    0x08001f48   Section        0  printf8.o(i._printf_pre_padding)
    _printf_pre_padding                      0x08001f49   Thumb Code    46  printf8.o(i._printf_pre_padding)
    i.ctrl_pwm                               0x08001f78   Section        0  ctrl.o(i.ctrl_pwm)
    i.delay_1ms                              0x08001fd8   Section        0  delay.o(i.delay_1ms)
    i.delay_ms                               0x08001ff0   Section        0  delay.o(i.delay_ms)
    i.delay_us                               0x08002004   Section        0  delay.o(i.delay_us)
    i.fputc                                  0x08002018   Section        0  usart.o(i.fputc)
    i.main                                   0x08002034   Section        0  main.o(i.main)
    i.noAck                                  0x080020c8   Section        0  ov7670.o(i.noAck)
    i.read_addr                              0x0800210c   Section        0  usmart.o(i.read_addr)
    i.uart_init                              0x08002114   Section        0  usart.o(i.uart_init)
    i.usmart_cmd_rec                         0x080021c0   Section        0  usmart.o(i.usmart_cmd_rec)
    i.usmart_exe                             0x08002270   Section        0  usmart.o(i.usmart_exe)
    i.usmart_get_aparm                       0x08002544   Section        0  usmart_str.o(i.usmart_get_aparm)
    i.usmart_get_cmdname                     0x0800260c   Section        0  usmart_str.o(i.usmart_get_cmdname)
    i.usmart_get_fname                       0x08002644   Section        0  usmart_str.o(i.usmart_get_fname)
    i.usmart_get_fparam                      0x08002804   Section        0  usmart_str.o(i.usmart_get_fparam)
    i.usmart_get_parmpos                     0x08002910   Section        0  usmart_str.o(i.usmart_get_parmpos)
    i.usmart_get_runtime                     0x08002930   Section        0  usmart.o(i.usmart_get_runtime)
    i.usmart_init                            0x08002974   Section        0  usmart.o(i.usmart_init)
    i.usmart_pow                             0x0800299c   Section        0  usmart_str.o(i.usmart_pow)
    i.usmart_reset_runtime                   0x080029b4   Section        0  usmart.o(i.usmart_reset_runtime)
    i.usmart_scan                            0x080029e4   Section        0  usmart.o(i.usmart_scan)
    i.usmart_search_nextc                    0x08002aa0   Section        0  usmart_str.o(i.usmart_search_nextc)
    i.usmart_str2num                         0x08002ab6   Section        0  usmart_str.o(i.usmart_str2num)
    i.usmart_strcmp                          0x08002b80   Section        0  usmart_str.o(i.usmart_strcmp)
    i.usmart_strcopy                         0x08002ba2   Section        0  usmart_str.o(i.usmart_strcopy)
    i.usmart_strlen                          0x08002bb8   Section        0  usmart_str.o(i.usmart_strlen)
    i.usmart_sys_cmd_exe                     0x08002bd0   Section        0  usmart.o(i.usmart_sys_cmd_exe)
    i.write_addr                             0x080032b4   Section        0  usmart.o(i.write_addr)
    .constdata                               0x080032b8   Section      998  ov7670.o(.constdata)
    OV7670_reg                               0x080032b8   Data         280  ov7670.o(.constdata)
    OV7670_Reg_new                           0x080033d0   Data          48  ov7670.o(.constdata)
    ov7670_init_reg_tbl                      0x08003400   Data         336  ov7670.o(.constdata)
    OV7670_Reg_2                             0x08003550   Data         334  ov7670.o(.constdata)
    .conststring                             0x080036a0   Section       40  usmart.o(.conststring)
    .conststring                             0x080036c8   Section      131  usmart_config.o(.conststring)
    .data                                    0x20000000   Section        5  main.o(.data)
    .data                                    0x20000006   Section       16  ctrl.o(.data)
    .data                                    0x20000018   Section        4  delay.o(.data)
    TimingDelay                              0x20000018   Data           4  delay.o(.data)
    .data                                    0x2000001c   Section        8  usart.o(.data)
    .data                                    0x20000024   Section       16  stm32f4xx_rcc.o(.data)
    APBAHBPrescTable                         0x20000024   Data          16  stm32f4xx_rcc.o(.data)
    .data                                    0x20000034   Section       20  system_stm32f4xx.o(.data)
    .data                                    0x20000048   Section       28  usmart.o(.data)
    .data                                    0x20000064   Section      284  usmart_config.o(.data)
    .bss                                     0x20000180   Section      712  usart.o(.bss)
    .bss                                     0x20000448   Section    76800  ov7670.o(.bss)
    STACK                                    0x20013048   Section     1024  startup_stm32f4xx.o(STACK)

    Global Symbols

    Symbol Name                              Value     Ov Type        Size  Object(Section)

    BuildAttributes$$THM_ISAv4$E$P$D$K$B$S$7EM$VFPi3$EXTD16$VFPS$VFMA$PE$A:L22UL41UL21$X:L11$S22US41US21$IEEE1$IW$USESV6$~STKCKD$USESV7$~SHL$OTIME$ROPI$EBA8$MICROLIB$REQ8$PRES8$EABIv2 0x00000000   Number         0  anon$$obj.o ABSOLUTE
    __ARM_use_no_argv                        0x00000000   Number         0  main.o ABSOLUTE
    __use_no_errno                           0x00000000   Number         0  useno.o ABSOLUTE
    __use_no_exception_handling              0x00000000   Number         0  useno.o ABSOLUTE
    __use_no_fp                              0x00000000   Number         0  useno.o ABSOLUTE
    __use_no_heap                            0x00000000   Number         0  useno.o ABSOLUTE
    __use_no_heap_region                     0x00000000   Number         0  useno.o ABSOLUTE
    __use_no_semihosting                     0x00000000   Number         0  useno.o ABSOLUTE
    __use_no_semihosting_swi                 0x00000000   Number         0  useno.o ABSOLUTE
    __use_no_signal_handling                 0x00000000   Number         0  useno.o ABSOLUTE
    _printf_a                                0x00000000   Number         0  stubs.o ABSOLUTE
    _printf_c                                0x00000000   Number         0  stubs.o ABSOLUTE
    _printf_charcount                        0x00000000   Number         0  stubs.o ABSOLUTE
    _printf_d                                0x00000000   Number         0  stubs.o ABSOLUTE
    _printf_e                                0x00000000   Number         0  stubs.o ABSOLUTE
    _printf_f                                0x00000000   Number         0  stubs.o ABSOLUTE
    _printf_flags                            0x00000000   Number         0  stubs.o ABSOLUTE
    _printf_fp_dec                           0x00000000   Number         0  stubs.o ABSOLUTE
    _printf_fp_hex                           0x00000000   Number         0  stubs.o ABSOLUTE
    _printf_g                                0x00000000   Number         0  stubs.o ABSOLUTE
    _printf_i                                0x00000000   Number         0  stubs.o ABSOLUTE
    _printf_int_dec                          0x00000000   Number         0  stubs.o ABSOLUTE
    _printf_l                                0x00000000   Number         0  stubs.o ABSOLUTE
    _printf_lc                               0x00000000   Number         0  stubs.o ABSOLUTE
    _printf_ll                               0x00000000   Number         0  stubs.o ABSOLUTE
    _printf_lld                              0x00000000   Number         0  stubs.o ABSOLUTE
    _printf_lli                              0x00000000   Number         0  stubs.o ABSOLUTE
    _printf_llo                              0x00000000   Number         0  stubs.o ABSOLUTE
    _printf_llu                              0x00000000   Number         0  stubs.o ABSOLUTE
    _printf_llx                              0x00000000   Number         0  stubs.o ABSOLUTE
    _printf_longlong_dec                     0x00000000   Number         0  stubs.o ABSOLUTE
    _printf_longlong_hex                     0x00000000   Number         0  stubs.o ABSOLUTE
    _printf_longlong_oct                     0x00000000   Number         0  stubs.o ABSOLUTE
    _printf_ls                               0x00000000   Number         0  stubs.o ABSOLUTE
    _printf_mbtowc                           0x00000000   Number         0  stubs.o ABSOLUTE
    _printf_n                                0x00000000   Number         0  stubs.o ABSOLUTE
    _printf_o                                0x00000000   Number         0  stubs.o ABSOLUTE
    _printf_p                                0x00000000   Number         0  stubs.o ABSOLUTE
    _printf_percent                          0x00000000   Number         0  stubs.o ABSOLUTE
    _printf_pre_padding                      0x00000000   Number         0  stubs.o ABSOLUTE
    _printf_return_value                     0x00000000   Number         0  stubs.o ABSOLUTE
    _printf_s                                0x00000000   Number         0  stubs.o ABSOLUTE
    _printf_sizespec                         0x00000000   Number         0  stubs.o ABSOLUTE
    _printf_str                              0x00000000   Number         0  stubs.o ABSOLUTE
    _printf_truncate_signed                  0x00000000   Number         0  stubs.o ABSOLUTE
    _printf_truncate_unsigned                0x00000000   Number         0  stubs.o ABSOLUTE
    _printf_u                                0x00000000   Number         0  stubs.o ABSOLUTE
    _printf_wc                               0x00000000   Number         0  stubs.o ABSOLUTE
    _printf_wctomb                           0x00000000   Number         0  stubs.o ABSOLUTE
    _printf_widthprec                        0x00000000   Number         0  stubs.o ABSOLUTE
    _printf_x                                0x00000000   Number         0  stubs.o ABSOLUTE
    __cpp_initialize__aeabi_                  - Undefined Weak Reference
    __cxa_finalize                            - Undefined Weak Reference
    _clock_init                               - Undefined Weak Reference
    _microlib_exit                            - Undefined Weak Reference
    __Vectors_Size                           0x00000188   Number         0  startup_stm32f4xx.o ABSOLUTE
    __Vectors                                0x08000000   Data           4  startup_stm32f4xx.o(RESET)
    __Vectors_End                            0x08000188   Data           0  startup_stm32f4xx.o(RESET)
    __main                                   0x08000189   Thumb Code     0  entry.o(.ARM.Collect$$$$00000000)
    _main_stk                                0x08000189   Thumb Code     0  entry2.o(.ARM.Collect$$$$00000001)
    _main_scatterload                        0x0800018d   Thumb Code     0  entry5.o(.ARM.Collect$$$$00000004)
    __main_after_scatterload                 0x08000191   Thumb Code     0  entry5.o(.ARM.Collect$$$$00000004)
    _main_clock                              0x08000191   Thumb Code     0  entry7b.o(.ARM.Collect$$$$00000008)
    _main_cpp_init                           0x08000191   Thumb Code     0  entry8b.o(.ARM.Collect$$$$0000000A)
    _main_init                               0x08000191   Thumb Code     0  entry9a.o(.ARM.Collect$$$$0000000B)
    __rt_final_cpp                           0x08000199   Thumb Code     0  entry10a.o(.ARM.Collect$$$$0000000D)
    __rt_final_exit                          0x08000199   Thumb Code     0  entry11a.o(.ARM.Collect$$$$0000000F)
    Reset_Handler                            0x0800019d   Thumb Code     8  startup_stm32f4xx.o(.text)
    ADC_IRQHandler                           0x080001b7   Thumb Code     0  startup_stm32f4xx.o(.text)
    CAN1_RX0_IRQHandler                      0x080001b7   Thumb Code     0  startup_stm32f4xx.o(.text)
    CAN1_RX1_IRQHandler                      0x080001b7   Thumb Code     0  startup_stm32f4xx.o(.text)
    CAN1_SCE_IRQHandler                      0x080001b7   Thumb Code     0  startup_stm32f4xx.o(.text)
    CAN1_TX_IRQHandler                       0x080001b7   Thumb Code     0  startup_stm32f4xx.o(.text)
    CAN2_RX0_IRQHandler                      0x080001b7   Thumb Code     0  startup_stm32f4xx.o(.text)
    CAN2_RX1_IRQHandler                      0x080001b7   Thumb Code     0  startup_stm32f4xx.o(.text)
    CAN2_SCE_IRQHandler                      0x080001b7   Thumb Code     0  startup_stm32f4xx.o(.text)
    CAN2_TX_IRQHandler                       0x080001b7   Thumb Code     0  startup_stm32f4xx.o(.text)
    CRYP_IRQHandler                          0x080001b7   Thumb Code     0  startup_stm32f4xx.o(.text)
    DCMI_IRQHandler                          0x080001b7   Thumb Code     0  startup_stm32f4xx.o(.text)
    DMA1_Stream0_IRQHandler                  0x080001b7   Thumb Code     0  startup_stm32f4xx.o(.text)
    DMA1_Stream1_IRQHandler                  0x080001b7   Thumb Code     0  startup_stm32f4xx.o(.text)
    DMA1_Stream2_IRQHandler                  0x080001b7   Thumb Code     0  startup_stm32f4xx.o(.text)
    DMA1_Stream3_IRQHandler                  0x080001b7   Thumb Code     0  startup_stm32f4xx.o(.text)
    DMA1_Stream4_IRQHandler                  0x080001b7   Thumb Code     0  startup_stm32f4xx.o(.text)
    DMA1_Stream5_IRQHandler                  0x080001b7   Thumb Code     0  startup_stm32f4xx.o(.text)
    DMA1_Stream6_IRQHandler                  0x080001b7   Thumb Code     0  startup_stm32f4xx.o(.text)
    DMA1_Stream7_IRQHandler                  0x080001b7   Thumb Code     0  startup_stm32f4xx.o(.text)
    DMA2_Stream0_IRQHandler                  0x080001b7   Thumb Code     0  startup_stm32f4xx.o(.text)
    DMA2_Stream1_IRQHandler                  0x080001b7   Thumb Code     0  startup_stm32f4xx.o(.text)
    DMA2_Stream2_IRQHandler                  0x080001b7   Thumb Code     0  startup_stm32f4xx.o(.text)
    DMA2_Stream3_IRQHandler                  0x080001b7   Thumb Code     0  startup_stm32f4xx.o(.text)
    DMA2_Stream4_IRQHandler                  0x080001b7   Thumb Code     0  startup_stm32f4xx.o(.text)
    DMA2_Stream5_IRQHandler                  0x080001b7   Thumb Code     0  startup_stm32f4xx.o(.text)
    DMA2_Stream6_IRQHandler                  0x080001b7   Thumb Code     0  startup_stm32f4xx.o(.text)
    DMA2_Stream7_IRQHandler                  0x080001b7   Thumb Code     0  startup_stm32f4xx.o(.text)
    ETH_IRQHandler                           0x080001b7   Thumb Code     0  startup_stm32f4xx.o(.text)
    ETH_WKUP_IRQHandler                      0x080001b7   Thumb Code     0  startup_stm32f4xx.o(.text)
    EXTI0_IRQHandler                         0x080001b7   Thumb Code     0  startup_stm32f4xx.o(.text)
    EXTI15_10_IRQHandler                     0x080001b7   Thumb Code     0  startup_stm32f4xx.o(.text)
    EXTI1_IRQHandler                         0x080001b7   Thumb Code     0  startup_stm32f4xx.o(.text)
    EXTI2_IRQHandler                         0x080001b7   Thumb Code     0  startup_stm32f4xx.o(.text)
    EXTI3_IRQHandler                         0x080001b7   Thumb Code     0  startup_stm32f4xx.o(.text)
    EXTI4_IRQHandler                         0x080001b7   Thumb Code     0  startup_stm32f4xx.o(.text)
    EXTI9_5_IRQHandler                       0x080001b7   Thumb Code     0  startup_stm32f4xx.o(.text)
    FLASH_IRQHandler                         0x080001b7   Thumb Code     0  startup_stm32f4xx.o(.text)
    FPU_IRQHandler                           0x080001b7   Thumb Code     0  startup_stm32f4xx.o(.text)
    FSMC_IRQHandler                          0x080001b7   Thumb Code     0  startup_stm32f4xx.o(.text)
    HASH_RNG_IRQHandler                      0x080001b7   Thumb Code     0  startup_stm32f4xx.o(.text)
    I2C1_ER_IRQHandler                       0x080001b7   Thumb Code     0  startup_stm32f4xx.o(.text)
    I2C1_EV_IRQHandler                       0x080001b7   Thumb Code     0  startup_stm32f4xx.o(.text)
    I2C2_ER_IRQHandler                       0x080001b7   Thumb Code     0  startup_stm32f4xx.o(.text)
    I2C2_EV_IRQHandler                       0x080001b7   Thumb Code     0  startup_stm32f4xx.o(.text)
    I2C3_ER_IRQHandler                       0x080001b7   Thumb Code     0  startup_stm32f4xx.o(.text)
    I2C3_EV_IRQHandler                       0x080001b7   Thumb Code     0  startup_stm32f4xx.o(.text)
    OTG_FS_IRQHandler                        0x080001b7   Thumb Code     0  startup_stm32f4xx.o(.text)
    OTG_FS_WKUP_IRQHandler                   0x080001b7   Thumb Code     0  startup_stm32f4xx.o(.text)
    OTG_HS_EP1_IN_IRQHandler                 0x080001b7   Thumb Code     0  startup_stm32f4xx.o(.text)
    OTG_HS_EP1_OUT_IRQHandler                0x080001b7   Thumb Code     0  startup_stm32f4xx.o(.text)
    OTG_HS_IRQHandler                        0x080001b7   Thumb Code     0  startup_stm32f4xx.o(.text)
    OTG_HS_WKUP_IRQHandler                   0x080001b7   Thumb Code     0  startup_stm32f4xx.o(.text)
    PVD_IRQHandler                           0x080001b7   Thumb Code     0  startup_stm32f4xx.o(.text)
    RCC_IRQHandler                           0x080001b7   Thumb Code     0  startup_stm32f4xx.o(.text)
    RTC_Alarm_IRQHandler                     0x080001b7   Thumb Code     0  startup_stm32f4xx.o(.text)
    RTC_WKUP_IRQHandler                      0x080001b7   Thumb Code     0  startup_stm32f4xx.o(.text)
    SDIO_IRQHandler                          0x080001b7   Thumb Code     0  startup_stm32f4xx.o(.text)
    SPI1_IRQHandler                          0x080001b7   Thumb Code     0  startup_stm32f4xx.o(.text)
    SPI2_IRQHandler                          0x080001b7   Thumb Code     0  startup_stm32f4xx.o(.text)
    SPI3_IRQHandler                          0x080001b7   Thumb Code     0  startup_stm32f4xx.o(.text)
    TAMP_STAMP_IRQHandler                    0x080001b7   Thumb Code     0  startup_stm32f4xx.o(.text)
    TIM1_BRK_TIM9_IRQHandler                 0x080001b7   Thumb Code     0  startup_stm32f4xx.o(.text)
    TIM1_CC_IRQHandler                       0x080001b7   Thumb Code     0  startup_stm32f4xx.o(.text)
    TIM1_TRG_COM_TIM11_IRQHandler            0x080001b7   Thumb Code     0  startup_stm32f4xx.o(.text)
    TIM1_UP_TIM10_IRQHandler                 0x080001b7   Thumb Code     0  startup_stm32f4xx.o(.text)
    TIM2_IRQHandler                          0x080001b7   Thumb Code     0  startup_stm32f4xx.o(.text)
    TIM3_IRQHandler                          0x080001b7   Thumb Code     0  startup_stm32f4xx.o(.text)
    TIM5_IRQHandler                          0x080001b7   Thumb Code     0  startup_stm32f4xx.o(.text)
    TIM6_DAC_IRQHandler                      0x080001b7   Thumb Code     0  startup_stm32f4xx.o(.text)
    TIM7_IRQHandler                          0x080001b7   Thumb Code     0  startup_stm32f4xx.o(.text)
    TIM8_BRK_TIM12_IRQHandler                0x080001b7   Thumb Code     0  startup_stm32f4xx.o(.text)
    TIM8_CC_IRQHandler                       0x080001b7   Thumb Code     0  startup_stm32f4xx.o(.text)
    TIM8_TRG_COM_TIM14_IRQHandler            0x080001b7   Thumb Code     0  startup_stm32f4xx.o(.text)
    TIM8_UP_TIM13_IRQHandler                 0x080001b7   Thumb Code     0  startup_stm32f4xx.o(.text)
    UART4_IRQHandler                         0x080001b7   Thumb Code     0  startup_stm32f4xx.o(.text)
    UART5_IRQHandler                         0x080001b7   Thumb Code     0  startup_stm32f4xx.o(.text)
    USART2_IRQHandler                        0x080001b7   Thumb Code     0  startup_stm32f4xx.o(.text)
    USART3_IRQHandler                        0x080001b7   Thumb Code     0  startup_stm32f4xx.o(.text)
    USART6_IRQHandler                        0x080001b7   Thumb Code     0  startup_stm32f4xx.o(.text)
    WWDG_IRQHandler                          0x080001b7   Thumb Code     0  startup_stm32f4xx.o(.text)
    __aeabi_uldivmod                         0x080001c1   Thumb Code    98  uldiv.o(.text)
    __aeabi_llsl                             0x08000223   Thumb Code    30  llshl.o(.text)
    _ll_shift_l                              0x08000223   Thumb Code     0  llshl.o(.text)
    __scatterload                            0x08000241   Thumb Code    28  init.o(.text)
    __scatterload_rt2                        0x08000241   Thumb Code     0  init.o(.text)
    __aeabi_llsr                             0x08000265   Thumb Code    32  llushr.o(.text)
    _ll_ushift_r                             0x08000265   Thumb Code     0  llushr.o(.text)
    __decompress                             0x08000285   Thumb Code     0  __dczerorl2.o(.text)
    __decompress1                            0x08000285   Thumb Code    86  __dczerorl2.o(.text)
    All_Init                                 0x080002dd   Thumb Code    56  init.o(i.All_Init)
    BusFault_Handler                         0x08000319   Thumb Code     4  stm32f4xx_it.o(i.BusFault_Handler)
    Cam_Init                                 0x0800031d   Thumb Code   566  ov7670.o(i.Cam_Init)
    Cam_Start                                0x08000575   Thumb Code    24  ov7670.o(i.Cam_Start)
    DCMI_CROPCmd                             0x08000591   Thumb Code    30  stm32f4xx_dcmi.o(i.DCMI_CROPCmd)
    DCMI_CROPConfig                          0x080005b5   Thumb Code    26  stm32f4xx_dcmi.o(i.DCMI_CROPConfig)
    DCMI_CaptureCmd                          0x080005d5   Thumb Code    30  stm32f4xx_dcmi.o(i.DCMI_CaptureCmd)
    DCMI_Cmd                                 0x080005f9   Thumb Code    30  stm32f4xx_dcmi.o(i.DCMI_Cmd)
    DCMI_Init                                0x0800061d   Thumb Code    60  stm32f4xx_dcmi.o(i.DCMI_Init)
    DMA_Cmd                                  0x0800065d   Thumb Code    22  stm32f4xx_dma.o(i.DMA_Cmd)
    DMA_DeInit                               0x08000675   Thumb Code   324  stm32f4xx_dma.o(i.DMA_DeInit)
    DMA_GetCmdStatus                         0x080007cd   Thumb Code    20  stm32f4xx_dma.o(i.DMA_GetCmdStatus)
    DMA_Init                                 0x080007e1   Thumb Code    82  stm32f4xx_dma.o(i.DMA_Init)
    DebugMon_Handler                         0x08000839   Thumb Code     2  stm32f4xx_it.o(i.DebugMon_Handler)
    GPIO_Init                                0x0800083b   Thumb Code   144  stm32f4xx_gpio.o(i.GPIO_Init)
    GPIO_PinAFConfig                         0x080008cb   Thumb Code    70  stm32f4xx_gpio.o(i.GPIO_PinAFConfig)
    GPIO_ResetBits                           0x08000911   Thumb Code     4  stm32f4xx_gpio.o(i.GPIO_ResetBits)
    GPIO_SetBits                             0x08000915   Thumb Code     4  stm32f4xx_gpio.o(i.GPIO_SetBits)
    HardFault_Handler                        0x08000919   Thumb Code     4  stm32f4xx_it.o(i.HardFault_Handler)
    LED_GPIO_Conf                            0x0800091d   Thumb Code    60  led.o(i.LED_GPIO_Conf)
    LED_SET                                  0x0800095d   Thumb Code    30  led.o(i.LED_SET)
    MemManage_Handler                        0x08000981   Thumb Code     4  stm32f4xx_it.o(i.MemManage_Handler)
    NMI_Handler                              0x08000985   Thumb Code     2  stm32f4xx_it.o(i.NMI_Handler)
    NVIC_Init                                0x08000989   Thumb Code   106  misc.o(i.NVIC_Init)
    NVIC_PriorityGroupConfig                 0x08000a01   Thumb Code    10  misc.o(i.NVIC_PriorityGroupConfig)
    OV7670_Init                              0x08000a15   Thumb Code    60  ov7670.o(i.OV7670_Init)
    OV_ReadID                                0x08000a55   Thumb Code    16  ov7670.o(i.OV_ReadID)
    OV_ReadReg                               0x08000a65   Thumb Code   102  ov7670.o(i.OV_ReadReg)
    OV_Reset                                 0x08000acb   Thumb Code    12  ov7670.o(i.OV_Reset)
    OV_WriteReg                              0x08000ad7   Thumb Code    78  ov7670.o(i.OV_WriteReg)
    PWM_Out_Init                             0x08000b25   Thumb Code   510  pwm_out.o(i.PWM_Out_Init)
    PendSV_Handler                           0x08000d3d   Thumb Code     2  stm32f4xx_it.o(i.PendSV_Handler)
    RCC_AHB1PeriphClockCmd                   0x08000d41   Thumb Code    26  stm32f4xx_rcc.o(i.RCC_AHB1PeriphClockCmd)
    RCC_AHB2PeriphClockCmd                   0x08000d61   Thumb Code    26  stm32f4xx_rcc.o(i.RCC_AHB2PeriphClockCmd)
    RCC_APB1PeriphClockCmd                   0x08000d81   Thumb Code    26  stm32f4xx_rcc.o(i.RCC_APB1PeriphClockCmd)
    RCC_APB2PeriphClockCmd                   0x08000da1   Thumb Code    26  stm32f4xx_rcc.o(i.RCC_APB2PeriphClockCmd)
    RCC_GetClocksFreq                        0x08000dc1   Thumb Code   190  stm32f4xx_rcc.o(i.RCC_GetClocksFreq)
    RCC_MCO1Config                           0x08000e95   Thumb Code    24  stm32f4xx_rcc.o(i.RCC_MCO1Config)
    SCCB_Init                                0x08000eb1   Thumb Code    50  ov7670.o(i.SCCB_Init)
    SCCB_Read                                0x08000ee9   Thumb Code    84  ov7670.o(i.SCCB_Read)
    SCCB_SID_IN                              0x08000f41   Thumb Code    36  ov7670.o(i.SCCB_SID_IN)
    SCCB_SID_OUT                             0x08000f69   Thumb Code    42  ov7670.o(i.SCCB_SID_OUT)
    SCCB_Start                               0x08000f99   Thumb Code    64  ov7670.o(i.SCCB_Start)
    SCCB_Stop                                0x08000fdd   Thumb Code    50  ov7670.o(i.SCCB_Stop)
    SCCB_Write                               0x08001015   Thumb Code   154  ov7670.o(i.SCCB_Write)
    SVC_Handler                              0x080010b5   Thumb Code     2  stm32f4xx_it.o(i.SVC_Handler)
    SetPwm_1                                 0x080010b9   Thumb Code   100  pwm_out.o(i.SetPwm_1)
    SysTick_Handler                          0x0800120d   Thumb Code     8  stm32f4xx_it.o(i.SysTick_Handler)
    SysTick_Init                             0x08001215   Thumb Code    90  delay.o(i.SysTick_Init)
    SystemInit                               0x08001281   Thumb Code    88  system_stm32f4xx.o(i.SystemInit)
    TIM4_IRQHandler                          0x080012e9   Thumb Code    46  usmart.o(i.TIM4_IRQHandler)
    TIM_ARRPreloadConfig                     0x08001321   Thumb Code    24  stm32f4xx_tim.o(i.TIM_ARRPreloadConfig)
    TIM_ClearFlag                            0x08001339   Thumb Code     6  stm32f4xx_tim.o(i.TIM_ClearFlag)
    TIM_ClearITPendingBit                    0x0800133f   Thumb Code     6  stm32f4xx_tim.o(i.TIM_ClearITPendingBit)
    TIM_Cmd                                  0x08001345   Thumb Code    24  stm32f4xx_tim.o(i.TIM_Cmd)
    TIM_CtrlPWMOutputs                       0x0800135d   Thumb Code    30  stm32f4xx_tim.o(i.TIM_CtrlPWMOutputs)
    TIM_GetCounter                           0x0800137b   Thumb Code     6  stm32f4xx_tim.o(i.TIM_GetCounter)
    TIM_GetFlagStatus                        0x08001381   Thumb Code    18  stm32f4xx_tim.o(i.TIM_GetFlagStatus)
    TIM_GetITStatus                          0x08001393   Thumb Code    34  stm32f4xx_tim.o(i.TIM_GetITStatus)
    TIM_ITConfig                             0x080013b5   Thumb Code    18  stm32f4xx_tim.o(i.TIM_ITConfig)
    TIM_OC1Init                              0x080013c9   Thumb Code   114  stm32f4xx_tim.o(i.TIM_OC1Init)
    TIM_OC2Init                              0x08001445   Thumb Code   154  stm32f4xx_tim.o(i.TIM_OC2Init)
    TIM_OC3Init                              0x080014e9   Thumb Code   150  stm32f4xx_tim.o(i.TIM_OC3Init)
    TIM_OC3PreloadConfig                     0x08001589   Thumb Code    18  stm32f4xx_tim.o(i.TIM_OC3PreloadConfig)
    TIM_OC4Init                              0x0800159d   Thumb Code   112  stm32f4xx_tim.o(i.TIM_OC4Init)
    TIM_OC4PreloadConfig                     0x08001615   Thumb Code    26  stm32f4xx_tim.o(i.TIM_OC4PreloadConfig)
    TIM_OCStructInit                         0x0800162f   Thumb Code    20  stm32f4xx_tim.o(i.TIM_OCStructInit)
    TIM_SetAutoreload                        0x08001643   Thumb Code     4  stm32f4xx_tim.o(i.TIM_SetAutoreload)
    TIM_SetCounter                           0x08001647   Thumb Code     4  stm32f4xx_tim.o(i.TIM_SetCounter)
    TIM_TimeBaseInit                         0x0800164d   Thumb Code   104  stm32f4xx_tim.o(i.TIM_TimeBaseInit)
    TIM_TimeBaseStructInit                   0x080016d1   Thumb Code    18  stm32f4xx_tim.o(i.TIM_TimeBaseStructInit)
    TimeTick_Decrement                       0x080016e5   Thumb Code    18  delay.o(i.TimeTick_Decrement)
    Timer4_Init                              0x080016fd   Thumb Code    86  usmart.o(i.Timer4_Init)
    USART1_IRQHandler                        0x08001759   Thumb Code   122  usart.o(i.USART1_IRQHandler)
    USART_ClockInit                          0x080017e1   Thumb Code    32  stm32f4xx_usart.o(i.USART_ClockInit)
    USART_Cmd                                0x08001801   Thumb Code    24  stm32f4xx_usart.o(i.USART_Cmd)
    USART_GetFlagStatus                      0x08001819   Thumb Code    26  stm32f4xx_usart.o(i.USART_GetFlagStatus)
    USART_GetITStatus                        0x08001833   Thumb Code    84  stm32f4xx_usart.o(i.USART_GetITStatus)
    USART_ITConfig                           0x08001887   Thumb Code    74  stm32f4xx_usart.o(i.USART_ITConfig)
    USART_Init                               0x080018d1   Thumb Code   204  stm32f4xx_usart.o(i.USART_Init)
    USART_ReceiveData                        0x080019a5   Thumb Code    10  stm32f4xx_usart.o(i.USART_ReceiveData)
    USART_SendData                           0x080019af   Thumb Code     8  stm32f4xx_usart.o(i.USART_SendData)
    USART_SendString                         0x080019b7   Thumb Code    40  usart.o(i.USART_SendString)
    UsageFault_Handler                       0x080019df   Thumb Code     4  stm32f4xx_it.o(i.UsageFault_Handler)
    Usart2_Init                              0x080019e5   Thumb Code   230  usart.o(i.Usart2_Init)
    __0printf$8                              0x08001ad5   Thumb Code    22  printf8.o(i.__0printf$8)
    __1printf$8                              0x08001ad5   Thumb Code     0  printf8.o(i.__0printf$8)
    __2printf                                0x08001ad5   Thumb Code     0  printf8.o(i.__0printf$8)
    __scatterload_copy                       0x08001af5   Thumb Code    14  handlers.o(i.__scatterload_copy)
    __scatterload_null                       0x08001b03   Thumb Code     2  handlers.o(i.__scatterload_null)
    __scatterload_zeroinit                   0x08001b05   Thumb Code    14  handlers.o(i.__scatterload_zeroinit)
    ctrl_pwm                                 0x08001f79   Thumb Code    92  ctrl.o(i.ctrl_pwm)
    delay_1ms                                0x08001fd9   Thumb Code    20  delay.o(i.delay_1ms)
    delay_ms                                 0x08001ff1   Thumb Code    20  delay.o(i.delay_ms)
    delay_us                                 0x08002005   Thumb Code    16  delay.o(i.delay_us)
    fputc                                    0x08002019   Thumb Code    22  usart.o(i.fputc)
    main                                     0x08002035   Thumb Code   126  main.o(i.main)
    noAck                                    0x080020c9   Thumb Code    64  ov7670.o(i.noAck)
    read_addr                                0x0800210d   Thumb Code     6  usmart.o(i.read_addr)
    uart_init                                0x08002115   Thumb Code   164  usart.o(i.uart_init)
    usmart_cmd_rec                           0x080021c1   Thumb Code   170  usmart.o(i.usmart_cmd_rec)
    usmart_exe                               0x08002271   Thumb Code   632  usmart.o(i.usmart_exe)
    usmart_get_aparm                         0x08002545   Thumb Code   200  usmart_str.o(i.usmart_get_aparm)
    usmart_get_cmdname                       0x0800260d   Thumb Code    54  usmart_str.o(i.usmart_get_cmdname)
    usmart_get_fname                         0x08002645   Thumb Code   440  usmart_str.o(i.usmart_get_fname)
    usmart_get_fparam                        0x08002805   Thumb Code   262  usmart_str.o(i.usmart_get_fparam)
    usmart_get_parmpos                       0x08002911   Thumb Code    26  usmart_str.o(i.usmart_get_parmpos)
    usmart_get_runtime                       0x08002931   Thumb Code    60  usmart.o(i.usmart_get_runtime)
    usmart_init                              0x08002975   Thumb Code    36  usmart.o(i.usmart_init)
    usmart_pow                               0x0800299d   Thumb Code    22  usmart_str.o(i.usmart_pow)
    usmart_reset_runtime                     0x080029b5   Thumb Code    38  usmart.o(i.usmart_reset_runtime)
    usmart_scan                              0x080029e5   Thumb Code   120  usmart.o(i.usmart_scan)
    usmart_search_nextc                      0x08002aa1   Thumb Code    22  usmart_str.o(i.usmart_search_nextc)
    usmart_str2num                           0x08002ab7   Thumb Code   202  usmart_str.o(i.usmart_str2num)
    usmart_strcmp                            0x08002b81   Thumb Code    34  usmart_str.o(i.usmart_strcmp)
    usmart_strcopy                           0x08002ba3   Thumb Code    22  usmart_str.o(i.usmart_strcopy)
    usmart_strlen                            0x08002bb9   Thumb Code    24  usmart_str.o(i.usmart_strlen)
    usmart_sys_cmd_exe                       0x08002bd1   Thumb Code  1554  usmart.o(i.usmart_sys_cmd_exe)
    write_addr                               0x080032b5   Thumb Code     4  usmart.o(i.write_addr)
    Region$$Table$$Base                      0x0800374c   Number         0  anon$$obj.o(Region$$Table)
    Region$$Table$$Limit                     0x0800376c   Number         0  anon$$obj.o(Region$$Table)
    jpeg_data_len                            0x20000000   Data           4  main.o(.data)
    Init_Finish                              0x20000004   Data           1  main.o(.data)
    pwm                                      0x20000006   Data           8  ctrl.o(.data)
    CH                                       0x2000000e   Data           8  ctrl.o(.data)
    __stdout                                 0x2000001c   Data           4  usart.o(.data)
    USART_RX_STA                             0x20000020   Data           2  usart.o(.data)
    TxCounter                                0x20000022   Data           1  usart.o(.data)
    count                                    0x20000023   Data           1  usart.o(.data)
    SystemCoreClock                          0x20000034   Data           4  system_stm32f4xx.o(.data)
    AHBPrescTable                            0x20000038   Data          16  system_stm32f4xx.o(.data)
    sys_cmd_tab                              0x20000048   Data          28  usmart.o(.data)
    usmart_nametab                           0x20000064   Data          40  usmart_config.o(.data)
    usmart_dev                               0x2000008c   Data         244  usmart_config.o(.data)
    USART_RX_BUF                             0x20000180   Data         200  usart.o(.bss)
    TxBuffer                                 0x20000248   Data         256  usart.o(.bss)
    Rx_Buf                                   0x20000348   Data         256  usart.o(.bss)
    jpeg_buf                                 0x20000448   Data       76800  ov7670.o(.bss)
    __initial_sp                             0x20013448   Data           0  startup_stm32f4xx.o(STACK)



==============================================================================

Memory Map of the image

  Image Entry point : 0x08000189

  Load Region LR_IROM1 (Base: 0x08000000, Size: 0x000038ec, Max: 0x00080000, ABSOLUTE, COMPRESSED[0x000037dc])

    Execution Region ER_IROM1 (Base: 0x08000000, Size: 0x0000376c, Max: 0x00080000, ABSOLUTE)

    Base Addr    Size         Type   Attr      Idx    E Section Name        Object

    0x08000000   0x00000188   Data   RO         2424    RESET               startup_stm32f4xx.o
    0x08000188   0x00000000   Code   RO         2612  * .ARM.Collect$$$$00000000  mc_w.l(entry.o)
    0x08000188   0x00000004   Code   RO         2888    .ARM.Collect$$$$00000001  mc_w.l(entry2.o)
    0x0800018c   0x00000004   Code   RO         2891    .ARM.Collect$$$$00000004  mc_w.l(entry5.o)
    0x08000190   0x00000000   Code   RO         2893    .ARM.Collect$$$$00000008  mc_w.l(entry7b.o)
    0x08000190   0x00000000   Code   RO         2895    .ARM.Collect$$$$0000000A  mc_w.l(entry8b.o)
    0x08000190   0x00000008   Code   RO         2896    .ARM.Collect$$$$0000000B  mc_w.l(entry9a.o)
    0x08000198   0x00000000   Code   RO         2898    .ARM.Collect$$$$0000000D  mc_w.l(entry10a.o)
    0x08000198   0x00000000   Code   RO         2900    .ARM.Collect$$$$0000000F  mc_w.l(entry11a.o)
    0x08000198   0x00000004   Code   RO         2889    .ARM.Collect$$$$00002712  mc_w.l(entry2.o)
    0x0800019c   0x00000024   Code   RO         2425    .text               startup_stm32f4xx.o
    0x080001c0   0x00000062   Code   RO         2904    .text               mc_w.l(uldiv.o)
    0x08000222   0x0000001e   Code   RO         2906    .text               mc_w.l(llshl.o)
    0x08000240   0x00000024   Code   RO         2919    .text               mc_w.l(init.o)
    0x08000264   0x00000020   Code   RO         2921    .text               mc_w.l(llushr.o)
    0x08000284   0x00000056   Code   RO         2931    .text               mc_w.l(__dczerorl2.o)
    0x080002da   0x00000002   PAD
    0x080002dc   0x0000003c   Code   RO          228    i.All_Init          init.o
    0x08000318   0x00000004   Code   RO          116    i.BusFault_Handler  stm32f4xx_it.o
    0x0800031c   0x00000258   Code   RO          388    i.Cam_Init          ov7670.o
    0x08000574   0x0000001c   Code   RO          389    i.Cam_Start         ov7670.o
    0x08000590   0x00000024   Code   RO         2244    i.DCMI_CROPCmd      stm32f4xx_dcmi.o
    0x080005b4   0x00000020   Code   RO         2245    i.DCMI_CROPConfig   stm32f4xx_dcmi.o
    0x080005d4   0x00000024   Code   RO         2246    i.DCMI_CaptureCmd   stm32f4xx_dcmi.o
    0x080005f8   0x00000024   Code   RO         2249    i.DCMI_Cmd          stm32f4xx_dcmi.o
    0x0800061c   0x00000040   Code   RO         2254    i.DCMI_Init         stm32f4xx_dcmi.o
    0x0800065c   0x00000016   Code   RO         2122    i.DMA_Cmd           stm32f4xx_dma.o
    0x08000672   0x00000002   PAD
    0x08000674   0x00000158   Code   RO         2123    i.DMA_DeInit        stm32f4xx_dma.o
    0x080007cc   0x00000014   Code   RO         2127    i.DMA_GetCmdStatus  stm32f4xx_dma.o
    0x080007e0   0x00000058   Code   RO         2134    i.DMA_Init          stm32f4xx_dma.o
    0x08000838   0x00000002   Code   RO          117    i.DebugMon_Handler  stm32f4xx_it.o
    0x0800083a   0x00000090   Code   RO          846    i.GPIO_Init         stm32f4xx_gpio.o
    0x080008ca   0x00000046   Code   RO          847    i.GPIO_PinAFConfig  stm32f4xx_gpio.o
    0x08000910   0x00000004   Code   RO          853    i.GPIO_ResetBits    stm32f4xx_gpio.o
    0x08000914   0x00000004   Code   RO          854    i.GPIO_SetBits      stm32f4xx_gpio.o
    0x08000918   0x00000004   Code   RO          118    i.HardFault_Handler  stm32f4xx_it.o
    0x0800091c   0x00000040   Code   RO          294    i.LED_GPIO_Conf     led.o
    0x0800095c   0x00000024   Code   RO          295    i.LED_SET           led.o
    0x08000980   0x00000004   Code   RO          119    i.MemManage_Handler  stm32f4xx_it.o
    0x08000984   0x00000002   Code   RO          120    i.NMI_Handler       stm32f4xx_it.o
    0x08000986   0x00000002   PAD
    0x08000988   0x00000078   Code   RO          620    i.NVIC_Init         misc.o
    0x08000a00   0x00000014   Code   RO          621    i.NVIC_PriorityGroupConfig  misc.o
    0x08000a14   0x00000040   Code   RO          391    i.OV7670_Init       ov7670.o
    0x08000a54   0x00000010   Code   RO          392    i.OV_ReadID         ov7670.o
    0x08000a64   0x00000066   Code   RO          393    i.OV_ReadReg        ov7670.o
    0x08000aca   0x0000000c   Code   RO          394    i.OV_Reset          ov7670.o
    0x08000ad6   0x0000004e   Code   RO          395    i.OV_WriteReg       ov7670.o
    0x08000b24   0x00000218   Code   RO          504    i.PWM_Out_Init      pwm_out.o
    0x08000d3c   0x00000002   Code   RO          121    i.PendSV_Handler    stm32f4xx_it.o
    0x08000d3e   0x00000002   PAD
    0x08000d40   0x00000020   Code   RO         1123    i.RCC_AHB1PeriphClockCmd  stm32f4xx_rcc.o
    0x08000d60   0x00000020   Code   RO         1126    i.RCC_AHB2PeriphClockCmd  stm32f4xx_rcc.o
    0x08000d80   0x00000020   Code   RO         1132    i.RCC_APB1PeriphClockCmd  stm32f4xx_rcc.o
    0x08000da0   0x00000020   Code   RO         1135    i.RCC_APB2PeriphClockCmd  stm32f4xx_rcc.o
    0x08000dc0   0x000000d4   Code   RO         1144    i.RCC_GetClocksFreq  stm32f4xx_rcc.o
    0x08000e94   0x0000001c   Code   RO         1155    i.RCC_MCO1Config    stm32f4xx_rcc.o
    0x08000eb0   0x00000038   Code   RO          396    i.SCCB_Init         ov7670.o
    0x08000ee8   0x00000058   Code   RO          397    i.SCCB_Read         ov7670.o
    0x08000f40   0x00000028   Code   RO          398    i.SCCB_SID_IN       ov7670.o
    0x08000f68   0x00000030   Code   RO          399    i.SCCB_SID_OUT      ov7670.o
    0x08000f98   0x00000044   Code   RO          400    i.SCCB_Start        ov7670.o
    0x08000fdc   0x00000038   Code   RO          401    i.SCCB_Stop         ov7670.o
    0x08001014   0x000000a0   Code   RO          402    i.SCCB_Write        ov7670.o
    0x080010b4   0x00000002   Code   RO          122    i.SVC_Handler       stm32f4xx_it.o
    0x080010b6   0x00000002   PAD
    0x080010b8   0x00000068   Code   RO          505    i.SetPwm_1          pwm_out.o
    0x08001120   0x000000ec   Code   RO         2390    i.SetSysClock       system_stm32f4xx.o
    0x0800120c   0x00000008   Code   RO          123    i.SysTick_Handler   stm32f4xx_it.o
    0x08001214   0x0000006c   Code   RO          248    i.SysTick_Init      delay.o
    0x08001280   0x00000068   Code   RO         2392    i.SystemInit        system_stm32f4xx.o
    0x080012e8   0x00000038   Code   RO         2440    i.TIM4_IRQHandler   usmart.o
    0x08001320   0x00000018   Code   RO         1566    i.TIM_ARRPreloadConfig  stm32f4xx_tim.o
    0x08001338   0x00000006   Code   RO         1572    i.TIM_ClearFlag     stm32f4xx_tim.o
    0x0800133e   0x00000006   Code   RO         1573    i.TIM_ClearITPendingBit  stm32f4xx_tim.o
    0x08001344   0x00000018   Code   RO         1578    i.TIM_Cmd           stm32f4xx_tim.o
    0x0800135c   0x0000001e   Code   RO         1580    i.TIM_CtrlPWMOutputs  stm32f4xx_tim.o
    0x0800137a   0x00000006   Code   RO         1597    i.TIM_GetCounter    stm32f4xx_tim.o
    0x08001380   0x00000012   Code   RO         1598    i.TIM_GetFlagStatus  stm32f4xx_tim.o
    0x08001392   0x00000022   Code   RO         1599    i.TIM_GetITStatus   stm32f4xx_tim.o
    0x080013b4   0x00000012   Code   RO         1603    i.TIM_ITConfig      stm32f4xx_tim.o
    0x080013c6   0x00000002   PAD
    0x080013c8   0x0000007c   Code   RO         1607    i.TIM_OC1Init       stm32f4xx_tim.o
    0x08001444   0x000000a4   Code   RO         1612    i.TIM_OC2Init       stm32f4xx_tim.o
    0x080014e8   0x000000a0   Code   RO         1617    i.TIM_OC3Init       stm32f4xx_tim.o
    0x08001588   0x00000012   Code   RO         1620    i.TIM_OC3PreloadConfig  stm32f4xx_tim.o
    0x0800159a   0x00000002   PAD
    0x0800159c   0x00000078   Code   RO         1622    i.TIM_OC4Init       stm32f4xx_tim.o
    0x08001614   0x0000001a   Code   RO         1624    i.TIM_OC4PreloadConfig  stm32f4xx_tim.o
    0x0800162e   0x00000014   Code   RO         1625    i.TIM_OCStructInit  stm32f4xx_tim.o
    0x08001642   0x00000004   Code   RO         1638    i.TIM_SetAutoreload  stm32f4xx_tim.o
    0x08001646   0x00000004   Code   RO         1644    i.TIM_SetCounter    stm32f4xx_tim.o
    0x0800164a   0x00000002   PAD
    0x0800164c   0x00000084   Code   RO         1650    i.TIM_TimeBaseInit  stm32f4xx_tim.o
    0x080016d0   0x00000012   Code   RO         1651    i.TIM_TimeBaseStructInit  stm32f4xx_tim.o
    0x080016e2   0x00000002   PAD
    0x080016e4   0x00000018   Code   RO          249    i.TimeTick_Decrement  delay.o
    0x080016fc   0x0000005c   Code   RO         2441    i.Timer4_Init       usmart.o
    0x08001758   0x00000088   Code   RO          316    i.USART1_IRQHandler  usart.o
    0x080017e0   0x00000020   Code   RO          941    i.USART_ClockInit   stm32f4xx_usart.o
    0x08001800   0x00000018   Code   RO          943    i.USART_Cmd         stm32f4xx_usart.o
    0x08001818   0x0000001a   Code   RO          946    i.USART_GetFlagStatus  stm32f4xx_usart.o
    0x08001832   0x00000054   Code   RO          947    i.USART_GetITStatus  stm32f4xx_usart.o
    0x08001886   0x0000004a   Code   RO          949    i.USART_ITConfig    stm32f4xx_usart.o
    0x080018d0   0x000000d4   Code   RO          950    i.USART_Init        stm32f4xx_usart.o
    0x080019a4   0x0000000a   Code   RO          957    i.USART_ReceiveData  stm32f4xx_usart.o
    0x080019ae   0x00000008   Code   RO          960    i.USART_SendData    stm32f4xx_usart.o
    0x080019b6   0x00000028   Code   RO          317    i.USART_SendString  usart.o
    0x080019de   0x00000004   Code   RO          124    i.UsageFault_Handler  stm32f4xx_it.o
    0x080019e2   0x00000002   PAD
    0x080019e4   0x000000f0   Code   RO          319    i.Usart2_Init       usart.o
    0x08001ad4   0x00000020   Code   RO         2822    i.__0printf$8       mc_w.l(printf8.o)
    0x08001af4   0x0000000e   Code   RO         2925    i.__scatterload_copy  mc_w.l(handlers.o)
    0x08001b02   0x00000002   Code   RO         2926    i.__scatterload_null  mc_w.l(handlers.o)
    0x08001b04   0x0000000e   Code   RO         2927    i.__scatterload_zeroinit  mc_w.l(handlers.o)
    0x08001b12   0x00000002   PAD
    0x08001b14   0x00000410   Code   RO         2829    i._printf_core      mc_w.l(printf8.o)
    0x08001f24   0x00000024   Code   RO         2830    i._printf_post_padding  mc_w.l(printf8.o)
    0x08001f48   0x0000002e   Code   RO         2831    i._printf_pre_padding  mc_w.l(printf8.o)
    0x08001f76   0x00000002   PAD
    0x08001f78   0x00000060   Code   RO          183    i.ctrl_pwm          ctrl.o
    0x08001fd8   0x00000018   Code   RO          250    i.delay_1ms         delay.o
    0x08001ff0   0x00000014   Code   RO          251    i.delay_ms          delay.o
    0x08002004   0x00000014   Code   RO          252    i.delay_us          delay.o
    0x08002018   0x0000001c   Code   RO          322    i.fputc             usart.o
    0x08002034   0x00000094   Code   RO            2    i.main              main.o
    0x080020c8   0x00000044   Code   RO          403    i.noAck             ov7670.o
    0x0800210c   0x00000006   Code   RO         2442    i.read_addr         usmart.o
    0x08002112   0x00000002   PAD
    0x08002114   0x000000ac   Code   RO          323    i.uart_init         usart.o
    0x080021c0   0x000000b0   Code   RO         2443    i.usmart_cmd_rec    usmart.o
    0x08002270   0x000002d4   Code   RO         2444    i.usmart_exe        usmart.o
    0x08002544   0x000000c8   Code   RO         2537    i.usmart_get_aparm  usmart_str.o
    0x0800260c   0x00000036   Code   RO         2538    i.usmart_get_cmdname  usmart_str.o
    0x08002642   0x00000002   PAD
    0x08002644   0x000001c0   Code   RO         2539    i.usmart_get_fname  usmart_str.o
    0x08002804   0x0000010c   Code   RO         2540    i.usmart_get_fparam  usmart_str.o
    0x08002910   0x00000020   Code   RO         2541    i.usmart_get_parmpos  usmart_str.o
    0x08002930   0x00000044   Code   RO         2445    i.usmart_get_runtime  usmart.o
    0x08002974   0x00000028   Code   RO         2446    i.usmart_init       usmart.o
    0x0800299c   0x00000016   Code   RO         2542    i.usmart_pow        usmart_str.o
    0x080029b2   0x00000002   PAD
    0x080029b4   0x00000030   Code   RO         2447    i.usmart_reset_runtime  usmart.o
    0x080029e4   0x000000bc   Code   RO         2448    i.usmart_scan       usmart.o
    0x08002aa0   0x00000016   Code   RO         2543    i.usmart_search_nextc  usmart_str.o
    0x08002ab6   0x000000ca   Code   RO         2544    i.usmart_str2num    usmart_str.o
    0x08002b80   0x00000022   Code   RO         2545    i.usmart_strcmp     usmart_str.o
    0x08002ba2   0x00000016   Code   RO         2546    i.usmart_strcopy    usmart_str.o
    0x08002bb8   0x00000018   Code   RO         2547    i.usmart_strlen     usmart_str.o
    0x08002bd0   0x000006e4   Code   RO         2449    i.usmart_sys_cmd_exe  usmart.o
    0x080032b4   0x00000004   Code   RO         2450    i.write_addr        usmart.o
    0x080032b8   0x000003e6   Data   RO          405    .constdata          ov7670.o
    0x0800369e   0x00000002   PAD
    0x080036a0   0x00000028   Data   RO         2451    .conststring        usmart.o
    0x080036c8   0x00000083   Data   RO         2520    .conststring        usmart_config.o
    0x0800374b   0x00000001   PAD
    0x0800374c   0x00000020   Data   RO         2923    Region$$Table       anon$$obj.o


    Execution Region RW_IRAM1 (Base: 0x20000000, Size: 0x00013448, Max: 0x00020000, ABSOLUTE, COMPRESSED[0x00000070])

    Base Addr    Size         Type   Attr      Idx    E Section Name        Object

    0x20000000   0x00000005   Data   RW            4    .data               main.o
    0x20000005   0x00000001   PAD
    0x20000006   0x00000010   Data   RW          186    .data               ctrl.o
    0x20000016   0x00000002   PAD
    0x20000018   0x00000004   Data   RW          253    .data               delay.o
    0x2000001c   0x00000008   Data   RW          325    .data               usart.o
    0x20000024   0x00000010   Data   RW         1167    .data               stm32f4xx_rcc.o
    0x20000034   0x00000014   Data   RW         2393    .data               system_stm32f4xx.o
    0x20000048   0x0000001c   Data   RW         2452    .data               usmart.o
    0x20000064   0x0000011c   Data   RW         2521    .data               usmart_config.o
    0x20000180   0x000002c8   Zero   RW          324    .bss                usart.o
    0x20000448   0x00012c00   Zero   RW          404    .bss                ov7670.o
    0x20013048   0x00000400   Zero   RW         2422    STACK               startup_stm32f4xx.o


==============================================================================

Image component sizes


      Code (inc. data)   RO Data    RW Data    ZI Data      Debug   Object Name

        96          4          0         16          0       1419   ctrl.o
       196         32          0          4          0      21353   delay.o
        60          4          0          0          0        511   init.o
       100         10          0          0          0       1050   led.o
       148         22          0          5          0     277474   main.o
       140         24          0          0          0       1579   misc.o
      1484         82        998          0      76800      10497   ov7670.o
       640         30          0          0          0       2122   pwm_out.o
        36          8        392          0       1024        824   startup_stm32f4xx.o
       204         28          0          0          0       3094   stm32f4xx_dcmi.o
       474         26          0          0          0       3729   stm32f4xx_dma.o
       222          0          0          0          0       2939   stm32f4xx_gpio.o
        32          0          0          0          0       4170   stm32f4xx_it.o
       368         50          0         16          0       5649   stm32f4xx_rcc.o
       956         66          0          0          0      13102   stm32f4xx_tim.o
       470          8          0          0          0       6171   stm32f4xx_usart.o
       340         32          0         20          0       1893   system_stm32f4xx.o
       616         38          0          8        712       5409   usart.o
      3166       1332         40         28          0       7822   usmart.o
         0          0        131        284          0       1532   usmart_config.o
      1328         20          0          0          0       8613   usmart_str.o

    ----------------------------------------------------------------------
     11100       1816       1596        384      78536     380952   Object Totals
         0          0         32          0          0          0   (incl. Generated)
        24          0          3          3          0          0   (incl. Padding)

    ----------------------------------------------------------------------

      Code (inc. data)   RO Data    RW Data    ZI Data      Debug   Library Member Name

        86          0          0          0          0          0   __dczerorl2.o
         0          0          0          0          0          0   entry.o
         0          0          0          0          0          0   entry10a.o
         0          0          0          0          0          0   entry11a.o
         8          4          0          0          0          0   entry2.o
         4          0          0          0          0          0   entry5.o
         0          0          0          0          0          0   entry7b.o
         0          0          0          0          0          0   entry8b.o
         8          4          0          0          0          0   entry9a.o
        30          0          0          0          0          0   handlers.o
        36          8          0          0          0         68   init.o
        30          0          0          0          0         68   llshl.o
        32          0          0          0          0         68   llushr.o
      1154         54          0          0          0        352   printf8.o
        98          0          0          0          0         92   uldiv.o

    ----------------------------------------------------------------------
      1492         70          0          0          0        648   Library Totals
         6          0          0          0          0          0   (incl. Padding)

    ----------------------------------------------------------------------

      Code (inc. data)   RO Data    RW Data    ZI Data      Debug   Library Name

      1486         70          0          0          0        648   mc_w.l

    ----------------------------------------------------------------------
      1492         70          0          0          0        648   Library Totals

    ----------------------------------------------------------------------

==============================================================================


      Code (inc. data)   RO Data    RW Data    ZI Data      Debug   

     12592       1886       1596        384      78536     370724   Grand Totals
     12592       1886       1596        112      78536     370724   ELF Image Totals (compressed)
     12592       1886       1596        112          0          0   ROM Totals

==============================================================================

    Total RO  Size (Code + RO Data)                14188 (  13.86kB)
    Total RW  Size (RW Data + ZI Data)             78920 (  77.07kB)
    Total ROM Size (Code + RO Data + RW Data)      14300 (  13.96kB)

==============================================================================

